[23:39:33 CST 2026/05/16] [INFO] (main.go:main.main:60) Logger initialized successfully with level: info

[23:39:33 CST 2026/05/16] [INFO] (main.go:main.main:62) XMySQL Server starting...
[23:39:33 CST 2026/05/16] [WARN] (mysql_user_data.go:github.com/zhukovaskychina/xmysql-server/server/innodb/manager.(*StorageManager).InitializeMySQLUserData:781) Warning: Enhanced B+tree verification warning: consistency check failed: page 128 record count mismatch
[23:39:33 CST 2026/05/16] [INFO] (enginx.go:github.com/zhukovaskychina/xmysql-server/server/innodb/engine.(*XMySQLEngine).initRecoveryLayer:216) No checkpoint found, starting recovery from LSN 0
[23:39:33 CST 2026/05/16] [WARN] (mysql_user_data.go:github.com/zhukovaskychina/xmysql-server/server/innodb/manager.(*StorageManager).InitializeMySQLUserData:781) Warning: Enhanced B+tree verification warning: consistency check failed: page 64 record count mismatch
[23:39:33 CST 2026/05/16] [INFO] (enginx.go:github.com/zhukovaskychina/xmysql-server/server/innodb/engine.(*XMySQLEngine).initRecoveryLayer:216) No checkpoint found, starting recovery from LSN 0
[23:39:33 CST 2026/05/16] [INFO] (main.go:main.main:66) Starting MySQL server...
[23:39:33 CST 2026/05/16] [INFO] (enginx.go:github.com/zhukovaskychina/xmysql-server/server/innodb/engine.(*XMySQLEngine).Start:75) 🚀 Starting XMySQL Engine...
[23:39:33 CST 2026/05/16] [INFO] (enginx.go:github.com/zhukovaskychina/xmysql-server/server/innodb/engine.(*XMySQLEngine).Start:78) 🏥 Performing crash recovery...
[23:39:33 CST 2026/05/16] [INFO] (enginx.go:github.com/zhukovaskychina/xmysql-server/server/innodb/engine.(*XMySQLEngine).Start:82) ✅ Crash recovery completed successfully
[23:39:33 CST 2026/05/16] [INFO] (enginx.go:github.com/zhukovaskychina/xmysql-server/server/innodb/engine.(*XMySQLEngine).Start:85) 💾 Starting Checkpoint Manager...
[23:39:33 CST 2026/05/16] [INFO] (storage_integrated_checkpoint.go:github.com/zhukovaskychina/xmysql-server/server/innodb/engine.(*CheckpointManager).Start:103) 🚀 启动检查点管理器
[23:39:33 CST 2026/05/16] [INFO] (storage_integrated_checkpoint.go:github.com/zhukovaskychina/xmysql-server/server/innodb/engine.(*CheckpointManager).Start:117) 📄 没有找到有效的检查点，将从头开始
[23:39:33 CST 2026/05/16] [INFO] (storage_integrated_checkpoint.go:github.com/zhukovaskychina/xmysql-server/server/innodb/engine.(*CheckpointManager).Start:122)  检查点管理器启动成功
[23:39:33 CST 2026/05/16] [INFO] (enginx.go:github.com/zhukovaskychina/xmysql-server/server/innodb/engine.(*XMySQLEngine).Start:90) ✅ XMySQL Engine started successfully
[23:39:34 CST 2026/05/16] [INFO] (session.go:github.com/zhukovaskychina/xmysql-server/server/net.(*session).handleTCPPackage:709) [session.handleTCPPackage] 收到数据，长度: 1, 内容: [10]

[23:39:34 CST 2026/05/16] [INFO] (session.go:github.com/zhukovaskychina/xmysql-server/server/net.(*session).handleTCPPackage:709) [session.handleTCPPackage] 收到数据，长度: 90, 内容: [86 0 0 1 141 162 10 0 0 0 0 0 33 0 0 0 0 0 0 0 0 0 0 0 0 0 0 0 0 0 0 0 0 0 0 0 114 111 111 116 0 20 112 103 126 207 2 102 130 72 20 202 230 221 23 248 188 84 179 168 84 204 109 121 115 113 108 0 109 121 115 113 108 95 110 97 116 105 118 101 95 112 97 115 115 119 111 114 100 0]

[23:39:34 CST 2026/05/16] [WARN] (select_executor.go:github.com/zhukovaskychina/xmysql-server/server/innodb/engine.(*SelectExecutor).executeUserTableQuery:345)   [SelectExecutor] 无法获取存储管理器，创建默认 mysql.user 数据
[23:39:34 CST 2026/05/16] [WARN] (select_executor.go:github.com/zhukovaskychina/xmysql-server/server/innodb/engine.(*SelectExecutor).executeUserTableQuery:345)   [SelectExecutor] 无法获取存储管理器，创建默认 mysql.user 数据
[23:39:34 CST 2026/05/16] [INFO] (session.go:github.com/zhukovaskychina/xmysql-server/server/net.(*session).handleTCPPackage:709) [session.handleTCPPackage] 收到数据，长度: 1, 内容: [10]

[23:39:35 CST 2026/05/16] [INFO] (session.go:github.com/zhukovaskychina/xmysql-server/server/net.(*session).handleTCPPackage:709) [session.handleTCPPackage] 收到数据，长度: 1, 内容: [10]

[23:39:36 CST 2026/05/16] [INFO] (session.go:github.com/zhukovaskychina/xmysql-server/server/net.(*session).handleTCPPackage:709) [session.handleTCPPackage] 收到数据，长度: 1, 内容: [10]

[23:39:37 CST 2026/05/16] [INFO] (session.go:github.com/zhukovaskychina/xmysql-server/server/net.(*session).handleTCPPackage:709) [session.handleTCPPackage] 收到数据，长度: 1, 内容: [10]

[23:39:38 CST 2026/05/16] [INFO] (session.go:github.com/zhukovaskychina/xmysql-server/server/net.(*session).handleTCPPackage:709) [session.handleTCPPackage] 收到数据，长度: 1, 内容: [10]

[23:39:39 CST 2026/05/16] [INFO] (session.go:github.com/zhukovaskychina/xmysql-server/server/net.(*session).handleTCPPackage:709) [session.handleTCPPackage] 收到数据，长度: 1, 内容: [10]

[23:39:40 CST 2026/05/16] [INFO] (session.go:github.com/zhukovaskychina/xmysql-server/server/net.(*session).handleTCPPackage:709) [session.handleTCPPackage] 收到数据，长度: 1, 内容: [10]

[23:39:41 CST 2026/05/16] [INFO] (session.go:github.com/zhukovaskychina/xmysql-server/server/net.(*session).handleTCPPackage:709) [session.handleTCPPackage] 收到数据，长度: 1, 内容: [10]

[23:39:42 CST 2026/05/16] [INFO] (session.go:github.com/zhukovaskychina/xmysql-server/server/net.(*session).handleTCPPackage:709) [session.handleTCPPackage] 收到数据，长度: 1, 内容: [10]

[23:39:43 CST 2026/05/16] [INFO] (session.go:github.com/zhukovaskychina/xmysql-server/server/net.(*session).handleTCPPackage:709) [session.handleTCPPackage] 收到数据，长度: 1, 内容: [10]

[23:39:44 CST 2026/05/16] [INFO] (session.go:github.com/zhukovaskychina/xmysql-server/server/net.(*session).handleTCPPackage:709) [session.handleTCPPackage] 收到数据，长度: 1, 内容: [10]

[23:39:45 CST 2026/05/16] [INFO] (session.go:github.com/zhukovaskychina/xmysql-server/server/net.(*session).handleTCPPackage:709) [session.handleTCPPackage] 收到数据，长度: 1, 内容: [10]

[23:39:46 CST 2026/05/16] [INFO] (session.go:github.com/zhukovaskychina/xmysql-server/server/net.(*session).handleTCPPackage:709) [session.handleTCPPackage] 收到数据，长度: 1, 内容: [10]

[23:39:47 CST 2026/05/16] [INFO] (session.go:github.com/zhukovaskychina/xmysql-server/server/net.(*session).handleTCPPackage:709) [session.handleTCPPackage] 收到数据，长度: 1, 内容: [10]

[23:39:48 CST 2026/05/16] [INFO] (session.go:github.com/zhukovaskychina/xmysql-server/server/net.(*session).handleTCPPackage:709) [session.handleTCPPackage] 收到数据，长度: 1, 内容: [10]

[23:39:49 CST 2026/05/16] [INFO] (session.go:github.com/zhukovaskychina/xmysql-server/server/net.(*session).handleTCPPackage:709) [session.handleTCPPackage] 收到数据，长度: 1, 内容: [10]

[23:39:50 CST 2026/05/16] [INFO] (session.go:github.com/zhukovaskychina/xmysql-server/server/net.(*session).handleTCPPackage:709) [session.handleTCPPackage] 收到数据，长度: 1, 内容: [10]

[23:39:51 CST 2026/05/16] [INFO] (session.go:github.com/zhukovaskychina/xmysql-server/server/net.(*session).handleTCPPackage:709) [session.handleTCPPackage] 收到数据，长度: 1, 内容: [10]

[23:39:52 CST 2026/05/16] [INFO] (session.go:github.com/zhukovaskychina/xmysql-server/server/net.(*session).handleTCPPackage:709) [session.handleTCPPackage] 收到数据，长度: 1, 内容: [10]

[23:39:53 CST 2026/05/16] [INFO] (session.go:github.com/zhukovaskychina/xmysql-server/server/net.(*session).handleTCPPackage:709) [session.handleTCPPackage] 收到数据，长度: 1, 内容: [10]

[23:39:54 CST 2026/05/16] [INFO] (session.go:github.com/zhukovaskychina/xmysql-server/server/net.(*session).handleTCPPackage:709) [session.handleTCPPackage] 收到数据，长度: 1, 内容: [10]

[23:39:55 CST 2026/05/16] [INFO] (session.go:github.com/zhukovaskychina/xmysql-server/server/net.(*session).handleTCPPackage:709) [session.handleTCPPackage] 收到数据，长度: 1, 内容: [10]

[23:39:56 CST 2026/05/16] [INFO] (session.go:github.com/zhukovaskychina/xmysql-server/server/net.(*session).handleTCPPackage:709) [session.handleTCPPackage] 收到数据，长度: 1, 内容: [10]

[23:39:57 CST 2026/05/16] [INFO] (session.go:github.com/zhukovaskychina/xmysql-server/server/net.(*session).handleTCPPackage:709) [session.handleTCPPackage] 收到数据，长度: 1, 内容: [10]

[23:39:58 CST 2026/05/16] [INFO] (session.go:github.com/zhukovaskychina/xmysql-server/server/net.(*session).handleTCPPackage:709) [session.handleTCPPackage] 收到数据，长度: 1, 内容: [10]

[23:39:59 CST 2026/05/16] [INFO] (session.go:github.com/zhukovaskychina/xmysql-server/server/net.(*session).handleTCPPackage:709) [session.handleTCPPackage] 收到数据，长度: 1, 内容: [10]

[23:40:00 CST 2026/05/16] [INFO] (session.go:github.com/zhukovaskychina/xmysql-server/server/net.(*session).handleTCPPackage:709) [session.handleTCPPackage] 收到数据，长度: 1, 内容: [10]

[23:40:01 CST 2026/05/16] [INFO] (session.go:github.com/zhukovaskychina/xmysql-server/server/net.(*session).handleTCPPackage:709) [session.handleTCPPackage] 收到数据，长度: 1, 内容: [10]

[23:40:02 CST 2026/05/16] [INFO] (session.go:github.com/zhukovaskychina/xmysql-server/server/net.(*session).handleTCPPackage:709) [session.handleTCPPackage] 收到数据，长度: 1, 内容: [10]

[23:40:03 CST 2026/05/16] [INFO] (session.go:github.com/zhukovaskychina/xmysql-server/server/net.(*session).handleTCPPackage:709) [session.handleTCPPackage] 收到数据，长度: 1, 内容: [10]

[23:40:10 CST 2026/05/16] [INFO] (main.go:main.main:60) Logger initialized successfully with level: info

[23:40:10 CST 2026/05/16] [INFO] (main.go:main.main:62) XMySQL Server starting...
[23:40:10 CST 2026/05/16] [WARN] (mysql_user_data.go:github.com/zhukovaskychina/xmysql-server/server/innodb/manager.(*StorageManager).InitializeMySQLUserData:781) Warning: Enhanced B+tree verification warning: consistency check failed: page 64 record count mismatch
[23:40:10 CST 2026/05/16] [INFO] (enginx.go:github.com/zhukovaskychina/xmysql-server/server/innodb/engine.(*XMySQLEngine).initRecoveryLayer:216) No checkpoint found, starting recovery from LSN 0
[23:40:10 CST 2026/05/16] [WARN] (mysql_user_data.go:github.com/zhukovaskychina/xmysql-server/server/innodb/manager.(*StorageManager).InitializeMySQLUserData:781) Warning: Enhanced B+tree verification warning: consistency check failed: page 64 record count mismatch
[23:40:10 CST 2026/05/16] [INFO] (enginx.go:github.com/zhukovaskychina/xmysql-server/server/innodb/engine.(*XMySQLEngine).initRecoveryLayer:216) No checkpoint found, starting recovery from LSN 0
[23:40:10 CST 2026/05/16] [INFO] (main.go:main.main:66) Starting MySQL server...
[23:40:10 CST 2026/05/16] [INFO] (enginx.go:github.com/zhukovaskychina/xmysql-server/server/innodb/engine.(*XMySQLEngine).Start:75) 🚀 Starting XMySQL Engine...
[23:40:10 CST 2026/05/16] [INFO] (enginx.go:github.com/zhukovaskychina/xmysql-server/server/innodb/engine.(*XMySQLEngine).Start:78) 🏥 Performing crash recovery...
[23:40:10 CST 2026/05/16] [INFO] (enginx.go:github.com/zhukovaskychina/xmysql-server/server/innodb/engine.(*XMySQLEngine).Start:82) ✅ Crash recovery completed successfully
[23:40:10 CST 2026/05/16] [INFO] (enginx.go:github.com/zhukovaskychina/xmysql-server/server/innodb/engine.(*XMySQLEngine).Start:85) 💾 Starting Checkpoint Manager...
[23:40:10 CST 2026/05/16] [INFO] (storage_integrated_checkpoint.go:github.com/zhukovaskychina/xmysql-server/server/innodb/engine.(*CheckpointManager).Start:103) 🚀 启动检查点管理器
[23:40:10 CST 2026/05/16] [INFO] (storage_integrated_checkpoint.go:github.com/zhukovaskychina/xmysql-server/server/innodb/engine.(*CheckpointManager).Start:117) 📄 没有找到有效的检查点，将从头开始
[23:40:10 CST 2026/05/16] [INFO] (storage_integrated_checkpoint.go:github.com/zhukovaskychina/xmysql-server/server/innodb/engine.(*CheckpointManager).Start:122)  检查点管理器启动成功
[23:40:10 CST 2026/05/16] [INFO] (enginx.go:github.com/zhukovaskychina/xmysql-server/server/innodb/engine.(*XMySQLEngine).Start:90) ✅ XMySQL Engine started successfully
[23:40:11 CST 2026/05/16] [INFO] (session.go:github.com/zhukovaskychina/xmysql-server/server/net.(*session).handleTCPPackage:709) [session.handleTCPPackage] 收到数据，长度: 1, 内容: [10]

[23:40:11 CST 2026/05/16] [INFO] (session.go:github.com/zhukovaskychina/xmysql-server/server/net.(*session).handleTCPPackage:709) [session.handleTCPPackage] 收到数据，长度: 90, 内容: [86 0 0 1 141 162 10 0 0 0 0 0 33 0 0 0 0 0 0 0 0 0 0 0 0 0 0 0 0 0 0 0 0 0 0 0 114 111 111 116 0 20 93 195 238 226 235 213 72 22 35 59 121 55 169 194 13 98 212 178 222 246 109 121 115 113 108 0 109 121 115 113 108 95 110 97 116 105 118 101 95 112 97 115 115 119 111 114 100 0]

[23:40:11 CST 2026/05/16] [WARN] (select_executor.go:github.com/zhukovaskychina/xmysql-server/server/innodb/engine.(*SelectExecutor).executeUserTableQuery:345)   [SelectExecutor] 无法获取存储管理器，创建默认 mysql.user 数据
[23:40:11 CST 2026/05/16] [WARN] (select_executor.go:github.com/zhukovaskychina/xmysql-server/server/innodb/engine.(*SelectExecutor).executeUserTableQuery:345)   [SelectExecutor] 无法获取存储管理器，创建默认 mysql.user 数据
[23:40:11 CST 2026/05/16] [INFO] (session.go:github.com/zhukovaskychina/xmysql-server/server/net.(*session).handleTCPPackage:709) [session.handleTCPPackage] 收到数据，长度: 90, 内容: [86 0 0 1 141 162 10 0 0 0 0 0 33 0 0 0 0 0 0 0 0 0 0 0 0 0 0 0 0 0 0 0 0 0 0 0 114 111 111 116 0 20 21 144 75 154 74 235 46 251 87 48 16 250 58 143 58 158 72 45 182 179 109 121 115 113 108 0 109 121 115 113 108 95 110 97 116 105 118 101 95 112 97 115 115 119 111 114 100 0]

[23:40:15 CST 2026/05/16] [INFO] (session.go:github.com/zhukovaskychina/xmysql-server/server/net.(*session).handleTCPPackage:709) [session.handleTCPPackage] 收到数据，长度: 1, 内容: [10]

[23:40:16 CST 2026/05/16] [INFO] (session.go:github.com/zhukovaskychina/xmysql-server/server/net.(*session).handleTCPPackage:709) [session.handleTCPPackage] 收到数据，长度: 1, 内容: [10]

[23:40:17 CST 2026/05/16] [INFO] (session.go:github.com/zhukovaskychina/xmysql-server/server/net.(*session).handleTCPPackage:709) [session.handleTCPPackage] 收到数据，长度: 1, 内容: [10]

[23:40:18 CST 2026/05/16] [INFO] (session.go:github.com/zhukovaskychina/xmysql-server/server/net.(*session).handleTCPPackage:709) [session.handleTCPPackage] 收到数据，长度: 1, 内容: [10]

[23:40:19 CST 2026/05/16] [INFO] (session.go:github.com/zhukovaskychina/xmysql-server/server/net.(*session).handleTCPPackage:709) [session.handleTCPPackage] 收到数据，长度: 1, 内容: [10]

[23:40:20 CST 2026/05/16] [INFO] (session.go:github.com/zhukovaskychina/xmysql-server/server/net.(*session).handleTCPPackage:709) [session.handleTCPPackage] 收到数据，长度: 1, 内容: [10]

[23:40:21 CST 2026/05/16] [INFO] (session.go:github.com/zhukovaskychina/xmysql-server/server/net.(*session).handleTCPPackage:709) [session.handleTCPPackage] 收到数据，长度: 1, 内容: [10]

[23:40:22 CST 2026/05/16] [INFO] (session.go:github.com/zhukovaskychina/xmysql-server/server/net.(*session).handleTCPPackage:709) [session.handleTCPPackage] 收到数据，长度: 1, 内容: [10]

[23:40:23 CST 2026/05/16] [INFO] (session.go:github.com/zhukovaskychina/xmysql-server/server/net.(*session).handleTCPPackage:709) [session.handleTCPPackage] 收到数据，长度: 1, 内容: [10]

[23:40:24 CST 2026/05/16] [INFO] (session.go:github.com/zhukovaskychina/xmysql-server/server/net.(*session).handleTCPPackage:709) [session.handleTCPPackage] 收到数据，长度: 1, 内容: [10]

[23:40:25 CST 2026/05/16] [INFO] (session.go:github.com/zhukovaskychina/xmysql-server/server/net.(*session).handleTCPPackage:709) [session.handleTCPPackage] 收到数据，长度: 1, 内容: [10]

[23:40:26 CST 2026/05/16] [INFO] (session.go:github.com/zhukovaskychina/xmysql-server/server/net.(*session).handleTCPPackage:709) [session.handleTCPPackage] 收到数据，长度: 1, 内容: [10]

[23:40:27 CST 2026/05/16] [INFO] (session.go:github.com/zhukovaskychina/xmysql-server/server/net.(*session).handleTCPPackage:709) [session.handleTCPPackage] 收到数据，长度: 1, 内容: [10]

[23:40:28 CST 2026/05/16] [INFO] (session.go:github.com/zhukovaskychina/xmysql-server/server/net.(*session).handleTCPPackage:709) [session.handleTCPPackage] 收到数据，长度: 1, 内容: [10]

[23:40:29 CST 2026/05/16] [INFO] (session.go:github.com/zhukovaskychina/xmysql-server/server/net.(*session).handleTCPPackage:709) [session.handleTCPPackage] 收到数据，长度: 1, 内容: [10]

[23:40:30 CST 2026/05/16] [INFO] (session.go:github.com/zhukovaskychina/xmysql-server/server/net.(*session).handleTCPPackage:709) [session.handleTCPPackage] 收到数据，长度: 1, 内容: [10]

[23:40:31 CST 2026/05/16] [INFO] (session.go:github.com/zhukovaskychina/xmysql-server/server/net.(*session).handleTCPPackage:709) [session.handleTCPPackage] 收到数据，长度: 1, 内容: [10]

[23:40:32 CST 2026/05/16] [INFO] (session.go:github.com/zhukovaskychina/xmysql-server/server/net.(*session).handleTCPPackage:709) [session.handleTCPPackage] 收到数据，长度: 1, 内容: [10]

[23:40:33 CST 2026/05/16] [INFO] (session.go:github.com/zhukovaskychina/xmysql-server/server/net.(*session).handleTCPPackage:709) [session.handleTCPPackage] 收到数据，长度: 1, 内容: [10]

[23:40:34 CST 2026/05/16] [INFO] (session.go:github.com/zhukovaskychina/xmysql-server/server/net.(*session).handleTCPPackage:709) [session.handleTCPPackage] 收到数据，长度: 1, 内容: [10]

[23:40:35 CST 2026/05/16] [INFO] (session.go:github.com/zhukovaskychina/xmysql-server/server/net.(*session).handleTCPPackage:709) [session.handleTCPPackage] 收到数据，长度: 1, 内容: [10]

[23:40:36 CST 2026/05/16] [INFO] (session.go:github.com/zhukovaskychina/xmysql-server/server/net.(*session).handleTCPPackage:709) [session.handleTCPPackage] 收到数据，长度: 1, 内容: [10]

[23:40:37 CST 2026/05/16] [INFO] (session.go:github.com/zhukovaskychina/xmysql-server/server/net.(*session).handleTCPPackage:709) [session.handleTCPPackage] 收到数据，长度: 1, 内容: [10]

[23:40:38 CST 2026/05/16] [INFO] (session.go:github.com/zhukovaskychina/xmysql-server/server/net.(*session).handleTCPPackage:709) [session.handleTCPPackage] 收到数据，长度: 1, 内容: [10]

[23:40:39 CST 2026/05/16] [INFO] (session.go:github.com/zhukovaskychina/xmysql-server/server/net.(*session).handleTCPPackage:709) [session.handleTCPPackage] 收到数据，长度: 1, 内容: [10]

[23:40:40 CST 2026/05/16] [INFO] (session.go:github.com/zhukovaskychina/xmysql-server/server/net.(*session).handleTCPPackage:709) [session.handleTCPPackage] 收到数据，长度: 1, 内容: [10]

[23:40:41 CST 2026/05/16] [INFO] (session.go:github.com/zhukovaskychina/xmysql-server/server/net.(*session).handleTCPPackage:709) [session.handleTCPPackage] 收到数据，长度: 1, 内容: [10]

[23:40:43 CST 2026/05/16] [INFO] (session.go:github.com/zhukovaskychina/xmysql-server/server/net.(*session).handleTCPPackage:709) [session.handleTCPPackage] 收到数据，长度: 1, 内容: [10]

[23:40:44 CST 2026/05/16] [INFO] (session.go:github.com/zhukovaskychina/xmysql-server/server/net.(*session).handleTCPPackage:709) [session.handleTCPPackage] 收到数据，长度: 1, 内容: [10]

[23:40:45 CST 2026/05/16] [INFO] (session.go:github.com/zhukovaskychina/xmysql-server/server/net.(*session).handleTCPPackage:709) [session.handleTCPPackage] 收到数据，长度: 1, 内容: [10]

