[23:22:26 CST 2026/05/16] [INFO] (main.go:main.main:60) Logger initialized successfully with level: info

[23:22:26 CST 2026/05/16] [INFO] (main.go:main.main:62) XMySQL Server starting...
[23:22:26 CST 2026/05/16] [WARN] (mysql_user_data.go:github.com/zhukovaskychina/xmysql-server/server/innodb/manager.(*StorageManager).InitializeMySQLUserData:781) Warning: Enhanced B+tree verification warning: consistency check failed: page 128 record count mismatch
[23:22:26 CST 2026/05/16] [INFO] (enginx.go:github.com/zhukovaskychina/xmysql-server/server/innodb/engine.(*XMySQLEngine).initRecoveryLayer:216) No checkpoint found, starting recovery from LSN 0
[23:22:26 CST 2026/05/16] [WARN] (mysql_user_data.go:github.com/zhukovaskychina/xmysql-server/server/innodb/manager.(*StorageManager).InitializeMySQLUserData:781) Warning: Enhanced B+tree verification warning: consistency check failed: page 64 record count mismatch
[23:22:26 CST 2026/05/16] [INFO] (enginx.go:github.com/zhukovaskychina/xmysql-server/server/innodb/engine.(*XMySQLEngine).initRecoveryLayer:216) No checkpoint found, starting recovery from LSN 0
[23:22:26 CST 2026/05/16] [INFO] (main.go:main.main:66) Starting MySQL server...
[23:22:26 CST 2026/05/16] [INFO] (enginx.go:github.com/zhukovaskychina/xmysql-server/server/innodb/engine.(*XMySQLEngine).Start:75) 🚀 Starting XMySQL Engine...
[23:22:26 CST 2026/05/16] [INFO] (enginx.go:github.com/zhukovaskychina/xmysql-server/server/innodb/engine.(*XMySQLEngine).Start:78) 🏥 Performing crash recovery...
[23:22:26 CST 2026/05/16] [INFO] (enginx.go:github.com/zhukovaskychina/xmysql-server/server/innodb/engine.(*XMySQLEngine).Start:82) ✅ Crash recovery completed successfully
[23:22:26 CST 2026/05/16] [INFO] (enginx.go:github.com/zhukovaskychina/xmysql-server/server/innodb/engine.(*XMySQLEngine).Start:85) 💾 Starting Checkpoint Manager...
[23:22:26 CST 2026/05/16] [INFO] (storage_integrated_checkpoint.go:github.com/zhukovaskychina/xmysql-server/server/innodb/engine.(*CheckpointManager).Start:103) 🚀 启动检查点管理器
[23:22:26 CST 2026/05/16] [INFO] (storage_integrated_checkpoint.go:github.com/zhukovaskychina/xmysql-server/server/innodb/engine.(*CheckpointManager).Start:117) 📄 没有找到有效的检查点，将从头开始
[23:22:26 CST 2026/05/16] [INFO] (storage_integrated_checkpoint.go:github.com/zhukovaskychina/xmysql-server/server/innodb/engine.(*CheckpointManager).Start:122)  检查点管理器启动成功
[23:22:26 CST 2026/05/16] [INFO] (enginx.go:github.com/zhukovaskychina/xmysql-server/server/innodb/engine.(*XMySQLEngine).Start:90) ✅ XMySQL Engine started successfully
[23:22:27 CST 2026/05/16] [INFO] (session.go:github.com/zhukovaskychina/xmysql-server/server/net.(*session).handleTCPPackage:709) [session.handleTCPPackage] 收到数据，长度: 1, 内容: [10]

[23:22:27 CST 2026/05/16] [INFO] (session.go:github.com/zhukovaskychina/xmysql-server/server/net.(*session).handleTCPPackage:709) [session.handleTCPPackage] 收到数据，长度: 90, 内容: [86 0 0 1 141 162 10 0 0 0 0 0 33 0 0 0 0 0 0 0 0 0 0 0 0 0 0 0 0 0 0 0 0 0 0 0 114 111 111 116 0 20 235 165 226 120 28 138 10 204 23 100 10 124 211 45 167 186 245 146 241 190 109 121 115 113 108 0 109 121 115 113 108 95 110 97 116 105 118 101 95 112 97 115 115 119 111 114 100 0]

[23:22:27 CST 2026/05/16] [WARN] (decoupled_handler.go:github.com/zhukovaskychina/xmysql-server/server/net.(*DecoupledMySQLMessageHandler).authenticateWithChallenge:792) ⚠️ dev_bypass_password_auth=true，已跳过口令校验（user=root）
[23:22:27 CST 2026/05/16] [INFO] (session.go:github.com/zhukovaskychina/xmysql-server/server/net.(*session).handleTCPPackage:709) [session.handleTCPPackage] 收到数据，长度: 5, 内容: [1 0 0 0 14]

[23:22:27 CST 2026/05/16] [INFO] (session.go:github.com/zhukovaskychina/xmysql-server/server/net.(*session).handleTCPPackage:709) [session.handleTCPPackage] 收到数据，长度: 54, 内容: [50 0 0 0 3 67 82 69 65 84 69 32 68 65 84 65 66 65 83 69 32 100 114 105 108 108 95 114 101 99 111 118 101 114 121 95 100 98 95 50 48 50 54 48 53 49 54 95 50 51 50 50 50 53]

[23:22:27 CST 2026/05/16] [WARN] (select_executor.go:github.com/zhukovaskychina/xmysql-server/server/innodb/engine.(*SelectExecutor).executeUserTableQuery:345)   [SelectExecutor] 无法获取存储管理器，创建默认 mysql.user 数据
[23:22:27 CST 2026/05/16] [WARN] (select_executor.go:github.com/zhukovaskychina/xmysql-server/server/innodb/engine.(*SelectExecutor).executeUserTableQuery:345)   [SelectExecutor] 无法获取存储管理器，创建默认 mysql.user 数据
[23:22:27 CST 2026/05/16] [INFO] (session.go:github.com/zhukovaskychina/xmysql-server/server/net.(*session).handleTCPPackage:709) [session.handleTCPPackage] 收到数据，长度: 1, 内容: [10]

[23:22:27 CST 2026/05/16] [INFO] (session.go:github.com/zhukovaskychina/xmysql-server/server/net.(*session).handleTCPPackage:709) [session.handleTCPPackage] 收到数据，长度: 90, 内容: [86 0 0 1 141 162 10 0 0 0 0 0 33 0 0 0 0 0 0 0 0 0 0 0 0 0 0 0 0 0 0 0 0 0 0 0 114 111 111 116 0 20 189 223 123 23 95 70 6 121 92 249 7 92 42 15 153 194 175 72 171 97 109 121 115 113 108 0 109 121 115 113 108 95 110 97 116 105 118 101 95 112 97 115 115 119 111 114 100 0]

[23:22:27 CST 2026/05/16] [WARN] (decoupled_handler.go:github.com/zhukovaskychina/xmysql-server/server/net.(*DecoupledMySQLMessageHandler).authenticateWithChallenge:792) ⚠️ dev_bypass_password_auth=true，已跳过口令校验（user=root）
[23:22:27 CST 2026/05/16] [INFO] (session.go:github.com/zhukovaskychina/xmysql-server/server/net.(*session).handleTCPPackage:709) [session.handleTCPPackage] 收到数据，长度: 5, 内容: [1 0 0 0 14]

[23:22:27 CST 2026/05/16] [INFO] (session.go:github.com/zhukovaskychina/xmysql-server/server/net.(*session).handleTCPPackage:709) [session.handleTCPPackage] 收到数据，长度: 42, 内容: [38 0 0 0 3 85 83 69 32 100 114 105 108 108 95 114 101 99 111 118 101 114 121 95 100 98 95 50 48 50 54 48 53 49 54 95 50 51 50 50 50 53]

[23:22:27 CST 2026/05/16] [INFO] (main.go:main.main:60) Logger initialized successfully with level: info

[23:22:27 CST 2026/05/16] [INFO] (main.go:main.main:62) XMySQL Server starting...
[23:22:27 CST 2026/05/16] [WARN] (mysql_user_data.go:github.com/zhukovaskychina/xmysql-server/server/innodb/manager.(*StorageManager).InitializeMySQLUserData:781) Warning: Enhanced B+tree verification warning: consistency check failed: page 64 record count mismatch
[23:22:27 CST 2026/05/16] [INFO] (enginx.go:github.com/zhukovaskychina/xmysql-server/server/innodb/engine.(*XMySQLEngine).initRecoveryLayer:216) No checkpoint found, starting recovery from LSN 0
[23:22:28 CST 2026/05/16] [WARN] (mysql_user_data.go:github.com/zhukovaskychina/xmysql-server/server/innodb/manager.(*StorageManager).InitializeMySQLUserData:781) Warning: Enhanced B+tree verification warning: consistency check failed: page 64 record count mismatch
[23:22:28 CST 2026/05/16] [INFO] (enginx.go:github.com/zhukovaskychina/xmysql-server/server/innodb/engine.(*XMySQLEngine).initRecoveryLayer:216) No checkpoint found, starting recovery from LSN 0
[23:22:28 CST 2026/05/16] [INFO] (main.go:main.main:66) Starting MySQL server...
[23:22:28 CST 2026/05/16] [INFO] (enginx.go:github.com/zhukovaskychina/xmysql-server/server/innodb/engine.(*XMySQLEngine).Start:75) 🚀 Starting XMySQL Engine...
[23:22:28 CST 2026/05/16] [INFO] (enginx.go:github.com/zhukovaskychina/xmysql-server/server/innodb/engine.(*XMySQLEngine).Start:78) 🏥 Performing crash recovery...
[23:22:28 CST 2026/05/16] [INFO] (enginx.go:github.com/zhukovaskychina/xmysql-server/server/innodb/engine.(*XMySQLEngine).Start:82) ✅ Crash recovery completed successfully
[23:22:28 CST 2026/05/16] [INFO] (enginx.go:github.com/zhukovaskychina/xmysql-server/server/innodb/engine.(*XMySQLEngine).Start:85) 💾 Starting Checkpoint Manager...
[23:22:28 CST 2026/05/16] [INFO] (storage_integrated_checkpoint.go:github.com/zhukovaskychina/xmysql-server/server/innodb/engine.(*CheckpointManager).Start:103) 🚀 启动检查点管理器
[23:22:28 CST 2026/05/16] [INFO] (storage_integrated_checkpoint.go:github.com/zhukovaskychina/xmysql-server/server/innodb/engine.(*CheckpointManager).Start:117) 📄 没有找到有效的检查点，将从头开始
[23:22:28 CST 2026/05/16] [INFO] (storage_integrated_checkpoint.go:github.com/zhukovaskychina/xmysql-server/server/innodb/engine.(*CheckpointManager).Start:122)  检查点管理器启动成功
[23:22:28 CST 2026/05/16] [INFO] (enginx.go:github.com/zhukovaskychina/xmysql-server/server/innodb/engine.(*XMySQLEngine).Start:90) ✅ XMySQL Engine started successfully
[23:22:28 CST 2026/05/16] [INFO] (session.go:github.com/zhukovaskychina/xmysql-server/server/net.(*session).handleTCPPackage:709) [session.handleTCPPackage] 收到数据，长度: 90, 内容: [86 0 0 1 141 162 10 0 0 0 0 0 33 0 0 0 0 0 0 0 0 0 0 0 0 0 0 0 0 0 0 0 0 0 0 0 114 111 111 116 0 20 121 245 76 120 58 108 165 31 164 225 60 130 122 22 85 187 59 103 82 2 109 121 115 113 108 0 109 121 115 113 108 95 110 97 116 105 118 101 95 112 97 115 115 119 111 114 100 0]

[23:22:28 CST 2026/05/16] [WARN] (decoupled_handler.go:github.com/zhukovaskychina/xmysql-server/server/net.(*DecoupledMySQLMessageHandler).authenticateWithChallenge:792) ⚠️ dev_bypass_password_auth=true，已跳过口令校验（user=root）
[23:22:28 CST 2026/05/16] [INFO] (session.go:github.com/zhukovaskychina/xmysql-server/server/net.(*session).handleTCPPackage:709) [session.handleTCPPackage] 收到数据，长度: 5, 内容: [1 0 0 0 14]

[23:22:28 CST 2026/05/16] [INFO] (session.go:github.com/zhukovaskychina/xmysql-server/server/net.(*session).handleTCPPackage:709) [session.handleTCPPackage] 收到数据，长度: 42, 内容: [38 0 0 0 3 85 83 69 32 100 114 105 108 108 95 114 101 99 111 118 101 114 121 95 100 98 95 50 48 50 54 48 53 49 54 95 50 51 50 50 50 53]

