=== crash recovery process drill 2026-06-11T10:47:12+08:00 ===
repo: /Users/zhukovasky/GolandProjects/xmysql-server
go: go version go1.24.3 darwin/amd64
run_dir: ./reports/tmp_drill_check2/crash_recovery_process_drill_20260611_104712
rounds: 1
host: 127.0.0.1
port: 3310
dsn: root:root%401234@tcp(127.0.0.1:3310)/mysql?timeout=5s&readTimeout=5s&writeTimeout=5s&parseTime=true
db_base: drill_recovery_db_20260611_104712
table_base: drill_txn_20260611_104712
undo_hold_seconds: 3
half_sleep_seconds: 1
client_bin: ./reports/tmp_drill_check2/crash_recovery_process_drill_20260611_104712/recovery_drill_client

[ROUND global] [STEP] scenario=global label=cleanup stale listener
[ROUND global] [PASS] scenario=global label=cleanup stale listener duration_ms=0
[ROUND 1] [START] db=drill_recovery_db_20260611_104712_r1 table=drill_txn_20260611_104712_r1
[ROUND 1] [STEP] scenario=redo label=start server
[SERVER] start pid=4462
[ROUND 1] [PASS] scenario=redo label=start server duration_ms=1000
[ROUND 1] [STEP] scenario=redo label=wait server
[ROUND 1] [PASS] scenario=redo label=wait server duration_ms=1000
[ROUND 1] [STEP] scenario=redo label=wait client ready
[ROUND 1] [FAIL] scenario=redo label=wait client ready duration_ms=23000
[ROUND 1] [STEP] scenario=redo label=setup redo
[ROUND 1] [FAIL] scenario=redo label=setup redo duration_ms=0
[ROUND 1] [STEP] scenario=redo label=snapshot before crash
[ROUND 1] [FAIL] scenario=redo label=snapshot before crash duration_ms=0
[ROUND 1] [STEP] scenario=redo label=kill server after setup
[ROUND 1] [PASS] scenario=redo label=kill server after setup duration_ms=38000
[ROUND 1] [STEP] scenario=redo label=restart for redo verify
[SERVER] start pid=8109
[ROUND 1] [PASS] scenario=redo label=restart for redo verify duration_ms=1000
[ROUND 1] [STEP] scenario=redo label=wait server after restart
[ROUND 1] [PASS] scenario=redo label=wait server after restart duration_ms=2000
[ROUND 1] [STEP] scenario=redo label=snapshot after restart
[ROUND 1] [FAIL] scenario=redo label=snapshot after restart duration_ms=5000
[ROUND 1] [STEP] scenario=redo label=verify redo
[ROUND 1] [FAIL] scenario=redo label=verify redo duration_ms=0
[ROUND 1] [STEP] scenario=redo label=verify show tables where
[ROUND 1] [FAIL] scenario=redo label=verify show tables where duration_ms=0
[ROUND 1] [SCENARIO] redo result=FAIL
[ROUND 1] [ROUND_RESULT] FAIL

RESULT: FAIL
summary=./reports/tmp_drill_check2/crash_recovery_process_drill_20260611_104712/summary.log
server_log=./reports/tmp_drill_check2/crash_recovery_process_drill_20260611_104712/server.log
client_log=./reports/tmp_drill_check2/crash_recovery_process_drill_20260611_104712/client.log
