Starting XMySQL Server...
Parsing command line arguments...
[19:55:41 CST 2026/04/25] [INFO] (main.go:main.main:60) Logger initialized successfully with level: %s
info
[19:55:41 CST 2026/04/25] [INFO] (main.go:main.main:62) XMySQL Server starting...
[19:55:41 CST 2026/04/25] [WARN] (mysql_user_data.go:github.com/zhukovaskychina/xmysql-server/server/innodb/manager.(*StorageManager).InitializeMySQLUserData:781) Warning: Enhanced B+tree verification warning: consistency check failed: page 128 record count mismatch
[19:55:41 CST 2026/04/25] [INFO] (enginx.go:github.com/zhukovaskychina/xmysql-server/server/innodb/engine.(*XMySQLEngine).initRecoveryLayer:216) No checkpoint found, starting recovery from LSN 0
[19:55:41 CST 2026/04/25] [WARN] (mysql_user_data.go:github.com/zhukovaskychina/xmysql-server/server/innodb/manager.(*StorageManager).InitializeMySQLUserData:781) Warning: Enhanced B+tree verification warning: consistency check failed: page 64 record count mismatch
[19:55:41 CST 2026/04/25] [INFO] (enginx.go:github.com/zhukovaskychina/xmysql-server/server/innodb/engine.(*XMySQLEngine).initRecoveryLayer:216) No checkpoint found, starting recovery from LSN 0
[19:55:41 CST 2026/04/25] [INFO] (main.go:main.main:66) Starting MySQL server...
[19:55:41 CST 2026/04/25] [INFO] (enginx.go:github.com/zhukovaskychina/xmysql-server/server/innodb/engine.(*XMySQLEngine).Start:75) 🚀 Starting XMySQL Engine...
[19:55:41 CST 2026/04/25] [INFO] (enginx.go:github.com/zhukovaskychina/xmysql-server/server/innodb/engine.(*XMySQLEngine).Start:78) 🏥 Performing crash recovery...
[19:55:41 CST 2026/04/25] [INFO] (mysql_server.go:github.com/zhukovaskychina/xmysql-server/server/net.initProfiling:101) App Profiling startup on address{127.0.0.1:0/debug/pprof/}
[19:55:41 CST 2026/04/25] [INFO] (enginx.go:github.com/zhukovaskychina/xmysql-server/server/innodb/engine.(*XMySQLEngine).Start:82) ✅ Crash recovery completed successfully
[19:55:41 CST 2026/04/25] [INFO] (enginx.go:github.com/zhukovaskychina/xmysql-server/server/innodb/engine.(*XMySQLEngine).Start:85) 💾 Starting Checkpoint Manager...
[19:55:41 CST 2026/04/25] [INFO] (storage_integrated_checkpoint.go:github.com/zhukovaskychina/xmysql-server/server/innodb/engine.(*CheckpointManager).Start:103) 🚀 启动检查点管理器
[19:55:41 CST 2026/04/25] [INFO] (storage_integrated_checkpoint.go:github.com/zhukovaskychina/xmysql-server/server/innodb/engine.(*CheckpointManager).Start:117) 📄 没有找到有效的检查点，将从头开始
[19:55:41 CST 2026/04/25] [INFO] (storage_integrated_checkpoint.go:github.com/zhukovaskychina/xmysql-server/server/innodb/engine.(*CheckpointManager).Start:122)  检查点管理器启动成功
[19:55:41 CST 2026/04/25] [INFO] (enginx.go:github.com/zhukovaskychina/xmysql-server/server/innodb/engine.(*XMySQLEngine).Start:90) ✅ XMySQL Engine started successfully
MySQL服务器正在初始化...
panic: serverimpl.listen() = error:listen tcp 127.0.0.1:3310: bind: address already in use
	/Users/zhukovasky/GolandProjects/xmysql-server/server/net/net_server.go:145: net.Listen(tcp, addr:127.0.0.1:3310)
	/Users/zhukovasky/GolandProjects/xmysql-server/server/net/net_server.go:158: 

goroutine 1 [running]:
github.com/zhukovaskychina/xmysql-server/server/net.(*serverimpl).RunEventLoop(0xc00025b930, 0xc00cb80078)
	/Users/zhukovasky/GolandProjects/xmysql-server/server/net/net_server.go:224 +0x8e
github.com/zhukovaskychina/xmysql-server/server/net.(*MySQLServer).initServer(0xc010672cc0, 0xc0001c8b48)
	/Users/zhukovasky/GolandProjects/xmysql-server/server/net/mysql_server.go:123 +0x287
github.com/zhukovaskychina/xmysql-server/server/net.(*MySQLServer).Start(0xc010672cc0)
	/Users/zhukovasky/GolandProjects/xmysql-server/server/net/mysql_server.go:82 +0x92
main.main()
	/Users/zhukovasky/GolandProjects/xmysql-server/main.go:67 +0x409
exit status 2
Starting XMySQL Server...
Parsing command line arguments...
[19:55:43 CST 2026/04/25] [INFO] (main.go:main.main:60) Logger initialized successfully with level: %s
info
[19:55:43 CST 2026/04/25] [INFO] (main.go:main.main:62) XMySQL Server starting...
[19:55:43 CST 2026/04/25] [WARN] (mysql_user_data.go:github.com/zhukovaskychina/xmysql-server/server/innodb/manager.(*StorageManager).InitializeMySQLUserData:781) Warning: Enhanced B+tree verification warning: consistency check failed: page 64 record count mismatch
[19:55:43 CST 2026/04/25] [INFO] (enginx.go:github.com/zhukovaskychina/xmysql-server/server/innodb/engine.(*XMySQLEngine).initRecoveryLayer:216) No checkpoint found, starting recovery from LSN 0
[19:55:43 CST 2026/04/25] [WARN] (mysql_user_data.go:github.com/zhukovaskychina/xmysql-server/server/innodb/manager.(*StorageManager).InitializeMySQLUserData:781) Warning: Enhanced B+tree verification warning: consistency check failed: page 64 record count mismatch
[19:55:43 CST 2026/04/25] [INFO] (enginx.go:github.com/zhukovaskychina/xmysql-server/server/innodb/engine.(*XMySQLEngine).initRecoveryLayer:216) No checkpoint found, starting recovery from LSN 0
[19:55:43 CST 2026/04/25] [INFO] (main.go:main.main:66) Starting MySQL server...
[19:55:43 CST 2026/04/25] [INFO] (enginx.go:github.com/zhukovaskychina/xmysql-server/server/innodb/engine.(*XMySQLEngine).Start:75) 🚀 Starting XMySQL Engine...
[19:55:43 CST 2026/04/25] [INFO] (enginx.go:github.com/zhukovaskychina/xmysql-server/server/innodb/engine.(*XMySQLEngine).Start:78) 🏥 Performing crash recovery...
[19:55:43 CST 2026/04/25] [INFO] (mysql_server.go:github.com/zhukovaskychina/xmysql-server/server/net.initProfiling:101) App Profiling startup on address{127.0.0.1:0/debug/pprof/}
[19:55:43 CST 2026/04/25] [INFO] (enginx.go:github.com/zhukovaskychina/xmysql-server/server/innodb/engine.(*XMySQLEngine).Start:82) ✅ Crash recovery completed successfully
[19:55:43 CST 2026/04/25] [INFO] (enginx.go:github.com/zhukovaskychina/xmysql-server/server/innodb/engine.(*XMySQLEngine).Start:85) 💾 Starting Checkpoint Manager...
[19:55:43 CST 2026/04/25] [INFO] (storage_integrated_checkpoint.go:github.com/zhukovaskychina/xmysql-server/server/innodb/engine.(*CheckpointManager).Start:103) 🚀 启动检查点管理器
[19:55:43 CST 2026/04/25] [INFO] (storage_integrated_checkpoint.go:github.com/zhukovaskychina/xmysql-server/server/innodb/engine.(*CheckpointManager).Start:117) 📄 没有找到有效的检查点，将从头开始
[19:55:43 CST 2026/04/25] [INFO] (storage_integrated_checkpoint.go:github.com/zhukovaskychina/xmysql-server/server/innodb/engine.(*CheckpointManager).Start:122)  检查点管理器启动成功
[19:55:43 CST 2026/04/25] [INFO] (enginx.go:github.com/zhukovaskychina/xmysql-server/server/innodb/engine.(*XMySQLEngine).Start:90) ✅ XMySQL Engine started successfully
MySQL服务器正在初始化...
panic: serverimpl.listen() = error:listen tcp 127.0.0.1:3310: bind: address already in use
	/Users/zhukovasky/GolandProjects/xmysql-server/server/net/net_server.go:145: net.Listen(tcp, addr:127.0.0.1:3310)
	/Users/zhukovasky/GolandProjects/xmysql-server/server/net/net_server.go:158: 

goroutine 1 [running]:
github.com/zhukovaskychina/xmysql-server/server/net.(*serverimpl).RunEventLoop(0xc0000c92b0, 0xc000010db0)
	/Users/zhukovasky/GolandProjects/xmysql-server/server/net/net_server.go:224 +0x8e
github.com/zhukovaskychina/xmysql-server/server/net.(*MySQLServer).initServer(0xc00838a840, 0xc0000dcb48)
	/Users/zhukovasky/GolandProjects/xmysql-server/server/net/mysql_server.go:123 +0x287
github.com/zhukovaskychina/xmysql-server/server/net.(*MySQLServer).Start(0xc00838a840)
	/Users/zhukovasky/GolandProjects/xmysql-server/server/net/mysql_server.go:82 +0x92
main.main()
	/Users/zhukovasky/GolandProjects/xmysql-server/main.go:67 +0x409
exit status 2
