[10:53:52 CST 2026/06/11] [INFO] (main.go:main.main:61) Logger initialized successfully with level: info

[10:53:52 CST 2026/06/11] [INFO] (main.go:main.main:63) XMySQL Server starting...
[10:53:52 CST 2026/06/11] [WARN] (mysql_user_data.go:github.com/zhukovaskychina/xmysql-server/server/innodb/manager.(*StorageManager).InitializeMySQLUserData:781) Warning: Enhanced B+tree verification warning: consistency check failed: page 128 record count mismatch
[10:53:52 CST 2026/06/11] [INFO] (enginx.go:github.com/zhukovaskychina/xmysql-server/server/innodb/engine.(*XMySQLEngine).initRecoveryLayer:239) No checkpoint found, starting recovery from LSN 0
[10:53:52 CST 2026/06/11] [WARN] (mysql_user_data.go:github.com/zhukovaskychina/xmysql-server/server/innodb/manager.(*StorageManager).InitializeMySQLUserData:781) Warning: Enhanced B+tree verification warning: consistency check failed: page 64 record count mismatch
[10:53:52 CST 2026/06/11] [INFO] (enginx.go:github.com/zhukovaskychina/xmysql-server/server/innodb/engine.(*XMySQLEngine).initRecoveryLayer:239) No checkpoint found, starting recovery from LSN 0
[10:53:52 CST 2026/06/11] [INFO] (main.go:main.main:67) Starting MySQL server...
[10:53:52 CST 2026/06/11] [INFO] (enginx.go:github.com/zhukovaskychina/xmysql-server/server/innodb/engine.(*XMySQLEngine).Start:76) 🚀 Starting XMySQL Engine...
[10:53:52 CST 2026/06/11] [INFO] (enginx.go:github.com/zhukovaskychina/xmysql-server/server/innodb/engine.(*XMySQLEngine).Start:80) 🏥 Performing crash recovery...
[10:53:52 CST 2026/06/11] [INFO] (enginx.go:github.com/zhukovaskychina/xmysql-server/server/innodb/engine.(*XMySQLEngine).Start:84) ✅ Crash recovery completed successfully
[10:53:52 CST 2026/06/11] [INFO] (enginx.go:github.com/zhukovaskychina/xmysql-server/server/innodb/engine.(*XMySQLEngine).Start:91) 💾 Starting Checkpoint Manager...
[10:53:52 CST 2026/06/11] [INFO] (storage_integrated_checkpoint.go:github.com/zhukovaskychina/xmysql-server/server/innodb/engine.(*CheckpointManager).Start:103) 🚀 启动检查点管理器
[10:53:52 CST 2026/06/11] [INFO] (storage_integrated_checkpoint.go:github.com/zhukovaskychina/xmysql-server/server/innodb/engine.(*CheckpointManager).Start:117) 📄 没有找到有效的检查点，将从头开始
[10:53:52 CST 2026/06/11] [INFO] (storage_integrated_checkpoint.go:github.com/zhukovaskychina/xmysql-server/server/innodb/engine.(*CheckpointManager).Start:122)  检查点管理器启动成功
[10:53:52 CST 2026/06/11] [INFO] (enginx.go:github.com/zhukovaskychina/xmysql-server/server/innodb/engine.(*XMySQLEngine).Start:97) ✅ XMySQL Engine started successfully
[10:53:52 CST 2026/06/11] [INFO] (session.go:github.com/zhukovaskychina/xmysql-server/server/net.(*session).handleTCPPackage:715) [session.handleTCPPackage] 收到数据，长度: 1, 内容: [10]

[10:53:53 CST 2026/06/11] [INFO] (session.go:github.com/zhukovaskychina/xmysql-server/server/net.(*session).handleTCPPackage:715) [session.handleTCPPackage] 收到数据，长度: 90, 内容: [86 0 0 1 141 162 10 0 0 0 0 0 33 0 0 0 0 0 0 0 0 0 0 0 0 0 0 0 0 0 0 0 0 0 0 0 114 111 111 116 0 20 52 20 102 214 196 14 112 223 132 203 118 186 241 69 50 223 161 5 129 89 109 121 115 113 108 0 109 121 115 113 108 95 110 97 116 105 118 101 95 112 97 115 115 119 111 114 100 0]

[10:53:53 CST 2026/06/11] [WARN] (mysql_user_data.go:github.com/zhukovaskychina/xmysql-server/server/innodb/manager.(*StorageManager).QueryMySQLUser:835) Warning: Primary index not found due to metadata persistence issue
[10:53:53 CST 2026/06/11] [WARN] (mysql_user_data.go:github.com/zhukovaskychina/xmysql-server/server/innodb/manager.(*StorageManager).QueryMySQLUser:836) Falling back to hardcoded user lookup for: root@localhost
[10:53:53 CST 2026/06/11] [WARN] (mysql_user_data.go:github.com/zhukovaskychina/xmysql-server/server/innodb/manager.(*StorageManager).QueryMySQLUser:835) Warning: Primary index not found due to metadata persistence issue
[10:53:53 CST 2026/06/11] [WARN] (mysql_user_data.go:github.com/zhukovaskychina/xmysql-server/server/innodb/manager.(*StorageManager).QueryMySQLUser:836) Falling back to hardcoded user lookup for: root@localhost
[10:53:54 CST 2026/06/11] [INFO] (session.go:github.com/zhukovaskychina/xmysql-server/server/net.(*session).handleTCPPackage:715) [session.handleTCPPackage] 收到数据，长度: 90, 内容: [86 0 0 1 141 162 10 0 0 0 0 0 33 0 0 0 0 0 0 0 0 0 0 0 0 0 0 0 0 0 0 0 0 0 0 0 114 111 111 116 0 20 94 220 85 59 252 173 171 189 116 134 48 145 167 62 145 54 71 175 179 99 109 121 115 113 108 0 109 121 115 113 108 95 110 97 116 105 118 101 95 112 97 115 115 119 111 114 100 0]

[10:53:55 CST 2026/06/11] [INFO] (session.go:github.com/zhukovaskychina/xmysql-server/server/net.(*session).handleTCPPackage:715) [session.handleTCPPackage] 收到数据，长度: 90, 内容: [86 0 0 1 141 162 10 0 0 0 0 0 33 0 0 0 0 0 0 0 0 0 0 0 0 0 0 0 0 0 0 0 0 0 0 0 114 111 111 116 0 20 28 25 2 120 226 175 177 242 172 61 130 157 197 123 61 190 41 90 87 171 109 121 115 113 108 0 109 121 115 113 108 95 110 97 116 105 118 101 95 112 97 115 115 119 111 114 100 0]

[10:53:57 CST 2026/06/11] [INFO] (session.go:github.com/zhukovaskychina/xmysql-server/server/net.(*session).handleTCPPackage:715) [session.handleTCPPackage] 收到数据，长度: 90, 内容: [86 0 0 1 141 162 10 0 0 0 0 0 33 0 0 0 0 0 0 0 0 0 0 0 0 0 0 0 0 0 0 0 0 0 0 0 114 111 111 116 0 20 104 249 1 84 30 134 122 236 253 236 158 185 175 19 70 187 216 161 92 164 109 121 115 113 108 0 109 121 115 113 108 95 110 97 116 105 118 101 95 112 97 115 115 119 111 114 100 0]

[10:53:58 CST 2026/06/11] [INFO] (session.go:github.com/zhukovaskychina/xmysql-server/server/net.(*session).handleTCPPackage:715) [session.handleTCPPackage] 收到数据，长度: 90, 内容: [86 0 0 1 141 162 10 0 0 0 0 0 33 0 0 0 0 0 0 0 0 0 0 0 0 0 0 0 0 0 0 0 0 0 0 0 114 111 111 116 0 20 199 170 184 30 53 48 186 184 155 246 211 252 43 217 145 21 170 185 12 134 109 121 115 113 108 0 109 121 115 113 108 95 110 97 116 105 118 101 95 112 97 115 115 119 111 114 100 0]

[10:53:59 CST 2026/06/11] [INFO] (session.go:github.com/zhukovaskychina/xmysql-server/server/net.(*session).handleTCPPackage:715) [session.handleTCPPackage] 收到数据，长度: 90, 内容: [86 0 0 1 141 162 10 0 0 0 0 0 33 0 0 0 0 0 0 0 0 0 0 0 0 0 0 0 0 0 0 0 0 0 0 0 114 111 111 116 0 20 105 67 118 161 205 242 81 125 23 251 221 214 179 116 196 203 230 145 193 70 109 121 115 113 108 0 109 121 115 113 108 95 110 97 116 105 118 101 95 112 97 115 115 119 111 114 100 0]

[10:54:00 CST 2026/06/11] [INFO] (session.go:github.com/zhukovaskychina/xmysql-server/server/net.(*session).handleTCPPackage:715) [session.handleTCPPackage] 收到数据，长度: 90, 内容: [86 0 0 1 141 162 10 0 0 0 0 0 33 0 0 0 0 0 0 0 0 0 0 0 0 0 0 0 0 0 0 0 0 0 0 0 114 111 111 116 0 20 204 29 2 121 124 137 160 254 16 113 50 184 219 244 147 138 198 64 218 32 109 121 115 113 108 0 109 121 115 113 108 95 110 97 116 105 118 101 95 112 97 115 115 119 111 114 100 0]

[10:54:01 CST 2026/06/11] [INFO] (session.go:github.com/zhukovaskychina/xmysql-server/server/net.(*session).handleTCPPackage:715) [session.handleTCPPackage] 收到数据，长度: 90, 内容: [86 0 0 1 141 162 10 0 0 0 0 0 33 0 0 0 0 0 0 0 0 0 0 0 0 0 0 0 0 0 0 0 0 0 0 0 114 111 111 116 0 20 254 39 11 153 152 243 23 85 74 219 166 94 89 119 87 215 97 65 202 231 109 121 115 113 108 0 109 121 115 113 108 95 110 97 116 105 118 101 95 112 97 115 115 119 111 114 100 0]

[10:54:03 CST 2026/06/11] [INFO] (session.go:github.com/zhukovaskychina/xmysql-server/server/net.(*session).handleTCPPackage:715) [session.handleTCPPackage] 收到数据，长度: 90, 内容: [86 0 0 1 141 162 10 0 0 0 0 0 33 0 0 0 0 0 0 0 0 0 0 0 0 0 0 0 0 0 0 0 0 0 0 0 114 111 111 116 0 20 38 216 89 136 28 175 188 64 77 45 227 142 57 255 151 183 65 221 126 26 109 121 115 113 108 0 109 121 115 113 108 95 110 97 116 105 118 101 95 112 97 115 115 119 111 114 100 0]

[10:54:04 CST 2026/06/11] [INFO] (session.go:github.com/zhukovaskychina/xmysql-server/server/net.(*session).handleTCPPackage:715) [session.handleTCPPackage] 收到数据，长度: 90, 内容: [86 0 0 1 141 162 10 0 0 0 0 0 33 0 0 0 0 0 0 0 0 0 0 0 0 0 0 0 0 0 0 0 0 0 0 0 114 111 111 116 0 20 191 222 39 113 228 89 22 211 171 39 65 63 170 189 33 35 11 241 39 186 109 121 115 113 108 0 109 121 115 113 108 95 110 97 116 105 118 101 95 112 97 115 115 119 111 114 100 0]

[10:54:05 CST 2026/06/11] [INFO] (session.go:github.com/zhukovaskychina/xmysql-server/server/net.(*session).handleTCPPackage:715) [session.handleTCPPackage] 收到数据，长度: 90, 内容: [86 0 0 1 141 162 10 0 0 0 0 0 33 0 0 0 0 0 0 0 0 0 0 0 0 0 0 0 0 0 0 0 0 0 0 0 114 111 111 116 0 20 172 147 77 70 185 215 12 199 241 112 77 82 6 211 237 113 151 69 220 133 109 121 115 113 108 0 109 121 115 113 108 95 110 97 116 105 118 101 95 112 97 115 115 119 111 114 100 0]

[10:54:06 CST 2026/06/11] [INFO] (session.go:github.com/zhukovaskychina/xmysql-server/server/net.(*session).handleTCPPackage:715) [session.handleTCPPackage] 收到数据，长度: 90, 内容: [86 0 0 1 141 162 10 0 0 0 0 0 33 0 0 0 0 0 0 0 0 0 0 0 0 0 0 0 0 0 0 0 0 0 0 0 114 111 111 116 0 20 197 114 39 57 70 34 164 49 209 23 136 150 51 21 194 142 223 59 214 157 109 121 115 113 108 0 109 121 115 113 108 95 110 97 116 105 118 101 95 112 97 115 115 119 111 114 100 0]

[10:54:07 CST 2026/06/11] [INFO] (session.go:github.com/zhukovaskychina/xmysql-server/server/net.(*session).handleTCPPackage:715) [session.handleTCPPackage] 收到数据，长度: 90, 内容: [86 0 0 1 141 162 10 0 0 0 0 0 33 0 0 0 0 0 0 0 0 0 0 0 0 0 0 0 0 0 0 0 0 0 0 0 114 111 111 116 0 20 158 168 23 246 204 160 184 189 220 47 87 102 10 122 2 230 2 103 109 204 109 121 115 113 108 0 109 121 115 113 108 95 110 97 116 105 118 101 95 112 97 115 115 119 111 114 100 0]

[10:54:08 CST 2026/06/11] [INFO] (session.go:github.com/zhukovaskychina/xmysql-server/server/net.(*session).handleTCPPackage:715) [session.handleTCPPackage] 收到数据，长度: 90, 内容: [86 0 0 1 141 162 10 0 0 0 0 0 33 0 0 0 0 0 0 0 0 0 0 0 0 0 0 0 0 0 0 0 0 0 0 0 114 111 111 116 0 20 232 50 116 62 70 74 58 58 88 49 158 20 58 88 56 5 11 72 184 183 109 121 115 113 108 0 109 121 115 113 108 95 110 97 116 105 118 101 95 112 97 115 115 119 111 114 100 0]

[10:54:09 CST 2026/06/11] [INFO] (session.go:github.com/zhukovaskychina/xmysql-server/server/net.(*session).handleTCPPackage:715) [session.handleTCPPackage] 收到数据，长度: 90, 内容: [86 0 0 1 141 162 10 0 0 0 0 0 33 0 0 0 0 0 0 0 0 0 0 0 0 0 0 0 0 0 0 0 0 0 0 0 114 111 111 116 0 20 79 243 181 93 151 240 71 33 35 171 51 201 213 170 160 197 126 122 153 76 109 121 115 113 108 0 109 121 115 113 108 95 110 97 116 105 118 101 95 112 97 115 115 119 111 114 100 0]

[10:54:10 CST 2026/06/11] [INFO] (session.go:github.com/zhukovaskychina/xmysql-server/server/net.(*session).handleTCPPackage:715) [session.handleTCPPackage] 收到数据，长度: 90, 内容: [86 0 0 1 141 162 10 0 0 0 0 0 33 0 0 0 0 0 0 0 0 0 0 0 0 0 0 0 0 0 0 0 0 0 0 0 114 111 111 116 0 20 184 102 178 100 217 242 240 36 218 151 220 148 124 131 224 136 245 123 123 220 109 121 115 113 108 0 109 121 115 113 108 95 110 97 116 105 118 101 95 112 97 115 115 119 111 114 100 0]

[10:54:11 CST 2026/06/11] [INFO] (session.go:github.com/zhukovaskychina/xmysql-server/server/net.(*session).handleTCPPackage:715) [session.handleTCPPackage] 收到数据，长度: 90, 内容: [86 0 0 1 141 162 10 0 0 0 0 0 33 0 0 0 0 0 0 0 0 0 0 0 0 0 0 0 0 0 0 0 0 0 0 0 114 111 111 116 0 20 252 33 111 53 92 85 86 35 208 57 76 6 202 25 20 7 92 39 135 194 109 121 115 113 108 0 109 121 115 113 108 95 110 97 116 105 118 101 95 112 97 115 115 119 111 114 100 0]

[10:54:12 CST 2026/06/11] [INFO] (session.go:github.com/zhukovaskychina/xmysql-server/server/net.(*session).handleTCPPackage:715) [session.handleTCPPackage] 收到数据，长度: 90, 内容: [86 0 0 1 141 162 10 0 0 0 0 0 33 0 0 0 0 0 0 0 0 0 0 0 0 0 0 0 0 0 0 0 0 0 0 0 114 111 111 116 0 20 134 221 116 218 35 4 59 22 209 95 97 154 42 225 18 7 117 195 229 179 109 121 115 113 108 0 109 121 115 113 108 95 110 97 116 105 118 101 95 112 97 115 115 119 111 114 100 0]

[10:54:13 CST 2026/06/11] [INFO] (session.go:github.com/zhukovaskychina/xmysql-server/server/net.(*session).handleTCPPackage:715) [session.handleTCPPackage] 收到数据，长度: 90, 内容: [86 0 0 1 141 162 10 0 0 0 0 0 33 0 0 0 0 0 0 0 0 0 0 0 0 0 0 0 0 0 0 0 0 0 0 0 114 111 111 116 0 20 99 105 52 246 102 255 63 208 14 187 244 219 181 75 216 254 77 193 106 166 109 121 115 113 108 0 109 121 115 113 108 95 110 97 116 105 118 101 95 112 97 115 115 119 111 114 100 0]

[10:54:14 CST 2026/06/11] [INFO] (session.go:github.com/zhukovaskychina/xmysql-server/server/net.(*session).handleTCPPackage:715) [session.handleTCPPackage] 收到数据，长度: 90, 内容: [86 0 0 1 141 162 10 0 0 0 0 0 33 0 0 0 0 0 0 0 0 0 0 0 0 0 0 0 0 0 0 0 0 0 0 0 114 111 111 116 0 20 111 231 166 75 181 200 147 133 52 19 129 25 143 78 160 177 19 152 159 245 109 121 115 113 108 0 109 121 115 113 108 95 110 97 116 105 118 101 95 112 97 115 115 119 111 114 100 0]

[10:54:15 CST 2026/06/11] [INFO] (session.go:github.com/zhukovaskychina/xmysql-server/server/net.(*session).handleTCPPackage:715) [session.handleTCPPackage] 收到数据，长度: 90, 内容: [86 0 0 1 141 162 10 0 0 0 0 0 33 0 0 0 0 0 0 0 0 0 0 0 0 0 0 0 0 0 0 0 0 0 0 0 114 111 111 116 0 20 217 23 101 12 16 124 38 113 81 29 18 155 227 0 166 173 8 129 107 41 109 121 115 113 108 0 109 121 115 113 108 95 110 97 116 105 118 101 95 112 97 115 115 119 111 114 100 0]

[10:54:15 CST 2026/06/11] [INFO] (session.go:github.com/zhukovaskychina/xmysql-server/server/net.(*session).handleTCPPackage:715) [session.handleTCPPackage] 收到数据，长度: 90, 内容: [86 0 0 1 141 162 10 0 0 0 0 0 33 0 0 0 0 0 0 0 0 0 0 0 0 0 0 0 0 0 0 0 0 0 0 0 114 111 111 116 0 20 228 57 89 171 212 56 48 114 25 162 21 210 121 7 85 79 5 4 61 109 109 121 115 113 108 0 109 121 115 113 108 95 110 97 116 105 118 101 95 112 97 115 115 119 111 114 100 0]

[10:54:15 CST 2026/06/11] [INFO] (session.go:github.com/zhukovaskychina/xmysql-server/server/net.(*session).handleTCPPackage:715) [session.handleTCPPackage] 收到数据，长度: 1, 内容: [10]

[10:54:16 CST 2026/06/11] [INFO] (session.go:github.com/zhukovaskychina/xmysql-server/server/net.(*session).handleTCPPackage:715) [session.handleTCPPackage] 收到数据，长度: 1, 内容: [10]

[10:54:17 CST 2026/06/11] [INFO] (session.go:github.com/zhukovaskychina/xmysql-server/server/net.(*session).handleTCPPackage:715) [session.handleTCPPackage] 收到数据，长度: 1, 内容: [10]

[10:54:18 CST 2026/06/11] [INFO] (session.go:github.com/zhukovaskychina/xmysql-server/server/net.(*session).handleTCPPackage:715) [session.handleTCPPackage] 收到数据，长度: 1, 内容: [10]

[10:54:19 CST 2026/06/11] [INFO] (session.go:github.com/zhukovaskychina/xmysql-server/server/net.(*session).handleTCPPackage:715) [session.handleTCPPackage] 收到数据，长度: 1, 内容: [10]

[10:54:20 CST 2026/06/11] [INFO] (session.go:github.com/zhukovaskychina/xmysql-server/server/net.(*session).handleTCPPackage:715) [session.handleTCPPackage] 收到数据，长度: 1, 内容: [10]

[10:54:21 CST 2026/06/11] [INFO] (session.go:github.com/zhukovaskychina/xmysql-server/server/net.(*session).handleTCPPackage:715) [session.handleTCPPackage] 收到数据，长度: 1, 内容: [10]

[10:54:22 CST 2026/06/11] [INFO] (session.go:github.com/zhukovaskychina/xmysql-server/server/net.(*session).handleTCPPackage:715) [session.handleTCPPackage] 收到数据，长度: 1, 内容: [10]

[10:54:23 CST 2026/06/11] [INFO] (session.go:github.com/zhukovaskychina/xmysql-server/server/net.(*session).handleTCPPackage:715) [session.handleTCPPackage] 收到数据，长度: 1, 内容: [10]

[10:54:24 CST 2026/06/11] [INFO] (session.go:github.com/zhukovaskychina/xmysql-server/server/net.(*session).handleTCPPackage:715) [session.handleTCPPackage] 收到数据，长度: 1, 内容: [10]

[10:54:25 CST 2026/06/11] [INFO] (session.go:github.com/zhukovaskychina/xmysql-server/server/net.(*session).handleTCPPackage:715) [session.handleTCPPackage] 收到数据，长度: 1, 内容: [10]

[10:54:26 CST 2026/06/11] [INFO] (session.go:github.com/zhukovaskychina/xmysql-server/server/net.(*session).handleTCPPackage:715) [session.handleTCPPackage] 收到数据，长度: 1, 内容: [10]

[10:54:27 CST 2026/06/11] [INFO] (session.go:github.com/zhukovaskychina/xmysql-server/server/net.(*session).handleTCPPackage:715) [session.handleTCPPackage] 收到数据，长度: 1, 内容: [10]

[10:54:28 CST 2026/06/11] [INFO] (session.go:github.com/zhukovaskychina/xmysql-server/server/net.(*session).handleTCPPackage:715) [session.handleTCPPackage] 收到数据，长度: 1, 内容: [10]

[10:54:29 CST 2026/06/11] [INFO] (session.go:github.com/zhukovaskychina/xmysql-server/server/net.(*session).handleTCPPackage:715) [session.handleTCPPackage] 收到数据，长度: 1, 内容: [10]

[10:54:30 CST 2026/06/11] [INFO] (session.go:github.com/zhukovaskychina/xmysql-server/server/net.(*session).handleTCPPackage:715) [session.handleTCPPackage] 收到数据，长度: 1, 内容: [10]

[10:54:31 CST 2026/06/11] [INFO] (session.go:github.com/zhukovaskychina/xmysql-server/server/net.(*session).handleTCPPackage:715) [session.handleTCPPackage] 收到数据，长度: 1, 内容: [10]

[10:54:32 CST 2026/06/11] [INFO] (session.go:github.com/zhukovaskychina/xmysql-server/server/net.(*session).handleTCPPackage:715) [session.handleTCPPackage] 收到数据，长度: 1, 内容: [10]

[10:54:33 CST 2026/06/11] [INFO] (session.go:github.com/zhukovaskychina/xmysql-server/server/net.(*session).handleTCPPackage:715) [session.handleTCPPackage] 收到数据，长度: 1, 内容: [10]

[10:54:34 CST 2026/06/11] [INFO] (session.go:github.com/zhukovaskychina/xmysql-server/server/net.(*session).handleTCPPackage:715) [session.handleTCPPackage] 收到数据，长度: 1, 内容: [10]

[10:54:35 CST 2026/06/11] [INFO] (session.go:github.com/zhukovaskychina/xmysql-server/server/net.(*session).handleTCPPackage:715) [session.handleTCPPackage] 收到数据，长度: 1, 内容: [10]

[10:54:36 CST 2026/06/11] [INFO] (session.go:github.com/zhukovaskychina/xmysql-server/server/net.(*session).handleTCPPackage:715) [session.handleTCPPackage] 收到数据，长度: 1, 内容: [10]

[10:54:38 CST 2026/06/11] [INFO] (session.go:github.com/zhukovaskychina/xmysql-server/server/net.(*session).handleTCPPackage:715) [session.handleTCPPackage] 收到数据，长度: 1, 内容: [10]

[10:54:39 CST 2026/06/11] [INFO] (session.go:github.com/zhukovaskychina/xmysql-server/server/net.(*session).handleTCPPackage:715) [session.handleTCPPackage] 收到数据，长度: 1, 内容: [10]

[10:54:40 CST 2026/06/11] [INFO] (session.go:github.com/zhukovaskychina/xmysql-server/server/net.(*session).handleTCPPackage:715) [session.handleTCPPackage] 收到数据，长度: 1, 内容: [10]

[10:54:41 CST 2026/06/11] [INFO] (session.go:github.com/zhukovaskychina/xmysql-server/server/net.(*session).handleTCPPackage:715) [session.handleTCPPackage] 收到数据，长度: 1, 内容: [10]

[10:54:42 CST 2026/06/11] [INFO] (session.go:github.com/zhukovaskychina/xmysql-server/server/net.(*session).handleTCPPackage:715) [session.handleTCPPackage] 收到数据，长度: 1, 内容: [10]

[10:54:43 CST 2026/06/11] [INFO] (session.go:github.com/zhukovaskychina/xmysql-server/server/net.(*session).handleTCPPackage:715) [session.handleTCPPackage] 收到数据，长度: 1, 内容: [10]

[10:54:44 CST 2026/06/11] [INFO] (session.go:github.com/zhukovaskychina/xmysql-server/server/net.(*session).handleTCPPackage:715) [session.handleTCPPackage] 收到数据，长度: 1, 内容: [10]

[10:54:45 CST 2026/06/11] [INFO] (session.go:github.com/zhukovaskychina/xmysql-server/server/net.(*session).handleTCPPackage:715) [session.handleTCPPackage] 收到数据，长度: 1, 内容: [10]

[10:54:48 CST 2026/06/11] [INFO] (main.go:main.main:61) Logger initialized successfully with level: info

[10:54:48 CST 2026/06/11] [INFO] (main.go:main.main:63) XMySQL Server starting...
[10:54:48 CST 2026/06/11] [WARN] (mysql_user_data.go:github.com/zhukovaskychina/xmysql-server/server/innodb/manager.(*StorageManager).InitializeMySQLUserData:781) Warning: Enhanced B+tree verification warning: consistency check failed: page 64 record count mismatch
[10:54:48 CST 2026/06/11] [INFO] (enginx.go:github.com/zhukovaskychina/xmysql-server/server/innodb/engine.(*XMySQLEngine).initRecoveryLayer:239) No checkpoint found, starting recovery from LSN 0
[10:54:48 CST 2026/06/11] [WARN] (mysql_user_data.go:github.com/zhukovaskychina/xmysql-server/server/innodb/manager.(*StorageManager).InitializeMySQLUserData:781) Warning: Enhanced B+tree verification warning: consistency check failed: page 64 record count mismatch
[10:54:48 CST 2026/06/11] [INFO] (enginx.go:github.com/zhukovaskychina/xmysql-server/server/innodb/engine.(*XMySQLEngine).initRecoveryLayer:239) No checkpoint found, starting recovery from LSN 0
[10:54:48 CST 2026/06/11] [INFO] (main.go:main.main:67) Starting MySQL server...
[10:54:48 CST 2026/06/11] [INFO] (enginx.go:github.com/zhukovaskychina/xmysql-server/server/innodb/engine.(*XMySQLEngine).Start:76) 🚀 Starting XMySQL Engine...
[10:54:48 CST 2026/06/11] [INFO] (enginx.go:github.com/zhukovaskychina/xmysql-server/server/innodb/engine.(*XMySQLEngine).Start:80) 🏥 Performing crash recovery...
[10:54:48 CST 2026/06/11] [INFO] (enginx.go:github.com/zhukovaskychina/xmysql-server/server/innodb/engine.(*XMySQLEngine).Start:84) ✅ Crash recovery completed successfully
[10:54:48 CST 2026/06/11] [INFO] (enginx.go:github.com/zhukovaskychina/xmysql-server/server/innodb/engine.(*XMySQLEngine).Start:91) 💾 Starting Checkpoint Manager...
[10:54:48 CST 2026/06/11] [INFO] (storage_integrated_checkpoint.go:github.com/zhukovaskychina/xmysql-server/server/innodb/engine.(*CheckpointManager).Start:103) 🚀 启动检查点管理器
[10:54:48 CST 2026/06/11] [INFO] (storage_integrated_checkpoint.go:github.com/zhukovaskychina/xmysql-server/server/innodb/engine.(*CheckpointManager).Start:117) 📄 没有找到有效的检查点，将从头开始
[10:54:48 CST 2026/06/11] [INFO] (storage_integrated_checkpoint.go:github.com/zhukovaskychina/xmysql-server/server/innodb/engine.(*CheckpointManager).Start:122)  检查点管理器启动成功
[10:54:48 CST 2026/06/11] [INFO] (enginx.go:github.com/zhukovaskychina/xmysql-server/server/innodb/engine.(*XMySQLEngine).Start:97) ✅ XMySQL Engine started successfully
[10:54:48 CST 2026/06/11] [INFO] (session.go:github.com/zhukovaskychina/xmysql-server/server/net.(*session).handleTCPPackage:715) [session.handleTCPPackage] 收到数据，长度: 1, 内容: [10]

[10:54:48 CST 2026/06/11] [INFO] (session.go:github.com/zhukovaskychina/xmysql-server/server/net.(*session).handleTCPPackage:715) [session.handleTCPPackage] 收到数据，长度: 90, 内容: [86 0 0 1 141 162 10 0 0 0 0 0 33 0 0 0 0 0 0 0 0 0 0 0 0 0 0 0 0 0 0 0 0 0 0 0 114 111 111 116 0 20 116 220 248 85 68 192 214 127 52 38 43 154 92 11 14 174 93 73 44 80 109 121 115 113 108 0 109 121 115 113 108 95 110 97 116 105 118 101 95 112 97 115 115 119 111 114 100 0]

[10:54:48 CST 2026/06/11] [WARN] (mysql_user_data.go:github.com/zhukovaskychina/xmysql-server/server/innodb/manager.(*StorageManager).QueryMySQLUser:835) Warning: Primary index not found due to metadata persistence issue
[10:54:48 CST 2026/06/11] [WARN] (mysql_user_data.go:github.com/zhukovaskychina/xmysql-server/server/innodb/manager.(*StorageManager).QueryMySQLUser:836) Falling back to hardcoded user lookup for: root@localhost
[10:54:48 CST 2026/06/11] [WARN] (mysql_user_data.go:github.com/zhukovaskychina/xmysql-server/server/innodb/manager.(*StorageManager).QueryMySQLUser:835) Warning: Primary index not found due to metadata persistence issue
[10:54:48 CST 2026/06/11] [WARN] (mysql_user_data.go:github.com/zhukovaskychina/xmysql-server/server/innodb/manager.(*StorageManager).QueryMySQLUser:836) Falling back to hardcoded user lookup for: root@localhost
[10:54:48 CST 2026/06/11] [INFO] (session.go:github.com/zhukovaskychina/xmysql-server/server/net.(*session).handleTCPPackage:715) [session.handleTCPPackage] 收到数据，长度: 90, 内容: [86 0 0 1 141 162 10 0 0 0 0 0 33 0 0 0 0 0 0 0 0 0 0 0 0 0 0 0 0 0 0 0 0 0 0 0 114 111 111 116 0 20 19 182 149 37 170 87 82 104 16 114 62 118 104 200 230 254 170 19 163 131 109 121 115 113 108 0 109 121 115 113 108 95 110 97 116 105 118 101 95 112 97 115 115 119 111 114 100 0]

[10:54:48 CST 2026/06/11] [INFO] (session.go:github.com/zhukovaskychina/xmysql-server/server/net.(*session).handleTCPPackage:715) [session.handleTCPPackage] 收到数据，长度: 90, 内容: [86 0 0 1 141 162 10 0 0 0 0 0 33 0 0 0 0 0 0 0 0 0 0 0 0 0 0 0 0 0 0 0 0 0 0 0 114 111 111 116 0 20 60 0 132 20 220 133 57 211 137 39 70 201 182 7 255 13 3 77 214 56 109 121 115 113 108 0 109 121 115 113 108 95 110 97 116 105 118 101 95 112 97 115 115 119 111 114 100 0]

[10:54:49 CST 2026/06/11] [INFO] (session.go:github.com/zhukovaskychina/xmysql-server/server/net.(*session).handleTCPPackage:715) [session.handleTCPPackage] 收到数据，长度: 1, 内容: [10]

[10:54:50 CST 2026/06/11] [INFO] (session.go:github.com/zhukovaskychina/xmysql-server/server/net.(*session).handleTCPPackage:715) [session.handleTCPPackage] 收到数据，长度: 1, 内容: [10]

[10:54:51 CST 2026/06/11] [INFO] (session.go:github.com/zhukovaskychina/xmysql-server/server/net.(*session).handleTCPPackage:715) [session.handleTCPPackage] 收到数据，长度: 1, 内容: [10]

[10:54:52 CST 2026/06/11] [INFO] (session.go:github.com/zhukovaskychina/xmysql-server/server/net.(*session).handleTCPPackage:715) [session.handleTCPPackage] 收到数据，长度: 1, 内容: [10]

[10:54:53 CST 2026/06/11] [INFO] (session.go:github.com/zhukovaskychina/xmysql-server/server/net.(*session).handleTCPPackage:715) [session.handleTCPPackage] 收到数据，长度: 1, 内容: [10]

[10:54:55 CST 2026/06/11] [INFO] (session.go:github.com/zhukovaskychina/xmysql-server/server/net.(*session).handleTCPPackage:715) [session.handleTCPPackage] 收到数据，长度: 1, 内容: [10]

[10:54:56 CST 2026/06/11] [INFO] (session.go:github.com/zhukovaskychina/xmysql-server/server/net.(*session).handleTCPPackage:715) [session.handleTCPPackage] 收到数据，长度: 1, 内容: [10]

[10:54:57 CST 2026/06/11] [INFO] (session.go:github.com/zhukovaskychina/xmysql-server/server/net.(*session).handleTCPPackage:715) [session.handleTCPPackage] 收到数据，长度: 1, 内容: [10]

[10:54:58 CST 2026/06/11] [INFO] (session.go:github.com/zhukovaskychina/xmysql-server/server/net.(*session).handleTCPPackage:715) [session.handleTCPPackage] 收到数据，长度: 1, 内容: [10]

[10:54:59 CST 2026/06/11] [INFO] (session.go:github.com/zhukovaskychina/xmysql-server/server/net.(*session).handleTCPPackage:715) [session.handleTCPPackage] 收到数据，长度: 1, 内容: [10]

[10:55:00 CST 2026/06/11] [INFO] (session.go:github.com/zhukovaskychina/xmysql-server/server/net.(*session).handleTCPPackage:715) [session.handleTCPPackage] 收到数据，长度: 1, 内容: [10]

[10:55:01 CST 2026/06/11] [INFO] (session.go:github.com/zhukovaskychina/xmysql-server/server/net.(*session).handleTCPPackage:715) [session.handleTCPPackage] 收到数据，长度: 1, 内容: [10]

[10:55:02 CST 2026/06/11] [INFO] (session.go:github.com/zhukovaskychina/xmysql-server/server/net.(*session).handleTCPPackage:715) [session.handleTCPPackage] 收到数据，长度: 1, 内容: [10]

[10:55:03 CST 2026/06/11] [INFO] (session.go:github.com/zhukovaskychina/xmysql-server/server/net.(*session).handleTCPPackage:715) [session.handleTCPPackage] 收到数据，长度: 1, 内容: [10]

[10:55:04 CST 2026/06/11] [INFO] (session.go:github.com/zhukovaskychina/xmysql-server/server/net.(*session).handleTCPPackage:715) [session.handleTCPPackage] 收到数据，长度: 1, 内容: [10]

[10:55:05 CST 2026/06/11] [INFO] (session.go:github.com/zhukovaskychina/xmysql-server/server/net.(*session).handleTCPPackage:715) [session.handleTCPPackage] 收到数据，长度: 1, 内容: [10]

[10:55:06 CST 2026/06/11] [INFO] (session.go:github.com/zhukovaskychina/xmysql-server/server/net.(*session).handleTCPPackage:715) [session.handleTCPPackage] 收到数据，长度: 1, 内容: [10]

[10:55:07 CST 2026/06/11] [INFO] (session.go:github.com/zhukovaskychina/xmysql-server/server/net.(*session).handleTCPPackage:715) [session.handleTCPPackage] 收到数据，长度: 1, 内容: [10]

[10:55:08 CST 2026/06/11] [INFO] (session.go:github.com/zhukovaskychina/xmysql-server/server/net.(*session).handleTCPPackage:715) [session.handleTCPPackage] 收到数据，长度: 1, 内容: [10]

[10:55:09 CST 2026/06/11] [INFO] (session.go:github.com/zhukovaskychina/xmysql-server/server/net.(*session).handleTCPPackage:715) [session.handleTCPPackage] 收到数据，长度: 1, 内容: [10]

[10:55:10 CST 2026/06/11] [INFO] (session.go:github.com/zhukovaskychina/xmysql-server/server/net.(*session).handleTCPPackage:715) [session.handleTCPPackage] 收到数据，长度: 1, 内容: [10]

[10:55:12 CST 2026/06/11] [INFO] (session.go:github.com/zhukovaskychina/xmysql-server/server/net.(*session).handleTCPPackage:715) [session.handleTCPPackage] 收到数据，长度: 1, 内容: [10]

[10:55:13 CST 2026/06/11] [INFO] (session.go:github.com/zhukovaskychina/xmysql-server/server/net.(*session).handleTCPPackage:715) [session.handleTCPPackage] 收到数据，长度: 1, 内容: [10]

[10:55:14 CST 2026/06/11] [INFO] (session.go:github.com/zhukovaskychina/xmysql-server/server/net.(*session).handleTCPPackage:715) [session.handleTCPPackage] 收到数据，长度: 1, 内容: [10]

[10:55:15 CST 2026/06/11] [INFO] (session.go:github.com/zhukovaskychina/xmysql-server/server/net.(*session).handleTCPPackage:715) [session.handleTCPPackage] 收到数据，长度: 1, 内容: [10]

[10:55:16 CST 2026/06/11] [INFO] (session.go:github.com/zhukovaskychina/xmysql-server/server/net.(*session).handleTCPPackage:715) [session.handleTCPPackage] 收到数据，长度: 1, 内容: [10]

[10:55:17 CST 2026/06/11] [INFO] (session.go:github.com/zhukovaskychina/xmysql-server/server/net.(*session).handleTCPPackage:715) [session.handleTCPPackage] 收到数据，长度: 1, 内容: [10]

[10:55:18 CST 2026/06/11] [INFO] (session.go:github.com/zhukovaskychina/xmysql-server/server/net.(*session).handleTCPPackage:715) [session.handleTCPPackage] 收到数据，长度: 1, 内容: [10]

[10:55:19 CST 2026/06/11] [INFO] (session.go:github.com/zhukovaskychina/xmysql-server/server/net.(*session).handleTCPPackage:715) [session.handleTCPPackage] 收到数据，长度: 1, 内容: [10]

[10:55:20 CST 2026/06/11] [INFO] (session.go:github.com/zhukovaskychina/xmysql-server/server/net.(*session).handleTCPPackage:715) [session.handleTCPPackage] 收到数据，长度: 1, 内容: [10]

