[00:36:13 CST 2026/05/17] [INFO] (main.go:main.main:60) Logger initialized successfully with level: info

[00:36:13 CST 2026/05/17] [INFO] (main.go:main.main:62) XMySQL Server starting...
[00:36:14 CST 2026/05/17] [WARN] (mysql_user_data.go:github.com/zhukovaskychina/xmysql-server/server/innodb/manager.(*StorageManager).InitializeMySQLUserData:781) Warning: Enhanced B+tree verification warning: consistency check failed: page 128 record count mismatch
[00:36:14 CST 2026/05/17] [INFO] (enginx.go:github.com/zhukovaskychina/xmysql-server/server/innodb/engine.(*XMySQLEngine).initRecoveryLayer:216) No checkpoint found, starting recovery from LSN 0
[00:36:14 CST 2026/05/17] [WARN] (mysql_user_data.go:github.com/zhukovaskychina/xmysql-server/server/innodb/manager.(*StorageManager).InitializeMySQLUserData:781) Warning: Enhanced B+tree verification warning: consistency check failed: page 64 record count mismatch
[00:36:14 CST 2026/05/17] [INFO] (enginx.go:github.com/zhukovaskychina/xmysql-server/server/innodb/engine.(*XMySQLEngine).initRecoveryLayer:216) No checkpoint found, starting recovery from LSN 0
[00:36:14 CST 2026/05/17] [INFO] (main.go:main.main:66) Starting MySQL server...
[00:36:14 CST 2026/05/17] [INFO] (enginx.go:github.com/zhukovaskychina/xmysql-server/server/innodb/engine.(*XMySQLEngine).Start:75) 🚀 Starting XMySQL Engine...
[00:36:14 CST 2026/05/17] [INFO] (enginx.go:github.com/zhukovaskychina/xmysql-server/server/innodb/engine.(*XMySQLEngine).Start:78) 🏥 Performing crash recovery...
[00:36:14 CST 2026/05/17] [INFO] (enginx.go:github.com/zhukovaskychina/xmysql-server/server/innodb/engine.(*XMySQLEngine).Start:82) ✅ Crash recovery completed successfully
[00:36:14 CST 2026/05/17] [INFO] (enginx.go:github.com/zhukovaskychina/xmysql-server/server/innodb/engine.(*XMySQLEngine).Start:85) 💾 Starting Checkpoint Manager...
[00:36:14 CST 2026/05/17] [INFO] (storage_integrated_checkpoint.go:github.com/zhukovaskychina/xmysql-server/server/innodb/engine.(*CheckpointManager).Start:103) 🚀 启动检查点管理器
[00:36:14 CST 2026/05/17] [INFO] (storage_integrated_checkpoint.go:github.com/zhukovaskychina/xmysql-server/server/innodb/engine.(*CheckpointManager).Start:117) 📄 没有找到有效的检查点，将从头开始
[00:36:14 CST 2026/05/17] [INFO] (storage_integrated_checkpoint.go:github.com/zhukovaskychina/xmysql-server/server/innodb/engine.(*CheckpointManager).Start:122)  检查点管理器启动成功
[00:36:14 CST 2026/05/17] [INFO] (enginx.go:github.com/zhukovaskychina/xmysql-server/server/innodb/engine.(*XMySQLEngine).Start:90) ✅ XMySQL Engine started successfully
[00:36:14 CST 2026/05/17] [INFO] (session.go:github.com/zhukovaskychina/xmysql-server/server/net.(*session).handleTCPPackage:709) [session.handleTCPPackage] 收到数据，长度: 1, 内容: [10]

[00:36:14 CST 2026/05/17] [INFO] (session.go:github.com/zhukovaskychina/xmysql-server/server/net.(*session).handleTCPPackage:709) [session.handleTCPPackage] 收到数据，长度: 92, 内容: [88 0 0 1 141 162 10 0 0 0 0 0 33 0 0 0 0 0 0 0 0 0 0 0 0 0 0 0 0 0 0 0 0 0 0 0 120 109 121 115 113 108 0 20 64 216 212 180 146 85 254 246 55 125 27 255 114 61 213 233 59 123 119 192 109 121 115 113 108 0 109 121 115 113 108 95 110 97 116 105 118 101 95 112 97 115 115 119 111 114 100 0]

[00:36:14 CST 2026/05/17] [WARN] (select_executor.go:github.com/zhukovaskychina/xmysql-server/server/innodb/engine.(*SelectExecutor).executeUserTableQuery:355)   [SelectExecutor] 无法获取存储管理器，创建默认 mysql.user 数据
[00:36:14 CST 2026/05/17] [WARN] (select_executor.go:github.com/zhukovaskychina/xmysql-server/server/innodb/engine.(*SelectExecutor).executeUserTableQuery:355)   [SelectExecutor] 无法获取存储管理器，创建默认 mysql.user 数据
[00:36:14 CST 2026/05/17] [INFO] (session.go:github.com/zhukovaskychina/xmysql-server/server/net.(*session).handleTCPPackage:709) [session.handleTCPPackage] 收到数据，长度: 5, 内容: [1 0 0 0 14]

[00:36:14 CST 2026/05/17] [INFO] (session.go:github.com/zhukovaskychina/xmysql-server/server/net.(*session).handleTCPPackage:709) [session.handleTCPPackage] 收到数据，长度: 54, 内容: [50 0 0 0 3 67 82 69 65 84 69 32 68 65 84 65 66 65 83 69 32 100 114 105 108 108 95 114 101 99 111 118 101 114 121 95 100 98 95 50 48 50 54 48 53 49 55 95 48 48 51 54 49 51]

[00:36:14 CST 2026/05/17] [WARN] (select_executor.go:github.com/zhukovaskychina/xmysql-server/server/innodb/engine.(*SelectExecutor).executeUserTableQuery:355)   [SelectExecutor] 无法获取存储管理器，创建默认 mysql.user 数据
[00:36:14 CST 2026/05/17] [WARN] (select_executor.go:github.com/zhukovaskychina/xmysql-server/server/innodb/engine.(*SelectExecutor).executeUserTableQuery:355)   [SelectExecutor] 无法获取存储管理器，创建默认 mysql.user 数据
[00:36:14 CST 2026/05/17] [INFO] (session.go:github.com/zhukovaskychina/xmysql-server/server/net.(*session).handleTCPPackage:709) [session.handleTCPPackage] 收到数据，长度: 1, 内容: [10]

[00:36:15 CST 2026/05/17] [INFO] (session.go:github.com/zhukovaskychina/xmysql-server/server/net.(*session).handleTCPPackage:709) [session.handleTCPPackage] 收到数据，长度: 1, 内容: [10]

[00:36:16 CST 2026/05/17] [INFO] (session.go:github.com/zhukovaskychina/xmysql-server/server/net.(*session).handleTCPPackage:709) [session.handleTCPPackage] 收到数据，长度: 1, 内容: [10]

[00:36:18 CST 2026/05/17] [INFO] (session.go:github.com/zhukovaskychina/xmysql-server/server/net.(*session).handleTCPPackage:709) [session.handleTCPPackage] 收到数据，长度: 1, 内容: [10]

[00:36:19 CST 2026/05/17] [INFO] (session.go:github.com/zhukovaskychina/xmysql-server/server/net.(*session).handleTCPPackage:709) [session.handleTCPPackage] 收到数据，长度: 1, 内容: [10]

[00:36:20 CST 2026/05/17] [INFO] (session.go:github.com/zhukovaskychina/xmysql-server/server/net.(*session).handleTCPPackage:709) [session.handleTCPPackage] 收到数据，长度: 1, 内容: [10]

[00:36:21 CST 2026/05/17] [INFO] (session.go:github.com/zhukovaskychina/xmysql-server/server/net.(*session).handleTCPPackage:709) [session.handleTCPPackage] 收到数据，长度: 1, 内容: [10]

[00:36:22 CST 2026/05/17] [INFO] (session.go:github.com/zhukovaskychina/xmysql-server/server/net.(*session).handleTCPPackage:709) [session.handleTCPPackage] 收到数据，长度: 1, 内容: [10]

[00:36:23 CST 2026/05/17] [INFO] (session.go:github.com/zhukovaskychina/xmysql-server/server/net.(*session).handleTCPPackage:709) [session.handleTCPPackage] 收到数据，长度: 1, 内容: [10]

[00:36:24 CST 2026/05/17] [INFO] (session.go:github.com/zhukovaskychina/xmysql-server/server/net.(*session).handleTCPPackage:709) [session.handleTCPPackage] 收到数据，长度: 1, 内容: [10]

[00:36:25 CST 2026/05/17] [INFO] (session.go:github.com/zhukovaskychina/xmysql-server/server/net.(*session).handleTCPPackage:709) [session.handleTCPPackage] 收到数据，长度: 1, 内容: [10]

[00:36:26 CST 2026/05/17] [INFO] (session.go:github.com/zhukovaskychina/xmysql-server/server/net.(*session).handleTCPPackage:709) [session.handleTCPPackage] 收到数据，长度: 1, 内容: [10]

[00:36:27 CST 2026/05/17] [INFO] (session.go:github.com/zhukovaskychina/xmysql-server/server/net.(*session).handleTCPPackage:709) [session.handleTCPPackage] 收到数据，长度: 1, 内容: [10]

[00:36:28 CST 2026/05/17] [INFO] (session.go:github.com/zhukovaskychina/xmysql-server/server/net.(*session).handleTCPPackage:709) [session.handleTCPPackage] 收到数据，长度: 1, 内容: [10]

[00:36:29 CST 2026/05/17] [INFO] (session.go:github.com/zhukovaskychina/xmysql-server/server/net.(*session).handleTCPPackage:709) [session.handleTCPPackage] 收到数据，长度: 1, 内容: [10]

[00:36:30 CST 2026/05/17] [INFO] (session.go:github.com/zhukovaskychina/xmysql-server/server/net.(*session).handleTCPPackage:709) [session.handleTCPPackage] 收到数据，长度: 1, 内容: [10]

[00:36:31 CST 2026/05/17] [INFO] (session.go:github.com/zhukovaskychina/xmysql-server/server/net.(*session).handleTCPPackage:709) [session.handleTCPPackage] 收到数据，长度: 1, 内容: [10]

[00:36:32 CST 2026/05/17] [INFO] (session.go:github.com/zhukovaskychina/xmysql-server/server/net.(*session).handleTCPPackage:709) [session.handleTCPPackage] 收到数据，长度: 1, 内容: [10]

[00:36:33 CST 2026/05/17] [INFO] (session.go:github.com/zhukovaskychina/xmysql-server/server/net.(*session).handleTCPPackage:709) [session.handleTCPPackage] 收到数据，长度: 1, 内容: [10]

[00:36:34 CST 2026/05/17] [INFO] (session.go:github.com/zhukovaskychina/xmysql-server/server/net.(*session).handleTCPPackage:709) [session.handleTCPPackage] 收到数据，长度: 1, 内容: [10]

[00:36:35 CST 2026/05/17] [INFO] (session.go:github.com/zhukovaskychina/xmysql-server/server/net.(*session).handleTCPPackage:709) [session.handleTCPPackage] 收到数据，长度: 1, 内容: [10]

[00:36:36 CST 2026/05/17] [INFO] (session.go:github.com/zhukovaskychina/xmysql-server/server/net.(*session).handleTCPPackage:709) [session.handleTCPPackage] 收到数据，长度: 1, 内容: [10]

[00:36:37 CST 2026/05/17] [INFO] (session.go:github.com/zhukovaskychina/xmysql-server/server/net.(*session).handleTCPPackage:709) [session.handleTCPPackage] 收到数据，长度: 1, 内容: [10]

[00:36:38 CST 2026/05/17] [INFO] (session.go:github.com/zhukovaskychina/xmysql-server/server/net.(*session).handleTCPPackage:709) [session.handleTCPPackage] 收到数据，长度: 1, 内容: [10]

[00:36:39 CST 2026/05/17] [INFO] (session.go:github.com/zhukovaskychina/xmysql-server/server/net.(*session).handleTCPPackage:709) [session.handleTCPPackage] 收到数据，长度: 1, 内容: [10]

[00:36:40 CST 2026/05/17] [INFO] (session.go:github.com/zhukovaskychina/xmysql-server/server/net.(*session).handleTCPPackage:709) [session.handleTCPPackage] 收到数据，长度: 1, 内容: [10]

[00:36:41 CST 2026/05/17] [INFO] (session.go:github.com/zhukovaskychina/xmysql-server/server/net.(*session).handleTCPPackage:709) [session.handleTCPPackage] 收到数据，长度: 1, 内容: [10]

[00:36:42 CST 2026/05/17] [INFO] (session.go:github.com/zhukovaskychina/xmysql-server/server/net.(*session).handleTCPPackage:709) [session.handleTCPPackage] 收到数据，长度: 1, 内容: [10]

[00:36:43 CST 2026/05/17] [INFO] (session.go:github.com/zhukovaskychina/xmysql-server/server/net.(*session).handleTCPPackage:709) [session.handleTCPPackage] 收到数据，长度: 1, 内容: [10]

[00:36:44 CST 2026/05/17] [INFO] (session.go:github.com/zhukovaskychina/xmysql-server/server/net.(*session).handleTCPPackage:709) [session.handleTCPPackage] 收到数据，长度: 1, 内容: [10]

[00:36:47 CST 2026/05/17] [INFO] (main.go:main.main:60) Logger initialized successfully with level: info

[00:36:47 CST 2026/05/17] [INFO] (main.go:main.main:62) XMySQL Server starting...
[00:36:47 CST 2026/05/17] [WARN] (mysql_user_data.go:github.com/zhukovaskychina/xmysql-server/server/innodb/manager.(*StorageManager).InitializeMySQLUserData:781) Warning: Enhanced B+tree verification warning: consistency check failed: page 64 record count mismatch
[00:36:47 CST 2026/05/17] [INFO] (enginx.go:github.com/zhukovaskychina/xmysql-server/server/innodb/engine.(*XMySQLEngine).initRecoveryLayer:216) No checkpoint found, starting recovery from LSN 0
[00:36:47 CST 2026/05/17] [WARN] (mysql_user_data.go:github.com/zhukovaskychina/xmysql-server/server/innodb/manager.(*StorageManager).InitializeMySQLUserData:781) Warning: Enhanced B+tree verification warning: consistency check failed: page 64 record count mismatch
[00:36:47 CST 2026/05/17] [INFO] (enginx.go:github.com/zhukovaskychina/xmysql-server/server/innodb/engine.(*XMySQLEngine).initRecoveryLayer:216) No checkpoint found, starting recovery from LSN 0
[00:36:47 CST 2026/05/17] [INFO] (main.go:main.main:66) Starting MySQL server...
[00:36:47 CST 2026/05/17] [INFO] (enginx.go:github.com/zhukovaskychina/xmysql-server/server/innodb/engine.(*XMySQLEngine).Start:75) 🚀 Starting XMySQL Engine...
[00:36:47 CST 2026/05/17] [INFO] (enginx.go:github.com/zhukovaskychina/xmysql-server/server/innodb/engine.(*XMySQLEngine).Start:78) 🏥 Performing crash recovery...
[00:36:47 CST 2026/05/17] [INFO] (enginx.go:github.com/zhukovaskychina/xmysql-server/server/innodb/engine.(*XMySQLEngine).Start:82) ✅ Crash recovery completed successfully
[00:36:47 CST 2026/05/17] [INFO] (enginx.go:github.com/zhukovaskychina/xmysql-server/server/innodb/engine.(*XMySQLEngine).Start:85) 💾 Starting Checkpoint Manager...
[00:36:47 CST 2026/05/17] [INFO] (storage_integrated_checkpoint.go:github.com/zhukovaskychina/xmysql-server/server/innodb/engine.(*CheckpointManager).Start:103) 🚀 启动检查点管理器
[00:36:47 CST 2026/05/17] [INFO] (storage_integrated_checkpoint.go:github.com/zhukovaskychina/xmysql-server/server/innodb/engine.(*CheckpointManager).Start:117) 📄 没有找到有效的检查点，将从头开始
[00:36:47 CST 2026/05/17] [INFO] (storage_integrated_checkpoint.go:github.com/zhukovaskychina/xmysql-server/server/innodb/engine.(*CheckpointManager).Start:122)  检查点管理器启动成功
[00:36:47 CST 2026/05/17] [INFO] (enginx.go:github.com/zhukovaskychina/xmysql-server/server/innodb/engine.(*XMySQLEngine).Start:90) ✅ XMySQL Engine started successfully
[00:36:47 CST 2026/05/17] [INFO] (session.go:github.com/zhukovaskychina/xmysql-server/server/net.(*session).handleTCPPackage:709) [session.handleTCPPackage] 收到数据，长度: 1, 内容: [10]

[00:36:48 CST 2026/05/17] [INFO] (session.go:github.com/zhukovaskychina/xmysql-server/server/net.(*session).handleTCPPackage:709) [session.handleTCPPackage] 收到数据，长度: 92, 内容: [88 0 0 1 141 162 10 0 0 0 0 0 33 0 0 0 0 0 0 0 0 0 0 0 0 0 0 0 0 0 0 0 0 0 0 0 120 109 121 115 113 108 0 20 16 29 218 175 53 35 185 39 122 54 137 192 110 139 96 186 248 179 110 96 109 121 115 113 108 0 109 121 115 113 108 95 110 97 116 105 118 101 95 112 97 115 115 119 111 114 100 0]

[00:36:48 CST 2026/05/17] [WARN] (select_executor.go:github.com/zhukovaskychina/xmysql-server/server/innodb/engine.(*SelectExecutor).executeUserTableQuery:355)   [SelectExecutor] 无法获取存储管理器，创建默认 mysql.user 数据
[00:36:48 CST 2026/05/17] [WARN] (select_executor.go:github.com/zhukovaskychina/xmysql-server/server/innodb/engine.(*SelectExecutor).executeUserTableQuery:355)   [SelectExecutor] 无法获取存储管理器，创建默认 mysql.user 数据
[00:36:48 CST 2026/05/17] [INFO] (session.go:github.com/zhukovaskychina/xmysql-server/server/net.(*session).handleTCPPackage:709) [session.handleTCPPackage] 收到数据，长度: 5, 内容: [1 0 0 0 14]

[00:36:48 CST 2026/05/17] [INFO] (session.go:github.com/zhukovaskychina/xmysql-server/server/net.(*session).handleTCPPackage:709) [session.handleTCPPackage] 收到数据，长度: 42, 内容: [38 0 0 0 3 85 83 69 32 100 114 105 108 108 95 114 101 99 111 118 101 114 121 95 100 98 95 50 48 50 54 48 53 49 55 95 48 48 51 54 49 51]

[00:36:48 CST 2026/05/17] [WARN] (select_executor.go:github.com/zhukovaskychina/xmysql-server/server/innodb/engine.(*SelectExecutor).executeUserTableQuery:355)   [SelectExecutor] 无法获取存储管理器，创建默认 mysql.user 数据
[00:36:48 CST 2026/05/17] [WARN] (select_executor.go:github.com/zhukovaskychina/xmysql-server/server/innodb/engine.(*SelectExecutor).executeUserTableQuery:355)   [SelectExecutor] 无法获取存储管理器，创建默认 mysql.user 数据
[00:36:48 CST 2026/05/17] [INFO] (session.go:github.com/zhukovaskychina/xmysql-server/server/net.(*session).handleTCPPackage:709) [session.handleTCPPackage] 收到数据，长度: 92, 内容: [88 0 0 1 141 162 10 0 0 0 0 0 33 0 0 0 0 0 0 0 0 0 0 0 0 0 0 0 0 0 0 0 0 0 0 0 120 109 121 115 113 108 0 20 11 142 142 16 10 108 151 48 152 98 195 81 109 27 108 244 85 224 39 212 109 121 115 113 108 0 109 121 115 113 108 95 110 97 116 105 118 101 95 112 97 115 115 119 111 114 100 0]

[00:36:48 CST 2026/05/17] [INFO] (session.go:github.com/zhukovaskychina/xmysql-server/server/net.(*session).handleTCPPackage:709) [session.handleTCPPackage] 收到数据，长度: 5, 内容: [1 0 0 0 14]

[00:36:48 CST 2026/05/17] [INFO] (session.go:github.com/zhukovaskychina/xmysql-server/server/net.(*session).handleTCPPackage:709) [session.handleTCPPackage] 收到数据，长度: 42, 内容: [38 0 0 0 3 85 83 69 32 100 114 105 108 108 95 114 101 99 111 118 101 114 121 95 100 98 95 50 48 50 54 48 53 49 55 95 48 48 51 54 49 51]

[00:36:52 CST 2026/05/17] [INFO] (session.go:github.com/zhukovaskychina/xmysql-server/server/net.(*session).handleTCPPackage:709) [session.handleTCPPackage] 收到数据，长度: 1, 内容: [10]

[00:36:53 CST 2026/05/17] [INFO] (session.go:github.com/zhukovaskychina/xmysql-server/server/net.(*session).handleTCPPackage:709) [session.handleTCPPackage] 收到数据，长度: 1, 内容: [10]

[00:36:54 CST 2026/05/17] [INFO] (session.go:github.com/zhukovaskychina/xmysql-server/server/net.(*session).handleTCPPackage:709) [session.handleTCPPackage] 收到数据，长度: 1, 内容: [10]

[00:36:55 CST 2026/05/17] [INFO] (session.go:github.com/zhukovaskychina/xmysql-server/server/net.(*session).handleTCPPackage:709) [session.handleTCPPackage] 收到数据，长度: 1, 内容: [10]

[00:36:56 CST 2026/05/17] [INFO] (session.go:github.com/zhukovaskychina/xmysql-server/server/net.(*session).handleTCPPackage:709) [session.handleTCPPackage] 收到数据，长度: 1, 内容: [10]

[00:36:57 CST 2026/05/17] [INFO] (session.go:github.com/zhukovaskychina/xmysql-server/server/net.(*session).handleTCPPackage:709) [session.handleTCPPackage] 收到数据，长度: 1, 内容: [10]

[00:36:58 CST 2026/05/17] [INFO] (session.go:github.com/zhukovaskychina/xmysql-server/server/net.(*session).handleTCPPackage:709) [session.handleTCPPackage] 收到数据，长度: 1, 内容: [10]

[00:36:59 CST 2026/05/17] [INFO] (session.go:github.com/zhukovaskychina/xmysql-server/server/net.(*session).handleTCPPackage:709) [session.handleTCPPackage] 收到数据，长度: 1, 内容: [10]

[00:37:00 CST 2026/05/17] [INFO] (session.go:github.com/zhukovaskychina/xmysql-server/server/net.(*session).handleTCPPackage:709) [session.handleTCPPackage] 收到数据，长度: 1, 内容: [10]

[00:37:01 CST 2026/05/17] [INFO] (session.go:github.com/zhukovaskychina/xmysql-server/server/net.(*session).handleTCPPackage:709) [session.handleTCPPackage] 收到数据，长度: 1, 内容: [10]

[00:37:03 CST 2026/05/17] [INFO] (session.go:github.com/zhukovaskychina/xmysql-server/server/net.(*session).handleTCPPackage:709) [session.handleTCPPackage] 收到数据，长度: 1, 内容: [10]

[00:37:04 CST 2026/05/17] [INFO] (session.go:github.com/zhukovaskychina/xmysql-server/server/net.(*session).handleTCPPackage:709) [session.handleTCPPackage] 收到数据，长度: 1, 内容: [10]

[00:37:05 CST 2026/05/17] [INFO] (session.go:github.com/zhukovaskychina/xmysql-server/server/net.(*session).handleTCPPackage:709) [session.handleTCPPackage] 收到数据，长度: 1, 内容: [10]

[00:37:06 CST 2026/05/17] [INFO] (session.go:github.com/zhukovaskychina/xmysql-server/server/net.(*session).handleTCPPackage:709) [session.handleTCPPackage] 收到数据，长度: 1, 内容: [10]

[00:37:07 CST 2026/05/17] [INFO] (session.go:github.com/zhukovaskychina/xmysql-server/server/net.(*session).handleTCPPackage:709) [session.handleTCPPackage] 收到数据，长度: 1, 内容: [10]

[00:37:08 CST 2026/05/17] [INFO] (session.go:github.com/zhukovaskychina/xmysql-server/server/net.(*session).handleTCPPackage:709) [session.handleTCPPackage] 收到数据，长度: 1, 内容: [10]

[00:37:09 CST 2026/05/17] [INFO] (session.go:github.com/zhukovaskychina/xmysql-server/server/net.(*session).handleTCPPackage:709) [session.handleTCPPackage] 收到数据，长度: 1, 内容: [10]

[00:37:10 CST 2026/05/17] [INFO] (session.go:github.com/zhukovaskychina/xmysql-server/server/net.(*session).handleTCPPackage:709) [session.handleTCPPackage] 收到数据，长度: 1, 内容: [10]

[00:37:11 CST 2026/05/17] [INFO] (session.go:github.com/zhukovaskychina/xmysql-server/server/net.(*session).handleTCPPackage:709) [session.handleTCPPackage] 收到数据，长度: 1, 内容: [10]

[00:37:12 CST 2026/05/17] [INFO] (session.go:github.com/zhukovaskychina/xmysql-server/server/net.(*session).handleTCPPackage:709) [session.handleTCPPackage] 收到数据，长度: 1, 内容: [10]

[00:37:13 CST 2026/05/17] [INFO] (session.go:github.com/zhukovaskychina/xmysql-server/server/net.(*session).handleTCPPackage:709) [session.handleTCPPackage] 收到数据，长度: 1, 内容: [10]

[00:37:14 CST 2026/05/17] [INFO] (session.go:github.com/zhukovaskychina/xmysql-server/server/net.(*session).handleTCPPackage:709) [session.handleTCPPackage] 收到数据，长度: 1, 内容: [10]

[00:37:15 CST 2026/05/17] [INFO] (session.go:github.com/zhukovaskychina/xmysql-server/server/net.(*session).handleTCPPackage:709) [session.handleTCPPackage] 收到数据，长度: 1, 内容: [10]

[00:37:16 CST 2026/05/17] [INFO] (session.go:github.com/zhukovaskychina/xmysql-server/server/net.(*session).handleTCPPackage:709) [session.handleTCPPackage] 收到数据，长度: 1, 内容: [10]

[00:37:17 CST 2026/05/17] [INFO] (session.go:github.com/zhukovaskychina/xmysql-server/server/net.(*session).handleTCPPackage:709) [session.handleTCPPackage] 收到数据，长度: 1, 内容: [10]

[00:37:18 CST 2026/05/17] [INFO] (session.go:github.com/zhukovaskychina/xmysql-server/server/net.(*session).handleTCPPackage:709) [session.handleTCPPackage] 收到数据，长度: 1, 内容: [10]

[00:37:19 CST 2026/05/17] [INFO] (session.go:github.com/zhukovaskychina/xmysql-server/server/net.(*session).handleTCPPackage:709) [session.handleTCPPackage] 收到数据，长度: 1, 内容: [10]

[00:37:20 CST 2026/05/17] [INFO] (session.go:github.com/zhukovaskychina/xmysql-server/server/net.(*session).handleTCPPackage:709) [session.handleTCPPackage] 收到数据，长度: 1, 内容: [10]

[00:37:21 CST 2026/05/17] [INFO] (session.go:github.com/zhukovaskychina/xmysql-server/server/net.(*session).handleTCPPackage:709) [session.handleTCPPackage] 收到数据，长度: 1, 内容: [10]

