[10:47:14 CST 2026/06/11] [INFO] (main.go:main.main:61) Logger initialized successfully with level: info

[10:47:14 CST 2026/06/11] [INFO] (main.go:main.main:63) XMySQL Server starting...
[10:47:14 CST 2026/06/11] [WARN] (mysql_user_data.go:github.com/zhukovaskychina/xmysql-server/server/innodb/manager.(*StorageManager).InitializeMySQLUserData:781) Warning: Enhanced B+tree verification warning: consistency check failed: page 128 record count mismatch
[10:47:14 CST 2026/06/11] [INFO] (enginx.go:github.com/zhukovaskychina/xmysql-server/server/innodb/engine.(*XMySQLEngine).initRecoveryLayer:239) No checkpoint found, starting recovery from LSN 0
[10:47:14 CST 2026/06/11] [WARN] (mysql_user_data.go:github.com/zhukovaskychina/xmysql-server/server/innodb/manager.(*StorageManager).InitializeMySQLUserData:781) Warning: Enhanced B+tree verification warning: consistency check failed: page 64 record count mismatch
[10:47:14 CST 2026/06/11] [INFO] (enginx.go:github.com/zhukovaskychina/xmysql-server/server/innodb/engine.(*XMySQLEngine).initRecoveryLayer:239) No checkpoint found, starting recovery from LSN 0
[10:47:14 CST 2026/06/11] [INFO] (main.go:main.main:67) Starting MySQL server...
[10:47:14 CST 2026/06/11] [INFO] (enginx.go:github.com/zhukovaskychina/xmysql-server/server/innodb/engine.(*XMySQLEngine).Start:76) 🚀 Starting XMySQL Engine...
[10:47:14 CST 2026/06/11] [INFO] (enginx.go:github.com/zhukovaskychina/xmysql-server/server/innodb/engine.(*XMySQLEngine).Start:80) 🏥 Performing crash recovery...
[10:47:14 CST 2026/06/11] [INFO] (enginx.go:github.com/zhukovaskychina/xmysql-server/server/innodb/engine.(*XMySQLEngine).Start:84) ✅ Crash recovery completed successfully
[10:47:14 CST 2026/06/11] [INFO] (enginx.go:github.com/zhukovaskychina/xmysql-server/server/innodb/engine.(*XMySQLEngine).Start:91) 💾 Starting Checkpoint Manager...
[10:47:14 CST 2026/06/11] [INFO] (storage_integrated_checkpoint.go:github.com/zhukovaskychina/xmysql-server/server/innodb/engine.(*CheckpointManager).Start:103) 🚀 启动检查点管理器
[10:47:14 CST 2026/06/11] [INFO] (storage_integrated_checkpoint.go:github.com/zhukovaskychina/xmysql-server/server/innodb/engine.(*CheckpointManager).Start:117) 📄 没有找到有效的检查点，将从头开始
[10:47:14 CST 2026/06/11] [INFO] (storage_integrated_checkpoint.go:github.com/zhukovaskychina/xmysql-server/server/innodb/engine.(*CheckpointManager).Start:122)  检查点管理器启动成功
[10:47:14 CST 2026/06/11] [INFO] (enginx.go:github.com/zhukovaskychina/xmysql-server/server/innodb/engine.(*XMySQLEngine).Start:97) ✅ XMySQL Engine started successfully
[10:47:15 CST 2026/06/11] [INFO] (session.go:github.com/zhukovaskychina/xmysql-server/server/net.(*session).handleTCPPackage:715) [session.handleTCPPackage] 收到数据，长度: 1, 内容: [10]

[10:47:15 CST 2026/06/11] [INFO] (session.go:github.com/zhukovaskychina/xmysql-server/server/net.(*session).handleTCPPackage:715) [session.handleTCPPackage] 收到数据，长度: 90, 内容: [86 0 0 1 141 162 10 0 0 0 0 0 33 0 0 0 0 0 0 0 0 0 0 0 0 0 0 0 0 0 0 0 0 0 0 0 114 111 111 116 0 20 176 195 148 41 55 200 115 67 200 247 72 168 143 237 165 215 62 82 67 208 109 121 115 113 108 0 109 121 115 113 108 95 110 97 116 105 118 101 95 112 97 115 115 119 111 114 100 0]

[10:47:15 CST 2026/06/11] [WARN] (mysql_user_data.go:github.com/zhukovaskychina/xmysql-server/server/innodb/manager.(*StorageManager).QueryMySQLUser:835) Warning: Primary index not found due to metadata persistence issue
[10:47:15 CST 2026/06/11] [WARN] (mysql_user_data.go:github.com/zhukovaskychina/xmysql-server/server/innodb/manager.(*StorageManager).QueryMySQLUser:836) Falling back to hardcoded user lookup for: root@localhost
[10:47:15 CST 2026/06/11] [WARN] (mysql_user_data.go:github.com/zhukovaskychina/xmysql-server/server/innodb/manager.(*StorageManager).QueryMySQLUser:835) Warning: Primary index not found due to metadata persistence issue
[10:47:15 CST 2026/06/11] [WARN] (mysql_user_data.go:github.com/zhukovaskychina/xmysql-server/server/innodb/manager.(*StorageManager).QueryMySQLUser:836) Falling back to hardcoded user lookup for: root@localhost
[10:47:16 CST 2026/06/11] [INFO] (session.go:github.com/zhukovaskychina/xmysql-server/server/net.(*session).handleTCPPackage:715) [session.handleTCPPackage] 收到数据，长度: 90, 内容: [86 0 0 1 141 162 10 0 0 0 0 0 33 0 0 0 0 0 0 0 0 0 0 0 0 0 0 0 0 0 0 0 0 0 0 0 114 111 111 116 0 20 141 124 45 214 52 92 129 231 92 207 25 249 21 114 181 12 32 45 28 50 109 121 115 113 108 0 109 121 115 113 108 95 110 97 116 105 118 101 95 112 97 115 115 119 111 114 100 0]

[10:47:18 CST 2026/06/11] [INFO] (session.go:github.com/zhukovaskychina/xmysql-server/server/net.(*session).handleTCPPackage:715) [session.handleTCPPackage] 收到数据，长度: 90, 内容: [86 0 0 1 141 162 10 0 0 0 0 0 33 0 0 0 0 0 0 0 0 0 0 0 0 0 0 0 0 0 0 0 0 0 0 0 114 111 111 116 0 20 149 121 108 247 142 40 72 182 28 25 109 245 198 18 189 146 149 1 63 219 109 121 115 113 108 0 109 121 115 113 108 95 110 97 116 105 118 101 95 112 97 115 115 119 111 114 100 0]

[10:47:19 CST 2026/06/11] [INFO] (session.go:github.com/zhukovaskychina/xmysql-server/server/net.(*session).handleTCPPackage:715) [session.handleTCPPackage] 收到数据，长度: 90, 内容: [86 0 0 1 141 162 10 0 0 0 0 0 33 0 0 0 0 0 0 0 0 0 0 0 0 0 0 0 0 0 0 0 0 0 0 0 114 111 111 116 0 20 163 189 111 49 253 213 107 43 25 43 97 95 253 170 78 157 122 132 122 41 109 121 115 113 108 0 109 121 115 113 108 95 110 97 116 105 118 101 95 112 97 115 115 119 111 114 100 0]

[10:47:20 CST 2026/06/11] [INFO] (session.go:github.com/zhukovaskychina/xmysql-server/server/net.(*session).handleTCPPackage:715) [session.handleTCPPackage] 收到数据，长度: 90, 内容: [86 0 0 1 141 162 10 0 0 0 0 0 33 0 0 0 0 0 0 0 0 0 0 0 0 0 0 0 0 0 0 0 0 0 0 0 114 111 111 116 0 20 107 52 160 122 248 241 238 235 218 38 97 78 183 126 113 204 236 49 213 181 109 121 115 113 108 0 109 121 115 113 108 95 110 97 116 105 118 101 95 112 97 115 115 119 111 114 100 0]

[10:47:21 CST 2026/06/11] [INFO] (session.go:github.com/zhukovaskychina/xmysql-server/server/net.(*session).handleTCPPackage:715) [session.handleTCPPackage] 收到数据，长度: 90, 内容: [86 0 0 1 141 162 10 0 0 0 0 0 33 0 0 0 0 0 0 0 0 0 0 0 0 0 0 0 0 0 0 0 0 0 0 0 114 111 111 116 0 20 68 242 236 147 17 155 39 90 149 12 133 48 100 67 100 28 163 156 213 10 109 121 115 113 108 0 109 121 115 113 108 95 110 97 116 105 118 101 95 112 97 115 115 119 111 114 100 0]

[10:47:22 CST 2026/06/11] [INFO] (session.go:github.com/zhukovaskychina/xmysql-server/server/net.(*session).handleTCPPackage:715) [session.handleTCPPackage] 收到数据，长度: 90, 内容: [86 0 0 1 141 162 10 0 0 0 0 0 33 0 0 0 0 0 0 0 0 0 0 0 0 0 0 0 0 0 0 0 0 0 0 0 114 111 111 116 0 20 100 181 42 41 169 105 43 247 43 74 155 142 188 152 188 175 162 212 223 159 109 121 115 113 108 0 109 121 115 113 108 95 110 97 116 105 118 101 95 112 97 115 115 119 111 114 100 0]

[10:47:23 CST 2026/06/11] [INFO] (session.go:github.com/zhukovaskychina/xmysql-server/server/net.(*session).handleTCPPackage:715) [session.handleTCPPackage] 收到数据，长度: 90, 内容: [86 0 0 1 141 162 10 0 0 0 0 0 33 0 0 0 0 0 0 0 0 0 0 0 0 0 0 0 0 0 0 0 0 0 0 0 114 111 111 116 0 20 39 52 255 70 209 22 191 58 17 211 243 239 238 135 43 120 3 254 161 177 109 121 115 113 108 0 109 121 115 113 108 95 110 97 116 105 118 101 95 112 97 115 115 119 111 114 100 0]

[10:47:24 CST 2026/06/11] [INFO] (session.go:github.com/zhukovaskychina/xmysql-server/server/net.(*session).handleTCPPackage:715) [session.handleTCPPackage] 收到数据，长度: 90, 内容: [86 0 0 1 141 162 10 0 0 0 0 0 33 0 0 0 0 0 0 0 0 0 0 0 0 0 0 0 0 0 0 0 0 0 0 0 114 111 111 116 0 20 85 221 210 125 164 112 108 91 207 212 114 88 120 228 188 84 191 37 12 8 109 121 115 113 108 0 109 121 115 113 108 95 110 97 116 105 118 101 95 112 97 115 115 119 111 114 100 0]

[10:47:25 CST 2026/06/11] [INFO] (session.go:github.com/zhukovaskychina/xmysql-server/server/net.(*session).handleTCPPackage:715) [session.handleTCPPackage] 收到数据，长度: 90, 内容: [86 0 0 1 141 162 10 0 0 0 0 0 33 0 0 0 0 0 0 0 0 0 0 0 0 0 0 0 0 0 0 0 0 0 0 0 114 111 111 116 0 20 40 52 61 149 103 72 99 21 145 98 108 18 119 97 66 12 100 159 122 41 109 121 115 113 108 0 109 121 115 113 108 95 110 97 116 105 118 101 95 112 97 115 115 119 111 114 100 0]

[10:47:26 CST 2026/06/11] [INFO] (session.go:github.com/zhukovaskychina/xmysql-server/server/net.(*session).handleTCPPackage:715) [session.handleTCPPackage] 收到数据，长度: 90, 内容: [86 0 0 1 141 162 10 0 0 0 0 0 33 0 0 0 0 0 0 0 0 0 0 0 0 0 0 0 0 0 0 0 0 0 0 0 114 111 111 116 0 20 104 98 162 30 150 157 132 47 65 18 62 23 73 32 187 158 99 33 233 179 109 121 115 113 108 0 109 121 115 113 108 95 110 97 116 105 118 101 95 112 97 115 115 119 111 114 100 0]

[10:47:27 CST 2026/06/11] [INFO] (session.go:github.com/zhukovaskychina/xmysql-server/server/net.(*session).handleTCPPackage:715) [session.handleTCPPackage] 收到数据，长度: 90, 内容: [86 0 0 1 141 162 10 0 0 0 0 0 33 0 0 0 0 0 0 0 0 0 0 0 0 0 0 0 0 0 0 0 0 0 0 0 114 111 111 116 0 20 101 173 16 128 130 183 238 17 7 238 48 137 32 192 123 97 31 93 2 214 109 121 115 113 108 0 109 121 115 113 108 95 110 97 116 105 118 101 95 112 97 115 115 119 111 114 100 0]

[10:47:28 CST 2026/06/11] [INFO] (session.go:github.com/zhukovaskychina/xmysql-server/server/net.(*session).handleTCPPackage:715) [session.handleTCPPackage] 收到数据，长度: 90, 内容: [86 0 0 1 141 162 10 0 0 0 0 0 33 0 0 0 0 0 0 0 0 0 0 0 0 0 0 0 0 0 0 0 0 0 0 0 114 111 111 116 0 20 186 47 242 29 4 141 130 143 174 147 187 165 222 2 38 147 170 213 14 134 109 121 115 113 108 0 109 121 115 113 108 95 110 97 116 105 118 101 95 112 97 115 115 119 111 114 100 0]

[10:47:29 CST 2026/06/11] [INFO] (session.go:github.com/zhukovaskychina/xmysql-server/server/net.(*session).handleTCPPackage:715) [session.handleTCPPackage] 收到数据，长度: 90, 内容: [86 0 0 1 141 162 10 0 0 0 0 0 33 0 0 0 0 0 0 0 0 0 0 0 0 0 0 0 0 0 0 0 0 0 0 0 114 111 111 116 0 20 239 88 183 240 238 43 45 108 229 143 247 42 88 115 23 28 4 104 194 14 109 121 115 113 108 0 109 121 115 113 108 95 110 97 116 105 118 101 95 112 97 115 115 119 111 114 100 0]

[10:47:31 CST 2026/06/11] [INFO] (session.go:github.com/zhukovaskychina/xmysql-server/server/net.(*session).handleTCPPackage:715) [session.handleTCPPackage] 收到数据，长度: 90, 内容: [86 0 0 1 141 162 10 0 0 0 0 0 33 0 0 0 0 0 0 0 0 0 0 0 0 0 0 0 0 0 0 0 0 0 0 0 114 111 111 116 0 20 128 96 240 111 33 29 132 242 66 177 51 189 87 99 85 1 167 187 71 118 109 121 115 113 108 0 109 121 115 113 108 95 110 97 116 105 118 101 95 112 97 115 115 119 111 114 100 0]

[10:47:33 CST 2026/06/11] [INFO] (session.go:github.com/zhukovaskychina/xmysql-server/server/net.(*session).handleTCPPackage:715) [session.handleTCPPackage] 收到数据，长度: 90, 内容: [86 0 0 1 141 162 10 0 0 0 0 0 33 0 0 0 0 0 0 0 0 0 0 0 0 0 0 0 0 0 0 0 0 0 0 0 114 111 111 116 0 20 183 1 24 181 29 67 139 124 58 240 207 197 220 217 216 148 148 74 1 1 109 121 115 113 108 0 109 121 115 113 108 95 110 97 116 105 118 101 95 112 97 115 115 119 111 114 100 0]

[10:47:34 CST 2026/06/11] [INFO] (session.go:github.com/zhukovaskychina/xmysql-server/server/net.(*session).handleTCPPackage:715) [session.handleTCPPackage] 收到数据，长度: 90, 内容: [86 0 0 1 141 162 10 0 0 0 0 0 33 0 0 0 0 0 0 0 0 0 0 0 0 0 0 0 0 0 0 0 0 0 0 0 114 111 111 116 0 20 240 188 59 55 38 227 108 221 181 182 42 2 26 175 103 242 211 179 112 18 109 121 115 113 108 0 109 121 115 113 108 95 110 97 116 105 118 101 95 112 97 115 115 119 111 114 100 0]

[10:47:35 CST 2026/06/11] [INFO] (session.go:github.com/zhukovaskychina/xmysql-server/server/net.(*session).handleTCPPackage:715) [session.handleTCPPackage] 收到数据，长度: 90, 内容: [86 0 0 1 141 162 10 0 0 0 0 0 33 0 0 0 0 0 0 0 0 0 0 0 0 0 0 0 0 0 0 0 0 0 0 0 114 111 111 116 0 20 75 27 40 217 31 17 1 211 121 241 159 146 209 47 221 193 108 249 218 207 109 121 115 113 108 0 109 121 115 113 108 95 110 97 116 105 118 101 95 112 97 115 115 119 111 114 100 0]

[10:47:36 CST 2026/06/11] [INFO] (session.go:github.com/zhukovaskychina/xmysql-server/server/net.(*session).handleTCPPackage:715) [session.handleTCPPackage] 收到数据，长度: 90, 内容: [86 0 0 1 141 162 10 0 0 0 0 0 33 0 0 0 0 0 0 0 0 0 0 0 0 0 0 0 0 0 0 0 0 0 0 0 114 111 111 116 0 20 7 204 56 117 56 166 176 125 225 237 218 191 236 187 150 159 132 3 240 12 109 121 115 113 108 0 109 121 115 113 108 95 110 97 116 105 118 101 95 112 97 115 115 119 111 114 100 0]

[10:47:37 CST 2026/06/11] [INFO] (session.go:github.com/zhukovaskychina/xmysql-server/server/net.(*session).handleTCPPackage:715) [session.handleTCPPackage] 收到数据，长度: 90, 内容: [86 0 0 1 141 162 10 0 0 0 0 0 33 0 0 0 0 0 0 0 0 0 0 0 0 0 0 0 0 0 0 0 0 0 0 0 114 111 111 116 0 20 98 180 127 195 202 60 21 91 200 90 84 28 229 114 145 234 95 174 241 232 109 121 115 113 108 0 109 121 115 113 108 95 110 97 116 105 118 101 95 112 97 115 115 119 111 114 100 0]

[10:47:38 CST 2026/06/11] [INFO] (session.go:github.com/zhukovaskychina/xmysql-server/server/net.(*session).handleTCPPackage:715) [session.handleTCPPackage] 收到数据，长度: 90, 内容: [86 0 0 1 141 162 10 0 0 0 0 0 33 0 0 0 0 0 0 0 0 0 0 0 0 0 0 0 0 0 0 0 0 0 0 0 114 111 111 116 0 20 30 78 170 38 11 118 238 181 47 195 70 184 184 74 54 94 249 201 246 28 109 121 115 113 108 0 109 121 115 113 108 95 110 97 116 105 118 101 95 112 97 115 115 119 111 114 100 0]

[10:47:38 CST 2026/06/11] [INFO] (session.go:github.com/zhukovaskychina/xmysql-server/server/net.(*session).handleTCPPackage:715) [session.handleTCPPackage] 收到数据，长度: 90, 内容: [86 0 0 1 141 162 10 0 0 0 0 0 33 0 0 0 0 0 0 0 0 0 0 0 0 0 0 0 0 0 0 0 0 0 0 0 114 111 111 116 0 20 169 45 244 9 192 36 164 238 202 206 255 183 103 152 251 184 160 209 119 232 109 121 115 113 108 0 109 121 115 113 108 95 110 97 116 105 118 101 95 112 97 115 115 119 111 114 100 0]

[10:47:38 CST 2026/06/11] [INFO] (session.go:github.com/zhukovaskychina/xmysql-server/server/net.(*session).handleTCPPackage:715) [session.handleTCPPackage] 收到数据，长度: 1, 内容: [10]

[10:47:39 CST 2026/06/11] [INFO] (session.go:github.com/zhukovaskychina/xmysql-server/server/net.(*session).handleTCPPackage:715) [session.handleTCPPackage] 收到数据，长度: 1, 内容: [10]

[10:47:40 CST 2026/06/11] [INFO] (session.go:github.com/zhukovaskychina/xmysql-server/server/net.(*session).handleTCPPackage:715) [session.handleTCPPackage] 收到数据，长度: 1, 内容: [10]

[10:47:41 CST 2026/06/11] [INFO] (session.go:github.com/zhukovaskychina/xmysql-server/server/net.(*session).handleTCPPackage:715) [session.handleTCPPackage] 收到数据，长度: 1, 内容: [10]

[10:47:42 CST 2026/06/11] [INFO] (session.go:github.com/zhukovaskychina/xmysql-server/server/net.(*session).handleTCPPackage:715) [session.handleTCPPackage] 收到数据，长度: 1, 内容: [10]

[10:47:43 CST 2026/06/11] [INFO] (session.go:github.com/zhukovaskychina/xmysql-server/server/net.(*session).handleTCPPackage:715) [session.handleTCPPackage] 收到数据，长度: 1, 内容: [10]

[10:47:45 CST 2026/06/11] [INFO] (session.go:github.com/zhukovaskychina/xmysql-server/server/net.(*session).handleTCPPackage:715) [session.handleTCPPackage] 收到数据，长度: 1, 内容: [10]

[10:47:47 CST 2026/06/11] [INFO] (session.go:github.com/zhukovaskychina/xmysql-server/server/net.(*session).handleTCPPackage:715) [session.handleTCPPackage] 收到数据，长度: 1, 内容: [10]

[10:47:50 CST 2026/06/11] [INFO] (session.go:github.com/zhukovaskychina/xmysql-server/server/net.(*session).handleTCPPackage:715) [session.handleTCPPackage] 收到数据，长度: 1, 内容: [10]

[10:47:51 CST 2026/06/11] [INFO] (session.go:github.com/zhukovaskychina/xmysql-server/server/net.(*session).handleTCPPackage:715) [session.handleTCPPackage] 收到数据，长度: 1, 内容: [10]

[10:47:52 CST 2026/06/11] [INFO] (session.go:github.com/zhukovaskychina/xmysql-server/server/net.(*session).handleTCPPackage:715) [session.handleTCPPackage] 收到数据，长度: 1, 内容: [10]

[10:47:53 CST 2026/06/11] [INFO] (session.go:github.com/zhukovaskychina/xmysql-server/server/net.(*session).handleTCPPackage:715) [session.handleTCPPackage] 收到数据，长度: 1, 内容: [10]

[10:47:54 CST 2026/06/11] [INFO] (session.go:github.com/zhukovaskychina/xmysql-server/server/net.(*session).handleTCPPackage:715) [session.handleTCPPackage] 收到数据，长度: 1, 内容: [10]

[10:47:55 CST 2026/06/11] [INFO] (session.go:github.com/zhukovaskychina/xmysql-server/server/net.(*session).handleTCPPackage:715) [session.handleTCPPackage] 收到数据，长度: 1, 内容: [10]

[10:47:56 CST 2026/06/11] [INFO] (session.go:github.com/zhukovaskychina/xmysql-server/server/net.(*session).handleTCPPackage:715) [session.handleTCPPackage] 收到数据，长度: 1, 内容: [10]

[10:47:58 CST 2026/06/11] [INFO] (session.go:github.com/zhukovaskychina/xmysql-server/server/net.(*session).handleTCPPackage:715) [session.handleTCPPackage] 收到数据，长度: 1, 内容: [10]

[10:48:01 CST 2026/06/11] [INFO] (session.go:github.com/zhukovaskychina/xmysql-server/server/net.(*session).handleTCPPackage:715) [session.handleTCPPackage] 收到数据，长度: 1, 内容: [10]

[10:48:02 CST 2026/06/11] [INFO] (session.go:github.com/zhukovaskychina/xmysql-server/server/net.(*session).handleTCPPackage:715) [session.handleTCPPackage] 收到数据，长度: 1, 内容: [10]

[10:48:03 CST 2026/06/11] [INFO] (session.go:github.com/zhukovaskychina/xmysql-server/server/net.(*session).handleTCPPackage:715) [session.handleTCPPackage] 收到数据，长度: 1, 内容: [10]

[10:48:04 CST 2026/06/11] [INFO] (session.go:github.com/zhukovaskychina/xmysql-server/server/net.(*session).handleTCPPackage:715) [session.handleTCPPackage] 收到数据，长度: 1, 内容: [10]

[10:48:05 CST 2026/06/11] [INFO] (session.go:github.com/zhukovaskychina/xmysql-server/server/net.(*session).handleTCPPackage:715) [session.handleTCPPackage] 收到数据，长度: 1, 内容: [10]

[10:48:06 CST 2026/06/11] [INFO] (session.go:github.com/zhukovaskychina/xmysql-server/server/net.(*session).handleTCPPackage:715) [session.handleTCPPackage] 收到数据，长度: 1, 内容: [10]

[10:48:07 CST 2026/06/11] [INFO] (session.go:github.com/zhukovaskychina/xmysql-server/server/net.(*session).handleTCPPackage:715) [session.handleTCPPackage] 收到数据，长度: 1, 内容: [10]

[10:48:08 CST 2026/06/11] [INFO] (session.go:github.com/zhukovaskychina/xmysql-server/server/net.(*session).handleTCPPackage:715) [session.handleTCPPackage] 收到数据，长度: 1, 内容: [10]

[10:48:10 CST 2026/06/11] [INFO] (session.go:github.com/zhukovaskychina/xmysql-server/server/net.(*session).handleTCPPackage:715) [session.handleTCPPackage] 收到数据，长度: 1, 内容: [10]

[10:48:11 CST 2026/06/11] [INFO] (session.go:github.com/zhukovaskychina/xmysql-server/server/net.(*session).handleTCPPackage:715) [session.handleTCPPackage] 收到数据，长度: 1, 内容: [10]

[10:48:12 CST 2026/06/11] [INFO] (session.go:github.com/zhukovaskychina/xmysql-server/server/net.(*session).handleTCPPackage:715) [session.handleTCPPackage] 收到数据，长度: 1, 内容: [10]

[10:48:13 CST 2026/06/11] [INFO] (session.go:github.com/zhukovaskychina/xmysql-server/server/net.(*session).handleTCPPackage:715) [session.handleTCPPackage] 收到数据，长度: 1, 内容: [10]

[10:48:14 CST 2026/06/11] [INFO] (session.go:github.com/zhukovaskychina/xmysql-server/server/net.(*session).handleTCPPackage:715) [session.handleTCPPackage] 收到数据，长度: 1, 内容: [10]

[10:48:15 CST 2026/06/11] [INFO] (session.go:github.com/zhukovaskychina/xmysql-server/server/net.(*session).handleTCPPackage:715) [session.handleTCPPackage] 收到数据，长度: 1, 内容: [10]

[10:48:18 CST 2026/06/11] [INFO] (main.go:main.main:61) Logger initialized successfully with level: info

[10:48:18 CST 2026/06/11] [INFO] (main.go:main.main:63) XMySQL Server starting...
[10:48:18 CST 2026/06/11] [WARN] (mysql_user_data.go:github.com/zhukovaskychina/xmysql-server/server/innodb/manager.(*StorageManager).InitializeMySQLUserData:781) Warning: Enhanced B+tree verification warning: consistency check failed: page 64 record count mismatch
[10:48:18 CST 2026/06/11] [INFO] (enginx.go:github.com/zhukovaskychina/xmysql-server/server/innodb/engine.(*XMySQLEngine).initRecoveryLayer:239) No checkpoint found, starting recovery from LSN 0
[10:48:18 CST 2026/06/11] [WARN] (mysql_user_data.go:github.com/zhukovaskychina/xmysql-server/server/innodb/manager.(*StorageManager).InitializeMySQLUserData:781) Warning: Enhanced B+tree verification warning: consistency check failed: page 64 record count mismatch
[10:48:18 CST 2026/06/11] [INFO] (enginx.go:github.com/zhukovaskychina/xmysql-server/server/innodb/engine.(*XMySQLEngine).initRecoveryLayer:239) No checkpoint found, starting recovery from LSN 0
[10:48:18 CST 2026/06/11] [INFO] (main.go:main.main:67) Starting MySQL server...
[10:48:18 CST 2026/06/11] [INFO] (enginx.go:github.com/zhukovaskychina/xmysql-server/server/innodb/engine.(*XMySQLEngine).Start:76) 🚀 Starting XMySQL Engine...
[10:48:18 CST 2026/06/11] [INFO] (enginx.go:github.com/zhukovaskychina/xmysql-server/server/innodb/engine.(*XMySQLEngine).Start:80) 🏥 Performing crash recovery...
[10:48:18 CST 2026/06/11] [INFO] (enginx.go:github.com/zhukovaskychina/xmysql-server/server/innodb/engine.(*XMySQLEngine).Start:84) ✅ Crash recovery completed successfully
[10:48:18 CST 2026/06/11] [INFO] (enginx.go:github.com/zhukovaskychina/xmysql-server/server/innodb/engine.(*XMySQLEngine).Start:91) 💾 Starting Checkpoint Manager...
[10:48:18 CST 2026/06/11] [INFO] (storage_integrated_checkpoint.go:github.com/zhukovaskychina/xmysql-server/server/innodb/engine.(*CheckpointManager).Start:103) 🚀 启动检查点管理器
[10:48:18 CST 2026/06/11] [INFO] (storage_integrated_checkpoint.go:github.com/zhukovaskychina/xmysql-server/server/innodb/engine.(*CheckpointManager).Start:117) 📄 没有找到有效的检查点，将从头开始
[10:48:18 CST 2026/06/11] [INFO] (storage_integrated_checkpoint.go:github.com/zhukovaskychina/xmysql-server/server/innodb/engine.(*CheckpointManager).Start:122)  检查点管理器启动成功
[10:48:18 CST 2026/06/11] [INFO] (enginx.go:github.com/zhukovaskychina/xmysql-server/server/innodb/engine.(*XMySQLEngine).Start:97) ✅ XMySQL Engine started successfully
[10:48:18 CST 2026/06/11] [INFO] (session.go:github.com/zhukovaskychina/xmysql-server/server/net.(*session).handleTCPPackage:715) [session.handleTCPPackage] 收到数据，长度: 1, 内容: [10]

[10:48:26 CST 2026/06/11] [INFO] (session.go:github.com/zhukovaskychina/xmysql-server/server/net.(*session).handleTCPPackage:715) [session.handleTCPPackage] 收到数据，长度: 90, 内容: [86 0 0 1 141 162 10 0 0 0 0 0 33 0 0 0 0 0 0 0 0 0 0 0 0 0 0 0 0 0 0 0 0 0 0 0 114 111 111 116 0 20 242 49 62 17 237 183 74 66 172 174 212 50 84 171 168 43 15 244 119 3 109 121 115 113 108 0 109 121 115 113 108 95 110 97 116 105 118 101 95 112 97 115 115 119 111 114 100 0]

[10:48:26 CST 2026/06/11] [WARN] (mysql_user_data.go:github.com/zhukovaskychina/xmysql-server/server/innodb/manager.(*StorageManager).QueryMySQLUser:835) Warning: Primary index not found due to metadata persistence issue
[10:48:26 CST 2026/06/11] [WARN] (mysql_user_data.go:github.com/zhukovaskychina/xmysql-server/server/innodb/manager.(*StorageManager).QueryMySQLUser:836) Falling back to hardcoded user lookup for: root@localhost
[10:48:26 CST 2026/06/11] [WARN] (mysql_user_data.go:github.com/zhukovaskychina/xmysql-server/server/innodb/manager.(*StorageManager).QueryMySQLUser:835) Warning: Primary index not found due to metadata persistence issue
[10:48:26 CST 2026/06/11] [WARN] (mysql_user_data.go:github.com/zhukovaskychina/xmysql-server/server/innodb/manager.(*StorageManager).QueryMySQLUser:836) Falling back to hardcoded user lookup for: root@localhost
[10:48:26 CST 2026/06/11] [INFO] (session.go:github.com/zhukovaskychina/xmysql-server/server/net.(*session).handleTCPPackage:715) [session.handleTCPPackage] 收到数据，长度: 90, 内容: [86 0 0 1 141 162 10 0 0 0 0 0 33 0 0 0 0 0 0 0 0 0 0 0 0 0 0 0 0 0 0 0 0 0 0 0 114 111 111 116 0 20 237 92 201 249 44 178 213 23 72 101 94 188 103 59 160 254 58 25 169 182 109 121 115 113 108 0 109 121 115 113 108 95 110 97 116 105 118 101 95 112 97 115 115 119 111 114 100 0]

[10:48:26 CST 2026/06/11] [INFO] (session.go:github.com/zhukovaskychina/xmysql-server/server/net.(*session).handleTCPPackage:715) [session.handleTCPPackage] 收到数据，长度: 90, 内容: [86 0 0 1 141 162 10 0 0 0 0 0 33 0 0 0 0 0 0 0 0 0 0 0 0 0 0 0 0 0 0 0 0 0 0 0 114 111 111 116 0 20 109 67 215 209 128 254 152 223 235 3 76 236 186 25 181 112 158 192 244 86 109 121 115 113 108 0 109 121 115 113 108 95 110 97 116 105 118 101 95 112 97 115 115 119 111 114 100 0]

[10:48:26 CST 2026/06/11] [INFO] (session.go:github.com/zhukovaskychina/xmysql-server/server/net.(*session).handleTCPPackage:715) [session.handleTCPPackage] 收到数据，长度: 1, 内容: [10]

[10:48:27 CST 2026/06/11] [INFO] (session.go:github.com/zhukovaskychina/xmysql-server/server/net.(*session).handleTCPPackage:715) [session.handleTCPPackage] 收到数据，长度: 1, 内容: [10]

[10:48:28 CST 2026/06/11] [INFO] (session.go:github.com/zhukovaskychina/xmysql-server/server/net.(*session).handleTCPPackage:715) [session.handleTCPPackage] 收到数据，长度: 1, 内容: [10]

[10:48:29 CST 2026/06/11] [INFO] (session.go:github.com/zhukovaskychina/xmysql-server/server/net.(*session).handleTCPPackage:715) [session.handleTCPPackage] 收到数据，长度: 1, 内容: [10]

[10:48:30 CST 2026/06/11] [INFO] (session.go:github.com/zhukovaskychina/xmysql-server/server/net.(*session).handleTCPPackage:715) [session.handleTCPPackage] 收到数据，长度: 1, 内容: [10]

[10:48:31 CST 2026/06/11] [INFO] (session.go:github.com/zhukovaskychina/xmysql-server/server/net.(*session).handleTCPPackage:715) [session.handleTCPPackage] 收到数据，长度: 1, 内容: [10]

[10:48:32 CST 2026/06/11] [INFO] (session.go:github.com/zhukovaskychina/xmysql-server/server/net.(*session).handleTCPPackage:715) [session.handleTCPPackage] 收到数据，长度: 1, 内容: [10]

[10:48:33 CST 2026/06/11] [INFO] (session.go:github.com/zhukovaskychina/xmysql-server/server/net.(*session).handleTCPPackage:715) [session.handleTCPPackage] 收到数据，长度: 1, 内容: [10]

[10:48:34 CST 2026/06/11] [INFO] (session.go:github.com/zhukovaskychina/xmysql-server/server/net.(*session).handleTCPPackage:715) [session.handleTCPPackage] 收到数据，长度: 1, 内容: [10]

[10:48:35 CST 2026/06/11] [INFO] (session.go:github.com/zhukovaskychina/xmysql-server/server/net.(*session).handleTCPPackage:715) [session.handleTCPPackage] 收到数据，长度: 1, 内容: [10]

[10:48:36 CST 2026/06/11] [INFO] (session.go:github.com/zhukovaskychina/xmysql-server/server/net.(*session).handleTCPPackage:715) [session.handleTCPPackage] 收到数据，长度: 1, 内容: [10]

[10:48:37 CST 2026/06/11] [INFO] (session.go:github.com/zhukovaskychina/xmysql-server/server/net.(*session).handleTCPPackage:715) [session.handleTCPPackage] 收到数据，长度: 1, 内容: [10]

[10:48:38 CST 2026/06/11] [INFO] (session.go:github.com/zhukovaskychina/xmysql-server/server/net.(*session).handleTCPPackage:715) [session.handleTCPPackage] 收到数据，长度: 1, 内容: [10]

[10:48:39 CST 2026/06/11] [INFO] (session.go:github.com/zhukovaskychina/xmysql-server/server/net.(*session).handleTCPPackage:715) [session.handleTCPPackage] 收到数据，长度: 1, 内容: [10]

[10:48:40 CST 2026/06/11] [INFO] (session.go:github.com/zhukovaskychina/xmysql-server/server/net.(*session).handleTCPPackage:715) [session.handleTCPPackage] 收到数据，长度: 1, 内容: [10]

[10:48:41 CST 2026/06/11] [INFO] (session.go:github.com/zhukovaskychina/xmysql-server/server/net.(*session).handleTCPPackage:715) [session.handleTCPPackage] 收到数据，长度: 1, 内容: [10]

[10:48:42 CST 2026/06/11] [INFO] (session.go:github.com/zhukovaskychina/xmysql-server/server/net.(*session).handleTCPPackage:715) [session.handleTCPPackage] 收到数据，长度: 1, 内容: [10]

[10:48:44 CST 2026/06/11] [INFO] (session.go:github.com/zhukovaskychina/xmysql-server/server/net.(*session).handleTCPPackage:715) [session.handleTCPPackage] 收到数据，长度: 1, 内容: [10]

[10:48:45 CST 2026/06/11] [INFO] (session.go:github.com/zhukovaskychina/xmysql-server/server/net.(*session).handleTCPPackage:715) [session.handleTCPPackage] 收到数据，长度: 1, 内容: [10]

[10:48:47 CST 2026/06/11] [INFO] (session.go:github.com/zhukovaskychina/xmysql-server/server/net.(*session).handleTCPPackage:715) [session.handleTCPPackage] 收到数据，长度: 1, 内容: [10]

[10:48:49 CST 2026/06/11] [INFO] (session.go:github.com/zhukovaskychina/xmysql-server/server/net.(*session).handleTCPPackage:715) [session.handleTCPPackage] 收到数据，长度: 1, 内容: [10]

[10:48:50 CST 2026/06/11] [INFO] (session.go:github.com/zhukovaskychina/xmysql-server/server/net.(*session).handleTCPPackage:715) [session.handleTCPPackage] 收到数据，长度: 1, 内容: [10]

[10:48:51 CST 2026/06/11] [INFO] (session.go:github.com/zhukovaskychina/xmysql-server/server/net.(*session).handleTCPPackage:715) [session.handleTCPPackage] 收到数据，长度: 1, 内容: [10]

[10:48:52 CST 2026/06/11] [INFO] (session.go:github.com/zhukovaskychina/xmysql-server/server/net.(*session).handleTCPPackage:715) [session.handleTCPPackage] 收到数据，长度: 1, 内容: [10]

[10:48:53 CST 2026/06/11] [INFO] (session.go:github.com/zhukovaskychina/xmysql-server/server/net.(*session).handleTCPPackage:715) [session.handleTCPPackage] 收到数据，长度: 1, 内容: [10]

[10:48:54 CST 2026/06/11] [INFO] (session.go:github.com/zhukovaskychina/xmysql-server/server/net.(*session).handleTCPPackage:715) [session.handleTCPPackage] 收到数据，长度: 1, 内容: [10]

[10:48:55 CST 2026/06/11] [INFO] (session.go:github.com/zhukovaskychina/xmysql-server/server/net.(*session).handleTCPPackage:715) [session.handleTCPPackage] 收到数据，长度: 1, 内容: [10]

[10:48:56 CST 2026/06/11] [INFO] (session.go:github.com/zhukovaskychina/xmysql-server/server/net.(*session).handleTCPPackage:715) [session.handleTCPPackage] 收到数据，长度: 1, 内容: [10]

[10:48:57 CST 2026/06/11] [INFO] (session.go:github.com/zhukovaskychina/xmysql-server/server/net.(*session).handleTCPPackage:715) [session.handleTCPPackage] 收到数据，长度: 1, 内容: [10]

[10:48:58 CST 2026/06/11] [INFO] (session.go:github.com/zhukovaskychina/xmysql-server/server/net.(*session).handleTCPPackage:715) [session.handleTCPPackage] 收到数据，长度: 1, 内容: [10]

