[
  {
    "batchIndex": 5,
    "files": 33,
    "skipped": [],
    "expectedImports": 651,
    "nodes": 495,
    "edges": 1529,
    "parts": [
      {
        "file": "batch-5-part-1.json",
        "nodes": 39,
        "edges": 150
      },
      {
        "file": "batch-5-part-2.json",
        "nodes": 38,
        "edges": 70
      },
      {
        "file": "batch-5-part-3.json",
        "nodes": 40,
        "edges": 103
      },
      {
        "file": "batch-5-part-4.json",
        "nodes": 37,
        "edges": 83
      },
      {
        "file": "batch-5-part-5.json",
        "nodes": 33,
        "edges": 74
      },
      {
        "file": "batch-5-part-6.json",
        "nodes": 40,
        "edges": 152
      },
      {
        "file": "batch-5-part-7.json",
        "nodes": 86,
        "edges": 269
      },
      {
        "file": "batch-5-part-8.json",
        "nodes": 53,
        "edges": 131
      },
      {
        "file": "batch-5-part-9.json",
        "nodes": 20,
        "edges": 32
      },
      {
        "file": "batch-5-part-10.json",
        "nodes": 55,
        "edges": 164
      },
      {
        "file": "batch-5-part-11.json",
        "nodes": 54,
        "edges": 301
      }
    ]
  },
  {
    "batchIndex": 8,
    "files": 31,
    "skipped": [],
    "expectedImports": 3467,
    "nodes": 539,
    "edges": 4309,
    "parts": [
      {
        "file": "batch-8-part-1.json",
        "nodes": 28,
        "edges": 51
      },
      {
        "file": "batch-8-part-2.json",
        "nodes": 6,
        "edges": 10
      },
      {
        "file": "batch-8-part-3.json",
        "nodes": 18,
        "edges": 26
      },
      {
        "file": "batch-8-part-4.json",
        "nodes": 6,
        "edges": 10
      },
      {
        "file": "batch-8-part-5.json",
        "nodes": 26,
        "edges": 236
      },
      {
        "file": "batch-8-part-6.json",
        "nodes": 21,
        "edges": 250
      },
      {
        "file": "batch-8-part-7.json",
        "nodes": 57,
        "edges": 343
      },
      {
        "file": "batch-8-part-8.json",
        "nodes": 38,
        "edges": 236
      },
      {
        "file": "batch-8-part-9.json",
        "nodes": 3,
        "edges": 28
      },
      {
        "file": "batch-8-part-10.json",
        "nodes": 18,
        "edges": 203
      },
      {
        "file": "batch-8-part-11.json",
        "nodes": 5,
        "edges": 167
      },
      {
        "file": "batch-8-part-12.json",
        "nodes": 3,
        "edges": 28
      },
      {
        "file": "batch-8-part-13.json",
        "nodes": 29,
        "edges": 84
      },
      {
        "file": "batch-8-part-14.json",
        "nodes": 30,
        "edges": 221
      },
      {
        "file": "batch-8-part-15.json",
        "nodes": 7,
        "edges": 129
      },
      {
        "file": "batch-8-part-16.json",
        "nodes": 19,
        "edges": 154
      },
      {
        "file": "batch-8-part-17.json",
        "nodes": 24,
        "edges": 193
      },
      {
        "file": "batch-8-part-18.json",
        "nodes": 18,
        "edges": 213
      },
      {
        "file": "batch-8-part-19.json",
        "nodes": 3,
        "edges": 28
      },
      {
        "file": "batch-8-part-20.json",
        "nodes": 11,
        "edges": 44
      },
      {
        "file": "batch-8-part-21.json",
        "nodes": 11,
        "edges": 44
      },
      {
        "file": "batch-8-part-22.json",
        "nodes": 15,
        "edges": 44
      },
      {
        "file": "batch-8-part-23.json",
        "nodes": 10,
        "edges": 34
      },
      {
        "file": "batch-8-part-24.json",
        "nodes": 8,
        "edges": 159
      },
      {
        "file": "batch-8-part-25.json",
        "nodes": 13,
        "edges": 218
      },
      {
        "file": "batch-8-part-26.json",
        "nodes": 28,
        "edges": 175
      },
      {
        "file": "batch-8-part-27.json",
        "nodes": 23,
        "edges": 219
      },
      {
        "file": "batch-8-part-28.json",
        "nodes": 27,
        "edges": 217
      },
      {
        "file": "batch-8-part-29.json",
        "nodes": 10,
        "edges": 206
      },
      {
        "file": "batch-8-part-30.json",
        "nodes": 2,
        "edges": 151
      },
      {
        "file": "batch-8-part-31.json",
        "nodes": 22,
        "edges": 188
      }
    ]
  },
  {
    "batchIndex": 11,
    "files": 31,
    "skipped": [],
    "expectedImports": 446,
    "nodes": 511,
    "edges": 1322,
    "parts": [
      {
        "file": "batch-11-part-1.json",
        "nodes": 52,
        "edges": 97
      },
      {
        "file": "batch-11-part-2.json",
        "nodes": 30,
        "edges": 58
      },
      {
        "file": "batch-11-part-3.json",
        "nodes": 35,
        "edges": 102
      },
      {
        "file": "batch-11-part-4.json",
        "nodes": 28,
        "edges": 104
      },
      {
        "file": "batch-11-part-5.json",
        "nodes": 42,
        "edges": 155
      },
      {
        "file": "batch-11-part-6.json",
        "nodes": 60,
        "edges": 99
      },
      {
        "file": "batch-11-part-7.json",
        "nodes": 33,
        "edges": 53
      },
      {
        "file": "batch-11-part-8.json",
        "nodes": 78,
        "edges": 217
      },
      {
        "file": "batch-11-part-9.json",
        "nodes": 107,
        "edges": 254
      },
      {
        "file": "batch-11-part-10.json",
        "nodes": 14,
        "edges": 92
      },
      {
        "file": "batch-11-part-11.json",
        "nodes": 32,
        "edges": 91
      }
    ]
  },
  {
    "batchIndex": 16,
    "files": 29,
    "skipped": [],
    "expectedImports": 1297,
    "nodes": 586,
    "edges": 2279,
    "parts": [
      {
        "file": "batch-16-part-1.json",
        "nodes": 25,
        "edges": 63
      },
      {
        "file": "batch-16-part-2.json",
        "nodes": 137,
        "edges": 307
      },
      {
        "file": "batch-16-part-3.json",
        "nodes": 21,
        "edges": 134
      },
      {
        "file": "batch-16-part-4.json",
        "nodes": 48,
        "edges": 207
      },
      {
        "file": "batch-16-part-5.json",
        "nodes": 26,
        "edges": 136
      },
      {
        "file": "batch-16-part-6.json",
        "nodes": 9,
        "edges": 93
      },
      {
        "file": "batch-16-part-7.json",
        "nodes": 10,
        "edges": 110
      },
      {
        "file": "batch-16-part-8.json",
        "nodes": 37,
        "edges": 147
      },
      {
        "file": "batch-16-part-9.json",
        "nodes": 92,
        "edges": 301
      },
      {
        "file": "batch-16-part-10.json",
        "nodes": 39,
        "edges": 177
      },
      {
        "file": "batch-16-part-11.json",
        "nodes": 51,
        "edges": 175
      },
      {
        "file": "batch-16-part-12.json",
        "nodes": 12,
        "edges": 102
      },
      {
        "file": "batch-16-part-13.json",
        "nodes": 50,
        "edges": 168
      },
      {
        "file": "batch-16-part-14.json",
        "nodes": 19,
        "edges": 107
      },
      {
        "file": "batch-16-part-15.json",
        "nodes": 10,
        "edges": 52
      }
    ]
  }
]
