Loaded 940 files (692 code).
Warning: compute-batches: community size 163 > max 35 — splitting via alphabetical chunking — modularity may decrease
Warning: compute-batches: community size 229 > max 35 — splitting via alphabetical chunking — modularity may decrease
Warning: compute-batches: community size 143 > max 35 — splitting via alphabetical chunking — modularity may decrease
Warning: compute-batches: community size 106 > max 35 — splitting via alphabetical chunking — modularity may decrease
Info: compute-batches: merged 48 small batches (48 files) into 2 misc batches — singletons and orphans consolidated
Warning: compute-batches: neighborMap for cmd/demo_architecture_separation/main.go has high 1-hop degree 121 — exceeds soft cap of 50 — keeping top 50 cross-batch entries (68 dropped by degree sort)
Warning: compute-batches: neighborMap for cmd/demo_btree/test_table_specific_btree.go has high 1-hop degree 213 — exceeds soft cap of 50 — keeping top 50 cross-batch entries (160 dropped by degree sort)
Warning: compute-batches: neighborMap for cmd/demo_btree_dead_lock/test_deadlock_fix.go has high 1-hop degree 153 — exceeds soft cap of 50 — keeping top 50 cross-batch entries (100 dropped by degree sort)
Warning: compute-batches: neighborMap for cmd/demo_btree_lock/test_lock_fix.go has high 1-hop degree 121 — exceeds soft cap of 50 — keeping top 50 cross-batch entries (68 dropped by degree sort)
Warning: compute-batches: neighborMap for cmd/demo_btree_table/test_btree_manager_fix.go has high 1-hop degree 121 — exceeds soft cap of 50 — keeping top 50 cross-batch entries (68 dropped by degree sort)
Warning: compute-batches: neighborMap for cmd/demo_btree_user_data/test_btree_user_init.go has high 1-hop degree 121 — exceeds soft cap of 50 — keeping top 50 cross-batch entries (68 dropped by degree sort)
Warning: compute-batches: neighborMap for cmd/demo_buffer_pool_lru/test_optimized_lru.go has high 1-hop degree 163 — exceeds soft cap of 50 — keeping top 50 cross-batch entries (112 dropped by degree sort)
Warning: compute-batches: neighborMap for cmd/demo_buffer_pool_optimized/test_optimized_only.go has high 1-hop degree 163 — exceeds soft cap of 50 — keeping top 50 cross-batch entries (112 dropped by degree sort)
Warning: compute-batches: neighborMap for cmd/demo_create_mysql_user/test_mysql_user_init.go has high 1-hop degree 121 — exceeds soft cap of 50 — keeping top 50 cross-batch entries (68 dropped by degree sort)
Warning: compute-batches: neighborMap for cmd/demo_enhanced_btree/test_enhanced_btree.go has high 1-hop degree 121 — exceeds soft cap of 50 — keeping top 50 cross-batch entries (68 dropped by degree sort)
Warning: compute-batches: neighborMap for cmd/demo_final_architecture/main.go has high 1-hop degree 121 — exceeds soft cap of 50 — keeping top 50 cross-batch entries (68 dropped by degree sort)
Warning: compute-batches: neighborMap for cmd/demo_mysql_user/test_mysql_user.go has high 1-hop degree 121 — exceeds soft cap of 50 — keeping top 50 cross-batch entries (68 dropped by degree sort)
Warning: compute-batches: neighborMap for cmd/demo_space_init/main.go has high 1-hop degree 121 — exceeds soft cap of 50 — keeping top 50 cross-batch entries (68 dropped by degree sort)
Warning: compute-batches: neighborMap for cmd/demo_space_manager_optimization/test_space_manager_optimization.go has high 1-hop degree 121 — exceeds soft cap of 50 — keeping top 50 cross-batch entries (68 dropped by degree sort)
Warning: compute-batches: neighborMap for cmd/demo_storage_architecture/main.go has high 1-hop degree 121 — exceeds soft cap of 50 — keeping top 50 cross-batch entries (68 dropped by degree sort)
Warning: compute-batches: neighborMap for cmd/demo_storage_init/main.go has high 1-hop degree 121 — exceeds soft cap of 50 — keeping top 50 cross-batch entries (68 dropped by degree sort)
Warning: compute-batches: neighborMap for cmd/demo_system_space_manager/main.go has high 1-hop degree 121 — exceeds soft cap of 50 — keeping top 50 cross-batch entries (68 dropped by degree sort)
Warning: compute-batches: neighborMap for cmd/demo_table_mapping/test_simple_table_mapping.go has high 1-hop degree 145 — exceeds soft cap of 50 — keeping top 50 cross-batch entries (92 dropped by degree sort)
Warning: compute-batches: neighborMap for cmd/integration_demo/main.go has high 1-hop degree 123 — exceeds soft cap of 50 — keeping top 50 cross-batch entries (72 dropped by degree sort)
Warning: compute-batches: neighborMap for cmd/test_jdbc_connection/main.go has high 1-hop degree 128 — exceeds soft cap of 50 — keeping top 50 cross-batch entries (75 dropped by degree sort)
Warning: compute-batches: neighborMap for cmd/test_schemata/main.go has high 1-hop degree 118 — exceeds soft cap of 50 — keeping top 50 cross-batch entries (67 dropped by degree sort)
Warning: compute-batches: neighborMap for cmd/test_sysvar_simple/main.go has high 1-hop degree 121 — exceeds soft cap of 50 — keeping top 50 cross-batch entries (68 dropped by degree sort)
Warning: compute-batches: neighborMap for cmd/test_tx_read_only/main.go has high 1-hop degree 118 — exceeds soft cap of 50 — keeping top 50 cross-batch entries (67 dropped by degree sort)
Warning: compute-batches: neighborMap for cmd/test_volcano_system_vars/volcano_system_variables.go has high 1-hop degree 128 — exceeds soft cap of 50 — keeping top 50 cross-batch entries (75 dropped by degree sort)
Warning: compute-batches: neighborMap for logger/logger.go has high 1-hop degree 105 — exceeds soft cap of 50 — keeping top 50 cross-batch entries (24 dropped by degree sort)
Warning: compute-batches: neighborMap for cmd/test_set_names/main.go has high 1-hop degree 57 — exceeds soft cap of 50 — keeping top 50 cross-batch entries (7 dropped by degree sort)
Warning: compute-batches: neighborMap for server/common/charset.go has high 1-hop degree 88 — exceeds soft cap of 50 — keeping top 50 cross-batch entries (35 dropped by degree sort)
Warning: compute-batches: neighborMap for server/common/const_trx.go has high 1-hop degree 88 — exceeds soft cap of 50 — keeping top 50 cross-batch entries (35 dropped by degree sort)
Warning: compute-batches: neighborMap for server/common/constant.go has high 1-hop degree 88 — exceeds soft cap of 50 — keeping top 50 cross-batch entries (35 dropped by degree sort)
Warning: compute-batches: neighborMap for server/common/error_name.go has high 1-hop degree 88 — exceeds soft cap of 50 — keeping top 50 cross-batch entries (35 dropped by degree sort)
Warning: compute-batches: neighborMap for server/common/error_state.go has high 1-hop degree 88 — exceeds soft cap of 50 — keeping top 50 cross-batch entries (35 dropped by degree sort)
Warning: compute-batches: neighborMap for server/common/error_test.go has high 1-hop degree 88 — exceeds soft cap of 50 — keeping top 50 cross-batch entries (35 dropped by degree sort)
Warning: compute-batches: neighborMap for server/common/errorcode.go has high 1-hop degree 88 — exceeds soft cap of 50 — keeping top 50 cross-batch entries (35 dropped by degree sort)
Warning: compute-batches: neighborMap for server/common/frm_constant.go has high 1-hop degree 88 — exceeds soft cap of 50 — keeping top 50 cross-batch entries (35 dropped by degree sort)
Warning: compute-batches: neighborMap for server/common/locale_format.go has high 1-hop degree 88 — exceeds soft cap of 50 — keeping top 50 cross-batch entries (35 dropped by degree sort)
Warning: compute-batches: neighborMap for server/common/page.go has high 1-hop degree 88 — exceeds soft cap of 50 — keeping top 50 cross-batch entries (35 dropped by degree sort)
Warning: compute-batches: neighborMap for server/common/privs.go has high 1-hop degree 88 — exceeds soft cap of 50 — keeping top 50 cross-batch entries (35 dropped by degree sort)
Warning: compute-batches: neighborMap for server/common/privs_test.go has high 1-hop degree 88 — exceeds soft cap of 50 — keeping top 50 cross-batch entries (35 dropped by degree sort)
Warning: compute-batches: neighborMap for server/common/sql_error.go has high 1-hop degree 88 — exceeds soft cap of 50 — keeping top 50 cross-batch entries (35 dropped by degree sort)
Warning: compute-batches: neighborMap for server/common/sql_error_test.go has high 1-hop degree 88 — exceeds soft cap of 50 — keeping top 50 cross-batch entries (35 dropped by degree sort)
Warning: compute-batches: neighborMap for server/common/type.go has high 1-hop degree 88 — exceeds soft cap of 50 — keeping top 50 cross-batch entries (35 dropped by degree sort)
Warning: compute-batches: neighborMap for server/common/type_test.go has high 1-hop degree 88 — exceeds soft cap of 50 — keeping top 50 cross-batch entries (35 dropped by degree sort)
Warning: compute-batches: neighborMap for server/common/util.go has high 1-hop degree 88 — exceeds soft cap of 50 — keeping top 50 cross-batch entries (35 dropped by degree sort)
Warning: compute-batches: neighborMap for server/dispatcher/enhanced_message_handler.go has high 1-hop degree 142 — exceeds soft cap of 50 — keeping top 50 cross-batch entries (70 dropped by degree sort)
Warning: compute-batches: neighborMap for server/innodb/buffer_pool/buffer_lru.go has high 1-hop degree 57 — exceeds soft cap of 50 — keeping top 50 cross-batch entries (6 dropped by degree sort)
Warning: compute-batches: neighborMap for server/innodb/buffer_pool/buffer_lru_optimized.go has high 1-hop degree 57 — exceeds soft cap of 50 — keeping top 50 cross-batch entries (6 dropped by degree sort)
Warning: compute-batches: neighborMap for server/innodb/buffer_pool/buffer_page.go has high 1-hop degree 58 — exceeds soft cap of 50 — keeping top 40 cross-batch entries (0 dropped by degree sort)
Warning: compute-batches: neighborMap for server/innodb/buffer_pool/buffer_pool_test.go has high 1-hop degree 102 — exceeds soft cap of 50 — keeping top 50 cross-batch entries (51 dropped by degree sort)
Warning: compute-batches: neighborMap for server/dispatcher/query_dispatcher.go has high 1-hop degree 196 — exceeds soft cap of 50 — keeping top 50 cross-batch entries (118 dropped by degree sort)
Warning: compute-batches: neighborMap for server/dispatcher/system_variable_engine_test.go has high 1-hop degree 215 — exceeds soft cap of 50 — keeping top 50 cross-batch entries (138 dropped by degree sort)
Warning: compute-batches: neighborMap for server/innodb/engine/dml_executor.go has high 1-hop degree 201 — exceeds soft cap of 50 — keeping top 50 cross-batch entries (142 dropped by degree sort)
Warning: compute-batches: neighborMap for server/innodb/engine/enginx.go has high 1-hop degree 192 — exceeds soft cap of 50 — keeping top 50 cross-batch entries (132 dropped by degree sort)
Warning: compute-batches: neighborMap for server/innodb/engine/executor_dbddl_and_column_type_test.go has high 1-hop degree 171 — exceeds soft cap of 50 — keeping top 50 cross-batch entries (111 dropped by degree sort)
Warning: compute-batches: neighborMap for server/innodb/engine/index_reading_test.go has high 1-hop degree 176 — exceeds soft cap of 50 — keeping top 50 cross-batch entries (117 dropped by degree sort)
Warning: compute-batches: neighborMap for server/innodb/engine/index_transaction_adapter.go has high 1-hop degree 130 — exceeds soft cap of 50 — keeping top 50 cross-batch entries (71 dropped by degree sort)
Warning: compute-batches: neighborMap for server/innodb/engine/index_transaction_adapter_test.go has high 1-hop degree 129 — exceeds soft cap of 50 — keeping top 50 cross-batch entries (70 dropped by degree sort)
Warning: compute-batches: neighborMap for server/innodb/engine/persistence_demo.go has high 1-hop degree 162 — exceeds soft cap of 50 — keeping top 50 cross-batch entries (103 dropped by degree sort)
Warning: compute-batches: neighborMap for server/innodb/engine/recovery_adapters.go has high 1-hop degree 191 — exceeds soft cap of 50 — keeping top 50 cross-batch entries (132 dropped by degree sort)
Warning: compute-batches: neighborMap for server/innodb/engine/storage_adapter.go has high 1-hop degree 207 — exceeds soft cap of 50 — keeping top 50 cross-batch entries (148 dropped by degree sort)
Warning: compute-batches: neighborMap for server/innodb/engine/storage_adapter_test.go has high 1-hop degree 157 — exceeds soft cap of 50 — keeping top 50 cross-batch entries (98 dropped by degree sort)
Warning: compute-batches: neighborMap for server/innodb/engine/storage_integrated_checkpoint.go has high 1-hop degree 143 — exceeds soft cap of 50 — keeping top 50 cross-batch entries (84 dropped by degree sort)
Warning: compute-batches: neighborMap for server/innodb/engine/storage_integrated_dml_executor.go has high 1-hop degree 201 — exceeds soft cap of 50 — keeping top 50 cross-batch entries (142 dropped by degree sort)
Warning: compute-batches: neighborMap for server/innodb/engine/storage_integrated_dml_helper.go has high 1-hop degree 201 — exceeds soft cap of 50 — keeping top 50 cross-batch entries (142 dropped by degree sort)
Warning: compute-batches: neighborMap for server/innodb/engine/storage_integrated_example.go has high 1-hop degree 200 — exceeds soft cap of 50 — keeping top 50 cross-batch entries (141 dropped by degree sort)
Warning: compute-batches: neighborMap for server/innodb/engine/storage_integrated_index_helper.go has high 1-hop degree 177 — exceeds soft cap of 50 — keeping top 50 cross-batch entries (118 dropped by degree sort)
Warning: compute-batches: neighborMap for server/innodb/engine/storage_integrated_index_helper_test.go has high 1-hop degree 161 — exceeds soft cap of 50 — keeping top 50 cross-batch entries (102 dropped by degree sort)
Warning: compute-batches: neighborMap for server/innodb/engine/storage_integrated_persistence.go has high 1-hop degree 130 — exceeds soft cap of 50 — keeping top 50 cross-batch entries (71 dropped by degree sort)
Warning: compute-batches: neighborMap for server/innodb/engine/storage_integrated_persistence_test.go has high 1-hop degree 161 — exceeds soft cap of 50 — keeping top 50 cross-batch entries (102 dropped by degree sort)
Warning: compute-batches: neighborMap for server/innodb/engine/transaction_integration_test.go has high 1-hop degree 129 — exceeds soft cap of 50 — keeping top 50 cross-batch entries (70 dropped by degree sort)
Warning: compute-batches: neighborMap for server/innodb/engine/volcano_executor.go has high 1-hop degree 218 — exceeds soft cap of 50 — keeping top 50 cross-batch entries (159 dropped by degree sort)
Warning: compute-batches: neighborMap for server/innodb/integration/integration_manager.go has high 1-hop degree 119 — exceeds soft cap of 50 — keeping top 50 cross-batch entries (62 dropped by degree sort)
Warning: compute-batches: neighborMap for server/innodb/integration/integration_test.go has high 1-hop degree 174 — exceeds soft cap of 50 — keeping top 50 cross-batch entries (117 dropped by degree sort)
Warning: compute-batches: neighborMap for server/innodb/integration/storage_engine_integration.go has high 1-hop degree 207 — exceeds soft cap of 50 — keeping top 50 cross-batch entries (150 dropped by degree sort)
Warning: compute-batches: neighborMap for server/innodb/manager/btree_cache_limit_test.go has high 1-hop degree 89 — exceeds soft cap of 50 — keeping top 50 cross-batch entries (14 dropped by degree sort)
Warning: compute-batches: neighborMap for server/innodb/manager/btree_find_siblings_test.go has high 1-hop degree 89 — exceeds soft cap of 50 — keeping top 50 cross-batch entries (14 dropped by degree sort)
Warning: compute-batches: neighborMap for server/innodb/manager/btree_improvements_test.go has high 1-hop degree 89 — exceeds soft cap of 50 — keeping top 50 cross-batch entries (14 dropped by degree sort)
Warning: compute-batches: neighborMap for server/innodb/manager/btree_interface.go has high 1-hop degree 57 — exceeds soft cap of 50 — keeping top 32 cross-batch entries (0 dropped by degree sort)
Warning: compute-batches: neighborMap for server/innodb/manager/btree_iterator.go has high 1-hop degree 58 — exceeds soft cap of 50 — keeping top 33 cross-batch entries (0 dropped by degree sort)
Warning: compute-batches: neighborMap for server/innodb/manager/btree_merge.go has high 1-hop degree 58 — exceeds soft cap of 50 — keeping top 33 cross-batch entries (0 dropped by degree sort)
Warning: compute-batches: neighborMap for server/innodb/manager/btree_merge_test.go has high 1-hop degree 57 — exceeds soft cap of 50 — keeping top 32 cross-batch entries (0 dropped by degree sort)
Warning: compute-batches: neighborMap for server/innodb/manager/bplus_tree_manager.go has high 1-hop degree 140 — exceeds soft cap of 50 — keeping top 50 cross-batch entries (84 dropped by degree sort)
Warning: compute-batches: neighborMap for server/innodb/manager/dictionary_manager.go has high 1-hop degree 153 — exceeds soft cap of 50 — keeping top 50 cross-batch entries (89 dropped by degree sort)
Warning: compute-batches: neighborMap for server/innodb/manager/enhanced_btree_adapter.go has high 1-hop degree 105 — exceeds soft cap of 50 — keeping top 50 cross-batch entries (55 dropped by degree sort)
Warning: compute-batches: neighborMap for server/innodb/manager/page_manager.go has high 1-hop degree 119 — exceeds soft cap of 50 — keeping top 50 cross-batch entries (63 dropped by degree sort)
Warning: compute-batches: neighborMap for server/innodb/manager/record_row_adapter_test.go has high 1-hop degree 126 — exceeds soft cap of 50 — keeping top 50 cross-batch entries (76 dropped by degree sort)
Warning: compute-batches: neighborMap for server/innodb/manager/storage_manager.go has high 1-hop degree 123 — exceeds soft cap of 50 — keeping top 50 cross-batch entries (67 dropped by degree sort)
Warning: compute-batches: neighborMap for server/innodb/manager/system_space_manager.go has high 1-hop degree 139 — exceeds soft cap of 50 — keeping top 50 cross-batch entries (75 dropped by degree sort)
Warning: compute-batches: neighborMap for server/innodb/storage/store/blocks/file_test.go has high 1-hop degree 62 — exceeds soft cap of 50 — keeping top 50 cross-batch entries (4 dropped by degree sort)
Warning: compute-batches: neighborMap for server/innodb/storage/store/pages/allocated_page.go has high 1-hop degree 76 — exceeds soft cap of 50 — keeping top 50 cross-batch entries (23 dropped by degree sort)
Warning: compute-batches: neighborMap for server/innodb/storage/store/pages/cluster_index_page.go has high 1-hop degree 60 — exceeds soft cap of 50 — keeping top 50 cross-batch entries (7 dropped by degree sort)
Warning: compute-batches: neighborMap for server/innodb/storage/store/pages/data_dictionary_hdr_page.go has high 1-hop degree 62 — exceeds soft cap of 50 — keeping top 50 cross-batch entries (9 dropped by degree sort)
Warning: compute-batches: neighborMap for server/innodb/manager/btree_split.go has high 1-hop degree 58 — exceeds soft cap of 50 — keeping top 50 cross-batch entries (8 dropped by degree sort)
Warning: compute-batches: neighborMap for server/innodb/manager/btree_split_benchmark_test.go has high 1-hop degree 57 — exceeds soft cap of 50 — keeping top 50 cross-batch entries (7 dropped by degree sort)
Warning: compute-batches: neighborMap for server/innodb/manager/btree_split_optimized.go has high 1-hop degree 58 — exceeds soft cap of 50 — keeping top 50 cross-batch entries (8 dropped by degree sort)
Warning: compute-batches: neighborMap for server/innodb/manager/btree_split_test.go has high 1-hop degree 57 — exceeds soft cap of 50 — keeping top 50 cross-batch entries (7 dropped by degree sort)
Warning: compute-batches: neighborMap for server/innodb/manager/btree_undo_log_test.go has high 1-hop degree 89 — exceeds soft cap of 50 — keeping top 50 cross-batch entries (39 dropped by degree sort)
Warning: compute-batches: neighborMap for server/innodb/manager/buffer_pool_adapter.go has high 1-hop degree 70 — exceeds soft cap of 50 — keeping top 50 cross-batch entries (20 dropped by degree sort)
Warning: compute-batches: neighborMap for server/innodb/manager/buffer_pool_flush_simple_test.go has high 1-hop degree 57 — exceeds soft cap of 50 — keeping top 50 cross-batch entries (7 dropped by degree sort)
Warning: compute-batches: neighborMap for server/innodb/manager/buffer_pool_flush_test.go has high 1-hop degree 89 — exceeds soft cap of 50 — keeping top 50 cross-batch entries (39 dropped by degree sort)
Warning: compute-batches: neighborMap for server/innodb/manager/buffer_pool_manager.go has high 1-hop degree 103 — exceeds soft cap of 50 — keeping top 50 cross-batch entries (53 dropped by degree sort)
Warning: compute-batches: neighborMap for server/innodb/manager/buffer_pool_manager_optimized.go has high 1-hop degree 102 — exceeds soft cap of 50 — keeping top 50 cross-batch entries (52 dropped by degree sort)
Warning: compute-batches: neighborMap for server/innodb/manager/buffer_pool_statistics.go has high 1-hop degree 57 — exceeds soft cap of 50 — keeping top 50 cross-batch entries (7 dropped by degree sort)
Warning: compute-batches: neighborMap for server/innodb/manager/checkpoint_monitor.go has high 1-hop degree 57 — exceeds soft cap of 50 — keeping top 50 cross-batch entries (7 dropped by degree sort)
Warning: compute-batches: neighborMap for server/innodb/manager/compression_manager.go has high 1-hop degree 57 — exceeds soft cap of 50 — keeping top 50 cross-batch entries (7 dropped by degree sort)
Warning: compute-batches: neighborMap for server/innodb/manager/crash_recovery.go has high 1-hop degree 57 — exceeds soft cap of 50 — keeping top 50 cross-batch entries (7 dropped by degree sort)
Warning: compute-batches: neighborMap for server/innodb/manager/crash_recovery_enhanced_test.go has high 1-hop degree 57 — exceeds soft cap of 50 — keeping top 50 cross-batch entries (7 dropped by degree sort)
Warning: compute-batches: neighborMap for server/innodb/manager/crash_recovery_extended_test.go has high 1-hop degree 57 — exceeds soft cap of 50 — keeping top 50 cross-batch entries (7 dropped by degree sort)
Warning: compute-batches: neighborMap for server/innodb/manager/crash_recovery_fault_injection_test.go has high 1-hop degree 57 — exceeds soft cap of 50 — keeping top 50 cross-batch entries (7 dropped by degree sort)
Warning: compute-batches: neighborMap for server/innodb/manager/crash_recovery_integration_test.go has high 1-hop degree 57 — exceeds soft cap of 50 — keeping top 50 cross-batch entries (7 dropped by degree sort)
Warning: compute-batches: neighborMap for server/innodb/manager/crash_recovery_test.go has high 1-hop degree 57 — exceeds soft cap of 50 — keeping top 50 cross-batch entries (7 dropped by degree sort)
Warning: compute-batches: neighborMap for server/innodb/manager/encryption_manager.go has high 1-hop degree 57 — exceeds soft cap of 50 — keeping top 50 cross-batch entries (7 dropped by degree sort)
Warning: compute-batches: neighborMap for server/innodb/manager/enhanced_btree_index_test.go has high 1-hop degree 57 — exceeds soft cap of 50 — keeping top 50 cross-batch entries (7 dropped by degree sort)
Warning: compute-batches: neighborMap for server/innodb/manager/enhanced_btree_manager.go has high 1-hop degree 58 — exceeds soft cap of 50 — keeping top 50 cross-batch entries (8 dropped by degree sort)
Warning: compute-batches: neighborMap for server/innodb/manager/errors.go has high 1-hop degree 57 — exceeds soft cap of 50 — keeping top 50 cross-batch entries (7 dropped by degree sort)
Warning: compute-batches: neighborMap for server/innodb/manager/extent_reuse_manager.go has high 1-hop degree 62 — exceeds soft cap of 50 — keeping top 50 cross-batch entries (12 dropped by degree sort)
Warning: compute-batches: neighborMap for server/innodb/manager/fuzzy_checkpoint.go has high 1-hop degree 57 — exceeds soft cap of 50 — keeping top 50 cross-batch entries (7 dropped by degree sort)
Warning: compute-batches: neighborMap for server/innodb/manager/fuzzy_checkpoint_test.go has high 1-hop degree 57 — exceeds soft cap of 50 — keeping top 50 cross-batch entries (7 dropped by degree sort)
Warning: compute-batches: neighborMap for server/innodb/manager/gap_lock.go has high 1-hop degree 57 — exceeds soft cap of 50 — keeping top 50 cross-batch entries (7 dropped by degree sort)
Warning: compute-batches: neighborMap for server/innodb/manager/gap_lock_test.go has high 1-hop degree 57 — exceeds soft cap of 50 — keeping top 50 cross-batch entries (7 dropped by degree sort)
Warning: compute-batches: neighborMap for server/innodb/manager/group_commit.go has high 1-hop degree 57 — exceeds soft cap of 50 — keeping top 50 cross-batch entries (7 dropped by degree sort)
Warning: compute-batches: neighborMap for server/innodb/manager/history_list.go has high 1-hop degree 57 — exceeds soft cap of 50 — keeping top 50 cross-batch entries (7 dropped by degree sort)
Warning: compute-batches: neighborMap for server/innodb/manager/ibuf_manager.go has high 1-hop degree 89 — exceeds soft cap of 50 — keeping top 50 cross-batch entries (39 dropped by degree sort)
Warning: compute-batches: neighborMap for server/innodb/manager/ibuf_manager_test.go has high 1-hop degree 89 — exceeds soft cap of 50 — keeping top 50 cross-batch entries (39 dropped by degree sort)
Warning: compute-batches: neighborMap for server/innodb/manager/index_helper_test.go has high 1-hop degree 57 — exceeds soft cap of 50 — keeping top 50 cross-batch entries (7 dropped by degree sort)
Warning: compute-batches: neighborMap for server/innodb/manager/index_iterator.go has high 1-hop degree 57 — exceeds soft cap of 50 — keeping top 50 cross-batch entries (6 dropped by degree sort)
Warning: compute-batches: neighborMap for server/innodb/manager/index_manager.go has high 1-hop degree 90 — exceeds soft cap of 50 — keeping top 50 cross-batch entries (39 dropped by degree sort)
Warning: compute-batches: neighborMap for server/innodb/manager/index_metadata.go has high 1-hop degree 57 — exceeds soft cap of 50 — keeping top 50 cross-batch entries (6 dropped by degree sort)
Warning: compute-batches: neighborMap for server/innodb/manager/index_sync_fix_test.go has high 1-hop degree 89 — exceeds soft cap of 50 — keeping top 50 cross-batch entries (38 dropped by degree sort)
Warning: compute-batches: neighborMap for server/innodb/manager/info_schema_generators.go has high 1-hop degree 57 — exceeds soft cap of 50 — keeping top 50 cross-batch entries (6 dropped by degree sort)
Warning: compute-batches: neighborMap for server/innodb/manager/lock_compatibility.go has high 1-hop degree 57 — exceeds soft cap of 50 — keeping top 50 cross-batch entries (6 dropped by degree sort)
Warning: compute-batches: neighborMap for server/innodb/manager/lock_manager.go has high 1-hop degree 57 — exceeds soft cap of 50 — keeping top 50 cross-batch entries (6 dropped by degree sort)
Warning: compute-batches: neighborMap for server/innodb/manager/lock_manager_test.go has high 1-hop degree 57 — exceeds soft cap of 50 — keeping top 50 cross-batch entries (6 dropped by degree sort)
Warning: compute-batches: neighborMap for server/innodb/manager/lock_types.go has high 1-hop degree 57 — exceeds soft cap of 50 — keeping top 50 cross-batch entries (6 dropped by degree sort)
Warning: compute-batches: neighborMap for server/innodb/manager/log_archiver.go has high 1-hop degree 57 — exceeds soft cap of 50 — keeping top 50 cross-batch entries (6 dropped by degree sort)
Warning: compute-batches: neighborMap for server/innodb/manager/log_components_test.go has high 1-hop degree 57 — exceeds soft cap of 50 — keeping top 50 cross-batch entries (6 dropped by degree sort)
Warning: compute-batches: neighborMap for server/innodb/manager/log_recovery_example_test.go has high 1-hop degree 173 — exceeds soft cap of 50 — keeping top 50 cross-batch entries (90 dropped by degree sort)
Warning: compute-batches: neighborMap for server/innodb/manager/log_types.go has high 1-hop degree 57 — exceeds soft cap of 50 — keeping top 50 cross-batch entries (6 dropped by degree sort)
Warning: compute-batches: neighborMap for server/innodb/manager/long_transaction_test.go has high 1-hop degree 57 — exceeds soft cap of 50 — keeping top 50 cross-batch entries (6 dropped by degree sort)
Warning: compute-batches: neighborMap for server/innodb/manager/lsn_manager.go has high 1-hop degree 57 — exceeds soft cap of 50 — keeping top 50 cross-batch entries (6 dropped by degree sort)
Warning: compute-batches: neighborMap for server/innodb/manager/lsn_manager_test.go has high 1-hop degree 57 — exceeds soft cap of 50 — keeping top 50 cross-batch entries (6 dropped by degree sort)
Warning: compute-batches: neighborMap for server/innodb/manager/mtr.go has high 1-hop degree 57 — exceeds soft cap of 50 — keeping top 50 cross-batch entries (6 dropped by degree sort)
Warning: compute-batches: neighborMap for server/innodb/manager/mvcc_integration_test.go has high 1-hop degree 57 — exceeds soft cap of 50 — keeping top 50 cross-batch entries (6 dropped by degree sort)
Warning: compute-batches: neighborMap for server/innodb/manager/mvcc_manager.go has high 1-hop degree 61 — exceeds soft cap of 50 — keeping top 50 cross-batch entries (10 dropped by degree sort)
Warning: compute-batches: neighborMap for server/innodb/manager/mvcc_types.go has high 1-hop degree 57 — exceeds soft cap of 50 — keeping top 50 cross-batch entries (6 dropped by degree sort)
Warning: compute-batches: neighborMap for server/innodb/manager/optimizer_manager.go has high 1-hop degree 72 — exceeds soft cap of 50 — keeping top 50 cross-batch entries (21 dropped by degree sort)
Warning: compute-batches: neighborMap for server/innodb/manager/p0_concurrency_consistency_test.go has high 1-hop degree 57 — exceeds soft cap of 50 — keeping top 50 cross-batch entries (6 dropped by degree sort)
Warning: compute-batches: neighborMap for server/innodb/manager/page.go has high 1-hop degree 89 — exceeds soft cap of 50 — keeping top 50 cross-batch entries (38 dropped by degree sort)
Warning: compute-batches: neighborMap for server/innodb/manager/page_allocator.go has high 1-hop degree 89 — exceeds soft cap of 50 — keeping top 50 cross-batch entries (38 dropped by degree sort)
Warning: compute-batches: neighborMap for server/innodb/manager/page_cache.go has high 1-hop degree 89 — exceeds soft cap of 50 — keeping top 50 cross-batch entries (38 dropped by degree sort)
Warning: compute-batches: neighborMap for server/innodb/manager/page_fix_simplified.go has high 1-hop degree 71 — exceeds soft cap of 50 — keeping top 50 cross-batch entries (20 dropped by degree sort)
Warning: compute-batches: neighborMap for server/innodb/manager/page_initialization_fix.go has high 1-hop degree 71 — exceeds soft cap of 50 — keeping top 50 cross-batch entries (20 dropped by degree sort)
Warning: compute-batches: neighborMap for server/innodb/manager/page_tx.go has high 1-hop degree 106 — exceeds soft cap of 50 — keeping top 50 cross-batch entries (55 dropped by degree sort)
Warning: compute-batches: neighborMap for server/innodb/manager/redo_fix_verification_test.go has high 1-hop degree 57 — exceeds soft cap of 50 — keeping top 50 cross-batch entries (6 dropped by degree sort)
Warning: compute-batches: neighborMap for server/innodb/manager/redo_log_batch_writer.go has high 1-hop degree 57 — exceeds soft cap of 50 — keeping top 50 cross-batch entries (6 dropped by degree sort)
Warning: compute-batches: neighborMap for server/innodb/manager/redo_log_compression.go has high 1-hop degree 57 — exceeds soft cap of 50 — keeping top 50 cross-batch entries (6 dropped by degree sort)
Warning: compute-batches: neighborMap for server/innodb/manager/redo_log_format.go has high 1-hop degree 57 — exceeds soft cap of 50 — keeping top 50 cross-batch entries (6 dropped by degree sort)
Warning: compute-batches: neighborMap for server/innodb/manager/redo_log_manager.go has high 1-hop degree 57 — exceeds soft cap of 50 — keeping top 50 cross-batch entries (6 dropped by degree sort)
Warning: compute-batches: neighborMap for server/innodb/storage/store/pages/fsp_hrd_page.go has high 1-hop degree 67 — exceeds soft cap of 50 — keeping top 50 cross-batch entries (12 dropped by degree sort)
Warning: compute-batches: neighborMap for server/innodb/storage/store/pages/ibuf_bitmap_page.go has high 1-hop degree 60 — exceeds soft cap of 50 — keeping top 50 cross-batch entries (5 dropped by degree sort)
Warning: compute-batches: neighborMap for server/innodb/storage/store/pages/inode_page.go has high 1-hop degree 60 — exceeds soft cap of 50 — keeping top 50 cross-batch entries (5 dropped by degree sort)
Warning: compute-batches: neighborMap for server/innodb/storage/store/pages/xdes_page.go has high 1-hop degree 60 — exceeds soft cap of 50 — keeping top 50 cross-batch entries (5 dropped by degree sort)
Warning: compute-batches: neighborMap for server/innodb/storage/store/table/form.go has high 1-hop degree 57 — exceeds soft cap of 50 — keeping top 50 cross-batch entries (7 dropped by degree sort)
Warning: compute-batches: neighborMap for server/innodb/storage/wrapper/blob/blob_manager.go has high 1-hop degree 61 — exceeds soft cap of 50 — keeping top 40 cross-batch entries (0 dropped by degree sort)
Warning: compute-batches: neighborMap for server/innodb/storage/wrapper/page/base.go has high 1-hop degree 99 — exceeds soft cap of 50 — keeping top 50 cross-batch entries (28 dropped by degree sort)
Warning: compute-batches: neighborMap for server/innodb/storage/wrapper/page/blob.go has high 1-hop degree 51 — exceeds soft cap of 50 — keeping top 30 cross-batch entries (0 dropped by degree sort)
Warning: compute-batches: neighborMap for server/innodb/storage/wrapper/page/blob_page_wrapper.go has high 1-hop degree 51 — exceeds soft cap of 50 — keeping top 30 cross-batch entries (0 dropped by degree sort)
Warning: compute-batches: neighborMap for server/innodb/storage/wrapper/page/checksum_test.go has high 1-hop degree 51 — exceeds soft cap of 50 — keeping top 30 cross-batch entries (0 dropped by degree sort)
Warning: compute-batches: neighborMap for server/innodb/storage/wrapper/page/compressed_page_wrapper.go has high 1-hop degree 51 — exceeds soft cap of 50 — keeping top 50 cross-batch entries (1 dropped by degree sort)
Warning: compute-batches: neighborMap for server/innodb/storage/wrapper/page/data_dictionary_page_wrapper.go has high 1-hop degree 64 — exceeds soft cap of 50 — keeping top 50 cross-batch entries (14 dropped by degree sort)
Warning: compute-batches: neighborMap for server/innodb/storage/wrapper/page/encrypted_page_wrapper.go has high 1-hop degree 64 — exceeds soft cap of 50 — keeping top 50 cross-batch entries (14 dropped by degree sort)
Warning: compute-batches: neighborMap for server/innodb/storage/wrapper/page/fsp_page_wrapper.go has high 1-hop degree 64 — exceeds soft cap of 50 — keeping top 50 cross-batch entries (14 dropped by degree sort)
Warning: compute-batches: neighborMap for server/innodb/storage/wrapper/page/ibuf_free_list_page_wrapper.go has high 1-hop degree 51 — exceeds soft cap of 50 — keeping top 50 cross-batch entries (1 dropped by degree sort)
Warning: compute-batches: neighborMap for server/innodb/storage/wrapper/page/page_allocated_wrapper.go has high 1-hop degree 83 — exceeds soft cap of 50 — keeping top 50 cross-batch entries (33 dropped by degree sort)
Warning: compute-batches: neighborMap for server/innodb/storage/wrapper/page/page_factory.go has high 1-hop degree 80 — exceeds soft cap of 50 — keeping top 50 cross-batch entries (30 dropped by degree sort)
Warning: compute-batches: neighborMap for server/innodb/storage/wrapper/page/page_index_wrapper.go has high 1-hop degree 124 — exceeds soft cap of 50 — keeping top 50 cross-batch entries (74 dropped by degree sort)
Warning: compute-batches: neighborMap for server/innodb/storage/wrapper/page/page_inode_wrapper.go has high 1-hop degree 66 — exceeds soft cap of 50 — keeping top 50 cross-batch entries (15 dropped by degree sort)
Warning: compute-batches: neighborMap for server/innodb/storage/wrapper/page/page_wrapper_base.go has high 1-hop degree 96 — exceeds soft cap of 50 — keeping top 50 cross-batch entries (46 dropped by degree sort)
Warning: compute-batches: neighborMap for server/innodb/storage/wrapper/page/page_wrapper_base_test.go has high 1-hop degree 83 — exceeds soft cap of 50 — keeping top 50 cross-batch entries (33 dropped by degree sort)
Warning: compute-batches: neighborMap for server/innodb/storage/wrapper/page/rollback_page_wrapper.go has high 1-hop degree 51 — exceeds soft cap of 50 — keeping top 50 cross-batch entries (1 dropped by degree sort)
Warning: compute-batches: neighborMap for server/innodb/storage/wrapper/system/base.go has high 1-hop degree 52 — exceeds soft cap of 50 — keeping top 50 cross-batch entries (1 dropped by degree sort)
Warning: compute-batches: neighborMap for server/innodb/storage/wrapper/types/page_wrapper.go has high 1-hop degree 85 — exceeds soft cap of 50 — keeping top 50 cross-batch entries (34 dropped by degree sort)
Warning: compute-batches: neighborMap for server/innodb/storage/wrapper/types/unified_page.go has high 1-hop degree 98 — exceeds soft cap of 50 — keeping top 50 cross-batch entries (47 dropped by degree sort)
Warning: compute-batches: neighborMap for server/net/decoupled_handler.go has high 1-hop degree 144 — exceeds soft cap of 50 — keeping top 50 cross-batch entries (94 dropped by degree sort)
Warning: compute-batches: neighborMap for server/net/decoupled_handler_test.go has high 1-hop degree 61 — exceeds soft cap of 50 — keeping top 50 cross-batch entries (11 dropped by degree sort)
Warning: compute-batches: neighborMap for server/net/handler.go has high 1-hop degree 68 — exceeds soft cap of 50 — keeping top 50 cross-batch entries (18 dropped by degree sort)
Warning: compute-batches: neighborMap for server/innodb/manager/redo_recovery_fix_test.go has high 1-hop degree 57 — exceeds soft cap of 50 — keeping top 50 cross-batch entries (7 dropped by degree sort)
Warning: compute-batches: neighborMap for server/innodb/manager/savepoint_test.go has high 1-hop degree 57 — exceeds soft cap of 50 — keeping top 50 cross-batch entries (7 dropped by degree sort)
Warning: compute-batches: neighborMap for server/innodb/manager/schema_types.go has high 1-hop degree 57 — exceeds soft cap of 50 — keeping top 50 cross-batch entries (7 dropped by degree sort)
Warning: compute-batches: neighborMap for server/innodb/manager/secondary_index_consistency_test.go has high 1-hop degree 89 — exceeds soft cap of 50 — keeping top 50 cross-batch entries (39 dropped by degree sort)
Warning: compute-batches: neighborMap for server/innodb/manager/segment_space_optimizer.go has high 1-hop degree 57 — exceeds soft cap of 50 — keeping top 50 cross-batch entries (7 dropped by degree sort)
Warning: compute-batches: neighborMap for server/innodb/manager/space_expansion_concurrent_test.go has high 1-hop degree 89 — exceeds soft cap of 50 — keeping top 50 cross-batch entries (39 dropped by degree sort)
Warning: compute-batches: neighborMap for server/innodb/manager/space_expansion_manager.go has high 1-hop degree 89 — exceeds soft cap of 50 — keeping top 50 cross-batch entries (39 dropped by degree sort)
Warning: compute-batches: neighborMap for server/innodb/manager/space_manager.go has high 1-hop degree 95 — exceeds soft cap of 50 — keeping top 50 cross-batch entries (44 dropped by degree sort)
Warning: compute-batches: neighborMap for server/innodb/manager/space_stats_test.go has high 1-hop degree 94 — exceeds soft cap of 50 — keeping top 50 cross-batch entries (43 dropped by degree sort)
Warning: compute-batches: neighborMap for server/innodb/manager/storage_manager_init_test.go has high 1-hop degree 60 — exceeds soft cap of 50 — keeping top 50 cross-batch entries (10 dropped by degree sort)
Warning: compute-batches: neighborMap for server/innodb/manager/storage_manager_test.go has high 1-hop degree 89 — exceeds soft cap of 50 — keeping top 50 cross-batch entries (39 dropped by degree sort)
Warning: compute-batches: neighborMap for server/innodb/manager/storage_optimization_test.go has high 1-hop degree 92 — exceeds soft cap of 50 — keeping top 50 cross-batch entries (42 dropped by degree sort)
Warning: compute-batches: neighborMap for server/innodb/manager/storage_provider_space_adapter.go has high 1-hop degree 89 — exceeds soft cap of 50 — keeping top 50 cross-batch entries (39 dropped by degree sort)
Warning: compute-batches: neighborMap for server/innodb/manager/system_page_initializer.go has high 1-hop degree 70 — exceeds soft cap of 50 — keeping top 50 cross-batch entries (20 dropped by degree sort)
Warning: compute-batches: neighborMap for server/innodb/manager/system_variable_analyzer.go has high 1-hop degree 82 — exceeds soft cap of 50 — keeping top 50 cross-batch entries (32 dropped by degree sort)
Warning: compute-batches: neighborMap for server/innodb/manager/system_variable_test.go has high 1-hop degree 58 — exceeds soft cap of 50 — keeping top 50 cross-batch entries (8 dropped by degree sort)
Warning: compute-batches: neighborMap for server/innodb/manager/system_variables_manager.go has high 1-hop degree 58 — exceeds soft cap of 50 — keeping top 50 cross-batch entries (8 dropped by degree sort)
Warning: compute-batches: neighborMap for server/innodb/manager/table_storage_mapping.go has high 1-hop degree 105 — exceeds soft cap of 50 — keeping top 50 cross-batch entries (55 dropped by degree sort)
Warning: compute-batches: neighborMap for server/innodb/manager/tablespace_defragmenter_test.go has high 1-hop degree 102 — exceeds soft cap of 50 — keeping top 50 cross-batch entries (52 dropped by degree sort)
Warning: compute-batches: neighborMap for server/innodb/manager/test_fix.go has high 1-hop degree 89 — exceeds soft cap of 50 — keeping top 50 cross-batch entries (39 dropped by degree sort)
Warning: compute-batches: neighborMap for server/innodb/manager/transaction_manager.go has high 1-hop degree 62 — exceeds soft cap of 50 — keeping top 50 cross-batch entries (12 dropped by degree sort)
Warning: compute-batches: neighborMap for server/innodb/manager/undo_log_format.go has high 1-hop degree 57 — exceeds soft cap of 50 — keeping top 50 cross-batch entries (7 dropped by degree sort)
Warning: compute-batches: neighborMap for server/innodb/manager/undo_log_manager.go has high 1-hop degree 58 — exceeds soft cap of 50 — keeping top 50 cross-batch entries (8 dropped by degree sort)
Warning: compute-batches: neighborMap for server/innodb/manager/undo_purge.go has high 1-hop degree 57 — exceeds soft cap of 50 — keeping top 50 cross-batch entries (7 dropped by degree sort)
Warning: compute-batches: neighborMap for server/innodb/manager/undo_rollback_comprehensive_test.go has high 1-hop degree 57 — exceeds soft cap of 50 — keeping top 50 cross-batch entries (7 dropped by degree sort)
Warning: compute-batches: neighborMap for server/innodb/manager/undo_rollback_fix_test.go has high 1-hop degree 57 — exceeds soft cap of 50 — keeping top 50 cross-batch entries (7 dropped by degree sort)
Warning: compute-batches: neighborMap for server/innodb/manager/undo_segment.go has high 1-hop degree 57 — exceeds soft cap of 50 — keeping top 50 cross-batch entries (7 dropped by degree sort)
Warning: compute-batches: neighborMap for server/innodb/manager/undo_segment_test.go has high 1-hop degree 57 — exceeds soft cap of 50 — keeping top 50 cross-batch entries (7 dropped by degree sort)
Warning: compute-batches: neighborMap for server/innodb/manager/undo_version_chain_test.go has high 1-hop degree 61 — exceeds soft cap of 50 — keeping top 50 cross-batch entries (11 dropped by degree sort)
Warning: compute-batches: neighborMap for cmd/demo_executor/test_select_simple.go has high 1-hop degree 96 — exceeds soft cap of 50 — keeping top 50 cross-batch entries (25 dropped by degree sort)
Warning: compute-batches: neighborMap for cmd/persistence_demo/main.go has high 1-hop degree 68 — exceeds soft cap of 50 — keeping top 47 cross-batch entries (0 dropped by degree sort)
Warning: compute-batches: neighborMap for cmd/query_optimizer_demo/main.go has high 1-hop degree 57 — exceeds soft cap of 50 — keeping top 50 cross-batch entries (7 dropped by degree sort)
Warning: compute-batches: neighborMap for server/auth/auth_integration_test.go has high 1-hop degree 91 — exceeds soft cap of 50 — keeping top 50 cross-batch entries (20 dropped by degree sort)
Warning: compute-batches: neighborMap for server/auth/engine_access.go has high 1-hop degree 94 — exceeds soft cap of 50 — keeping top 50 cross-batch entries (23 dropped by degree sort)
Warning: compute-batches: neighborMap for server/dispatcher/system_variable_engine.go has high 1-hop degree 263 — exceeds soft cap of 50 — keeping top 50 cross-batch entries (192 dropped by degree sort)
Warning: compute-batches: neighborMap for server/innodb/engine/apply_operator_conditions_test.go has high 1-hop degree 100 — exceeds soft cap of 50 — keeping top 50 cross-batch entries (45 dropped by degree sort)
Warning: compute-batches: neighborMap for server/innodb/engine/cte_executor.go has high 1-hop degree 52 — exceeds soft cap of 50 — keeping top 47 cross-batch entries (0 dropped by degree sort)
Warning: compute-batches: neighborMap for server/innodb/engine/dml_executor_test.go has high 1-hop degree 51 — exceeds soft cap of 50 — keeping top 46 cross-batch entries (0 dropped by degree sort)
Warning: compute-batches: neighborMap for server/innodb/engine/dml_operators.go has high 1-hop degree 101 — exceeds soft cap of 50 — keeping top 50 cross-batch entries (46 dropped by degree sort)
Warning: compute-batches: neighborMap for server/innodb/engine/executor.go has high 1-hop degree 265 — exceeds soft cap of 50 — keeping top 50 cross-batch entries (209 dropped by degree sort)
Warning: compute-batches: neighborMap for server/innodb/engine/executor_logical_plan_test.go has high 1-hop degree 77 — exceeds soft cap of 50 — keeping top 50 cross-batch entries (22 dropped by degree sort)
Warning: compute-batches: neighborMap for server/innodb/engine/expression_eval_test.go has high 1-hop degree 100 — exceeds soft cap of 50 — keeping top 50 cross-batch entries (45 dropped by degree sort)
Warning: compute-batches: neighborMap for server/innodb/engine/select_executor.go has high 1-hop degree 309 — exceeds soft cap of 50 — keeping top 50 cross-batch entries (254 dropped by degree sort)
Warning: compute-batches: neighborMap for server/innodb/engine/storage_integrated_dml_test.go has high 1-hop degree 51 — exceeds soft cap of 50 — keeping top 37 cross-batch entries (0 dropped by degree sort)
Warning: compute-batches: neighborMap for server/innodb/engine/unified_executor.go has high 1-hop degree 210 — exceeds soft cap of 50 — keeping top 50 cross-batch entries (145 dropped by degree sort)
Warning: compute-batches: neighborMap for server/innodb/engine/unified_executor_build_tree_test.go has high 1-hop degree 68 — exceeds soft cap of 50 — keeping top 50 cross-batch entries (4 dropped by degree sort)
Warning: compute-batches: neighborMap for server/innodb/engine/unified_executor_test.go has high 1-hop degree 244 — exceeds soft cap of 50 — keeping top 50 cross-batch entries (179 dropped by degree sort)
Warning: compute-batches: neighborMap for server/innodb/engine/volcano_builder_test.go has high 1-hop degree 68 — exceeds soft cap of 50 — keeping top 50 cross-batch entries (4 dropped by degree sort)
Warning: compute-batches: neighborMap for server/innodb/integration/execution_engine_integration.go has high 1-hop degree 299 — exceeds soft cap of 50 — keeping top 50 cross-batch entries (222 dropped by degree sort)
Warning: compute-batches: neighborMap for server/innodb/integration/sql_parser_integration.go has high 1-hop degree 199 — exceeds soft cap of 50 — keeping top 50 cross-batch entries (135 dropped by degree sort)
Warning: compute-batches: neighborMap for server/innodb/manager/schema_manager.go has high 1-hop degree 113 — exceeds soft cap of 50 — keeping top 50 cross-batch entries (46 dropped by degree sort)
Warning: compute-batches: neighborMap for server/innodb/metadata/builder.go has high 1-hop degree 80 — exceeds soft cap of 50 — keeping top 50 cross-batch entries (22 dropped by degree sort)
Warning: compute-batches: neighborMap for server/innodb/metadata/column_def.go has high 1-hop degree 80 — exceeds soft cap of 50 — keeping top 50 cross-batch entries (22 dropped by degree sort)
Warning: compute-batches: neighborMap for server/innodb/metadata/convert.go has high 1-hop degree 80 — exceeds soft cap of 50 — keeping top 50 cross-batch entries (22 dropped by degree sort)
Warning: compute-batches: neighborMap for server/innodb/metadata/database.go has high 1-hop degree 107 — exceeds soft cap of 50 — keeping top 50 cross-batch entries (49 dropped by degree sort)
Warning: compute-batches: neighborMap for server/innodb/metadata/information_schemas.go has high 1-hop degree 80 — exceeds soft cap of 50 — keeping top 50 cross-batch entries (22 dropped by degree sort)
Warning: compute-batches: neighborMap for server/innodb/metadata/migrate.go has high 1-hop degree 80 — exceeds soft cap of 50 — keeping top 50 cross-batch entries (22 dropped by degree sort)
Warning: compute-batches: neighborMap for server/innodb/metadata/performance_schemas.go has high 1-hop degree 80 — exceeds soft cap of 50 — keeping top 50 cross-batch entries (22 dropped by degree sort)
Warning: compute-batches: neighborMap for server/innodb/metadata/query_schema.go has high 1-hop degree 80 — exceeds soft cap of 50 — keeping top 50 cross-batch entries (22 dropped by degree sort)
Warning: compute-batches: neighborMap for server/innodb/metadata/schema.go has high 1-hop degree 80 — exceeds soft cap of 50 — keeping top 50 cross-batch entries (22 dropped by degree sort)
Warning: compute-batches: neighborMap for server/innodb/metadata/table.go has high 1-hop degree 80 — exceeds soft cap of 50 — keeping top 50 cross-batch entries (22 dropped by degree sort)
Warning: compute-batches: neighborMap for server/innodb/metadata/tablemeta_methods_test.go has high 1-hop degree 80 — exceeds soft cap of 50 — keeping top 50 cross-batch entries (22 dropped by degree sort)
Warning: compute-batches: neighborMap for server/innodb/metadata/tuple.go has high 1-hop degree 80 — exceeds soft cap of 50 — keeping top 50 cross-batch entries (22 dropped by degree sort)
Warning: compute-batches: neighborMap for server/innodb/metadata/util.go has high 1-hop degree 80 — exceeds soft cap of 50 — keeping top 50 cross-batch entries (22 dropped by degree sort)
Warning: compute-batches: neighborMap for server/innodb/plan/logical_plan.go has high 1-hop degree 55 — exceeds soft cap of 50 — keeping top 50 cross-batch entries (5 dropped by degree sort)
Warning: compute-batches: neighborMap for server/innodb/plan/logical_plan_test.go has high 1-hop degree 55 — exceeds soft cap of 50 — keeping top 50 cross-batch entries (5 dropped by degree sort)
Warning: compute-batches: neighborMap for server/innodb/sqlparser/analyzer.go has high 1-hop degree 82 — exceeds soft cap of 50 — keeping top 50 cross-batch entries (24 dropped by degree sort)
Warning: compute-batches: neighborMap for server/innodb/sqlparser/analyzer_test.go has high 1-hop degree 82 — exceeds soft cap of 50 — keeping top 50 cross-batch entries (24 dropped by degree sort)
Warning: compute-batches: neighborMap for server/innodb/sqlparser/ast.go has high 1-hop degree 51 — exceeds soft cap of 50 — keeping top 42 cross-batch entries (0 dropped by degree sort)
Warning: compute-batches: neighborMap for server/innodb/basic/base_page_wrapper.go has high 1-hop degree 140 — exceeds soft cap of 50 — keeping top 50 cross-batch entries (90 dropped by degree sort)
Warning: compute-batches: neighborMap for server/innodb/basic/bplus_tree_manager.go has high 1-hop degree 140 — exceeds soft cap of 50 — keeping top 50 cross-batch entries (90 dropped by degree sort)
Warning: compute-batches: neighborMap for server/innodb/basic/btree.go has high 1-hop degree 140 — exceeds soft cap of 50 — keeping top 50 cross-batch entries (90 dropped by degree sort)
Warning: compute-batches: neighborMap for server/innodb/basic/btree_manager.go has high 1-hop degree 140 — exceeds soft cap of 50 — keeping top 50 cross-batch entries (90 dropped by degree sort)
Warning: compute-batches: neighborMap for server/innodb/basic/btree_statistics.go has high 1-hop degree 140 — exceeds soft cap of 50 — keeping top 50 cross-batch entries (90 dropped by degree sort)
Warning: compute-batches: neighborMap for server/innodb/basic/cursor.go has high 1-hop degree 140 — exceeds soft cap of 50 — keeping top 50 cross-batch entries (90 dropped by degree sort)
Warning: compute-batches: neighborMap for server/innodb/basic/errors.go has high 1-hop degree 140 — exceeds soft cap of 50 — keeping top 50 cross-batch entries (90 dropped by degree sort)
Warning: compute-batches: neighborMap for server/innodb/basic/extent.go has high 1-hop degree 140 — exceeds soft cap of 50 — keeping top 50 cross-batch entries (90 dropped by degree sort)
Warning: compute-batches: neighborMap for server/innodb/basic/filesystem.go has high 1-hop degree 140 — exceeds soft cap of 50 — keeping top 50 cross-batch entries (90 dropped by degree sort)
Warning: compute-batches: neighborMap for server/innodb/basic/index.go has high 1-hop degree 142 — exceeds soft cap of 50 — keeping top 50 cross-batch entries (92 dropped by degree sort)
Warning: compute-batches: neighborMap for server/innodb/basic/index_wrapper.go has high 1-hop degree 140 — exceeds soft cap of 50 — keeping top 50 cross-batch entries (90 dropped by degree sort)
Warning: compute-batches: neighborMap for server/innodb/basic/interfaces.go has high 1-hop degree 140 — exceeds soft cap of 50 — keeping top 50 cross-batch entries (90 dropped by degree sort)
Warning: compute-batches: neighborMap for server/innodb/basic/iterator.go has high 1-hop degree 140 — exceeds soft cap of 50 — keeping top 50 cross-batch entries (90 dropped by degree sort)
Warning: compute-batches: neighborMap for server/innodb/basic/page.go has high 1-hop degree 140 — exceeds soft cap of 50 — keeping top 50 cross-batch entries (90 dropped by degree sort)
Warning: compute-batches: neighborMap for server/innodb/basic/page_header.go has high 1-hop degree 140 — exceeds soft cap of 50 — keeping top 50 cross-batch entries (90 dropped by degree sort)
Warning: compute-batches: neighborMap for server/innodb/basic/page_manager.go has high 1-hop degree 140 — exceeds soft cap of 50 — keeping top 50 cross-batch entries (90 dropped by degree sort)
Warning: compute-batches: neighborMap for server/innodb/basic/page_types.go has high 1-hop degree 140 — exceeds soft cap of 50 — keeping top 50 cross-batch entries (90 dropped by degree sort)
Warning: compute-batches: neighborMap for server/innodb/basic/page_wrapper.go has high 1-hop degree 140 — exceeds soft cap of 50 — keeping top 50 cross-batch entries (90 dropped by degree sort)
Warning: compute-batches: neighborMap for server/innodb/basic/record.go has high 1-hop degree 140 — exceeds soft cap of 50 — keeping top 50 cross-batch entries (90 dropped by degree sort)
Warning: compute-batches: neighborMap for server/innodb/basic/row.go has high 1-hop degree 140 — exceeds soft cap of 50 — keeping top 50 cross-batch entries (90 dropped by degree sort)
Warning: compute-batches: neighborMap for server/innodb/basic/segment.go has high 1-hop degree 140 — exceeds soft cap of 50 — keeping top 50 cross-batch entries (90 dropped by degree sort)
Warning: compute-batches: neighborMap for server/innodb/basic/segment_manager.go has high 1-hop degree 140 — exceeds soft cap of 50 — keeping top 50 cross-batch entries (90 dropped by degree sort)
Warning: compute-batches: neighborMap for server/innodb/basic/space_manager.go has high 1-hop degree 140 — exceeds soft cap of 50 — keeping top 50 cross-batch entries (90 dropped by degree sort)
Warning: compute-batches: neighborMap for server/innodb/basic/spaces.go has high 1-hop degree 140 — exceeds soft cap of 50 — keeping top 50 cross-batch entries (90 dropped by degree sort)
Warning: compute-batches: neighborMap for server/innodb/basic/storage.go has high 1-hop degree 140 — exceeds soft cap of 50 — keeping top 50 cross-batch entries (90 dropped by degree sort)
Warning: compute-batches: neighborMap for server/innodb/basic/storage_manager.go has high 1-hop degree 140 — exceeds soft cap of 50 — keeping top 50 cross-batch entries (90 dropped by degree sort)
Warning: compute-batches: neighborMap for server/innodb/basic/tablespace.go has high 1-hop degree 140 — exceeds soft cap of 50 — keeping top 50 cross-batch entries (90 dropped by degree sort)
Warning: compute-batches: neighborMap for server/innodb/basic/tree.go has high 1-hop degree 140 — exceeds soft cap of 50 — keeping top 50 cross-batch entries (68 dropped by degree sort)
Warning: compute-batches: neighborMap for server/innodb/basic/tx.go has high 1-hop degree 140 — exceeds soft cap of 50 — keeping top 50 cross-batch entries (68 dropped by degree sort)
Warning: compute-batches: neighborMap for server/innodb/basic/types.go has high 1-hop degree 157 — exceeds soft cap of 50 — keeping top 50 cross-batch entries (85 dropped by degree sort)
Warning: compute-batches: neighborMap for server/innodb/basic/value.go has high 1-hop degree 157 — exceeds soft cap of 50 — keeping top 50 cross-batch entries (85 dropped by degree sort)
Warning: compute-batches: neighborMap for server/innodb/basic/value_conversion_test.go has high 1-hop degree 140 — exceeds soft cap of 50 — keeping top 50 cross-batch entries (68 dropped by degree sort)
Warning: compute-batches: neighborMap for server/innodb/buffer_pool/buffer_pool.go has high 1-hop degree 74 — exceeds soft cap of 50 — keeping top 50 cross-batch entries (16 dropped by degree sort)
Warning: compute-batches: neighborMap for server/innodb/engine/dml_index_sync_integration_test.go has high 1-hop degree 59 — exceeds soft cap of 50 — keeping top 50 cross-batch entries (2 dropped by degree sort)
Warning: compute-batches: neighborMap for server/innodb/engine/dml_operators_duplicate_test.go has high 1-hop degree 61 — exceeds soft cap of 50 — keeping top 50 cross-batch entries (6 dropped by degree sort)
Warning: compute-batches: neighborMap for server/innodb/engine/executor_record.go has high 1-hop degree 59 — exceeds soft cap of 50 — keeping top 50 cross-batch entries (2 dropped by degree sort)
Warning: compute-batches: neighborMap for server/innodb/engine/hash_operators_bench_test.go has high 1-hop degree 59 — exceeds soft cap of 50 — keeping top 50 cross-batch entries (2 dropped by degree sort)
Warning: compute-batches: neighborMap for server/innodb/engine/hash_operators_test.go has high 1-hop degree 59 — exceeds soft cap of 50 — keeping top 50 cross-batch entries (2 dropped by degree sort)
Warning: compute-batches: neighborMap for server/innodb/engine/outer_join_test.go has high 1-hop degree 59 — exceeds soft cap of 50 — keeping top 50 cross-batch entries (2 dropped by degree sort)
Warning: compute-batches: neighborMap for server/innodb/engine/simple_executor_record_test.go has high 1-hop degree 59 — exceeds soft cap of 50 — keeping top 50 cross-batch entries (2 dropped by degree sort)
Warning: compute-batches: neighborMap for server/innodb/engine/subquery_executor_test.go has high 1-hop degree 59 — exceeds soft cap of 50 — keeping top 50 cross-batch entries (2 dropped by degree sort)
Warning: compute-batches: neighborMap for server/innodb/engine/volcano_refactor_test.go has high 1-hop degree 59 — exceeds soft cap of 50 — keeping top 50 cross-batch entries (2 dropped by degree sort)
Warning: compute-batches: neighborMap for server/innodb/engine/window_function_executor.go has high 1-hop degree 60 — exceeds soft cap of 50 — keeping top 50 cross-batch entries (3 dropped by degree sort)
Warning: compute-batches: neighborMap for server/innodb/manager/enhanced_btree_index.go has high 1-hop degree 156 — exceeds soft cap of 50 — keeping top 50 cross-batch entries (99 dropped by degree sort)
Warning: compute-batches: neighborMap for server/innodb/manager/extent_manager.go has high 1-hop degree 107 — exceeds soft cap of 50 — keeping top 50 cross-batch entries (51 dropped by degree sort)
Warning: compute-batches: neighborMap for server/innodb/manager/info_schema_manager.go has high 1-hop degree 104 — exceeds soft cap of 50 — keeping top 50 cross-batch entries (47 dropped by degree sort)
Warning: compute-batches: neighborMap for server/innodb/manager/mysql_user_data.go has high 1-hop degree 129 — exceeds soft cap of 50 — keeping top 50 cross-batch entries (72 dropped by degree sort)
Warning: compute-batches: neighborMap for server/innodb/manager/segment_manager.go has high 1-hop degree 107 — exceeds soft cap of 50 — keeping top 50 cross-batch entries (51 dropped by degree sort)
Warning: compute-batches: neighborMap for server/innodb/manager/table_manager.go has high 1-hop degree 104 — exceeds soft cap of 50 — keeping top 50 cross-batch entries (47 dropped by degree sort)
Warning: compute-batches: neighborMap for server/innodb/manager/tablespace_defragmenter.go has high 1-hop degree 112 — exceeds soft cap of 50 — keeping top 50 cross-batch entries (56 dropped by degree sort)
Warning: compute-batches: neighborMap for server/innodb/metadata/column.go has high 1-hop degree 112 — exceeds soft cap of 50 — keeping top 50 cross-batch entries (43 dropped by degree sort)
Warning: compute-batches: neighborMap for server/innodb/metadata/utils.go has high 1-hop degree 112 — exceeds soft cap of 50 — keeping top 50 cross-batch entries (43 dropped by degree sort)
Warning: compute-batches: neighborMap for server/innodb/plan/cbo_integrated_optimizer.go has high 1-hop degree 63 — exceeds soft cap of 50 — keeping top 50 cross-batch entries (6 dropped by degree sort)
Warning: compute-batches: neighborMap for server/innodb/plan/physical_plan.go has high 1-hop degree 65 — exceeds soft cap of 50 — keeping top 50 cross-batch entries (15 dropped by degree sort)
Warning: compute-batches: neighborMap for server/innodb/plan/statistics_collector_enhanced.go has high 1-hop degree 63 — exceeds soft cap of 50 — keeping top 50 cross-batch entries (13 dropped by degree sort)
Warning: compute-batches: neighborMap for server/innodb/plan/statistics_collector_helpers.go has high 1-hop degree 63 — exceeds soft cap of 50 — keeping top 50 cross-batch entries (13 dropped by degree sort)
Warning: compute-batches: neighborMap for server/innodb/storage/wrapper/mvcc/mvcc_page.go has high 1-hop degree 53 — exceeds soft cap of 50 — keeping top 49 cross-batch entries (0 dropped by degree sort)
Warning: compute-batches: neighborMap for server/innodb/sqlparser/normalizer.go has high 1-hop degree 83 — exceeds soft cap of 50 — keeping top 50 cross-batch entries (27 dropped by degree sort)
Warning: compute-batches: neighborMap for server/innodb/sqlparser/normalizer_test.go has high 1-hop degree 51 — exceeds soft cap of 50 — keeping top 45 cross-batch entries (0 dropped by degree sort)
Warning: compute-batches: neighborMap for server/innodb/sqlparser/parsed_query.go has high 1-hop degree 51 — exceeds soft cap of 50 — keeping top 45 cross-batch entries (0 dropped by degree sort)
Warning: compute-batches: neighborMap for server/innodb/sqlparser/parsed_query_test.go has high 1-hop degree 51 — exceeds soft cap of 50 — keeping top 45 cross-batch entries (0 dropped by degree sort)
Warning: compute-batches: neighborMap for server/innodb/sqlparser/token.go has high 1-hop degree 52 — exceeds soft cap of 50 — keeping top 46 cross-batch entries (0 dropped by degree sort)
Warning: compute-batches: neighborMap for server/net/mysql_server.go has high 1-hop degree 73 — exceeds soft cap of 50 — keeping top 50 cross-batch entries (23 dropped by degree sort)
Warning: compute-batches: neighborMap for server/innodb/storage/wrapper/page/index.go has high 1-hop degree 70 — exceeds soft cap of 50 — keeping top 50 cross-batch entries (16 dropped by degree sort)
Warning: compute-batches: neighborMap for server/innodb/storage/wrapper/page/page_impl.go has high 1-hop degree 55 — exceeds soft cap of 50 — keeping top 50 cross-batch entries (5 dropped by degree sort)
Warning: compute-batches: neighborMap for server/innodb/storage/wrapper/record/infiu_supremum.go has high 1-hop degree 67 — exceeds soft cap of 50 — keeping top 50 cross-batch entries (17 dropped by degree sort)
Warning: compute-batches: neighborMap for server/innodb/storage/wrapper/record/row_cluster_index_internal_row.go has high 1-hop degree 67 — exceeds soft cap of 50 — keeping top 50 cross-batch entries (17 dropped by degree sort)
Warning: compute-batches: neighborMap for server/innodb/storage/wrapper/record/row_cluster_index_leaf_row.go has high 1-hop degree 82 — exceeds soft cap of 50 — keeping top 50 cross-batch entries (32 dropped by degree sort)
Warning: compute-batches: neighborMap for server/innodb/storage/wrapper/record/row_secondary_index_internal_row.go has high 1-hop degree 82 — exceeds soft cap of 50 — keeping top 50 cross-batch entries (32 dropped by degree sort)
Warning: compute-batches: neighborMap for server/innodb/storage/wrapper/record/row_secondary_index_leaf_row.go has high 1-hop degree 82 — exceeds soft cap of 50 — keeping top 50 cross-batch entries (32 dropped by degree sort)
Warning: compute-batches: neighborMap for server/innodb/storage/wrapper/types/base_page.go has high 1-hop degree 56 — exceeds soft cap of 50 — keeping top 50 cross-batch entries (5 dropped by degree sort)
Warning: compute-batches: neighborMap for server/innodb/storage/wrapper/types/sys_types.go has high 1-hop degree 52 — exceeds soft cap of 50 — keeping top 50 cross-batch entries (1 dropped by degree sort)
Warning: compute-batches: neighborMap for server/innodb/storage/wrapper/types/unified_page_test.go has high 1-hop degree 56 — exceeds soft cap of 50 — keeping top 50 cross-batch entries (5 dropped by degree sort)
Wrote 51 batches (sizes: max=33, min=1) to /Users/zhukovasky/GolandProjects/xmysql-server/.understand-anything/intermediate/batches.json
