--- FAIL: TestApplyOperator_EvaluateJoinConditions (0.00s)
panic: runtime error: invalid memory address or nil pointer dereference [recovered]
	panic: runtime error: invalid memory address or nil pointer dereference
[signal SIGSEGV: segmentation violation code=0x1 addr=0x30 pc=0x832d325]

goroutine 7 [running]:
testing.tRunner.func1.2({0x84bd900, 0x87b3670})
	/Users/zhukovasky/sdk/go1.24.3/src/testing/testing.go:1734 +0x21c
testing.tRunner.func1()
	/Users/zhukovasky/sdk/go1.24.3/src/testing/testing.go:1737 +0x35e
panic({0x84bd900?, 0x87b3670?})
	/Users/zhukovasky/sdk/go1.24.3/src/runtime/panic.go:792 +0x132
github.com/zhukovaskychina/xmysql-server/server/innodb/engine.(*ApplyOperator).evaluateJoinConditions(0xc000068eb8, {0x853ddc0, 0xc00007ee00}, {0x853ddc0, 0xc00007ee20})
	/Users/zhukovasky/GolandProjects/xmysql-server/server/innodb/engine/volcano_executor.go:2185 +0xe5
github.com/zhukovaskychina/xmysql-server/server/innodb/engine.TestApplyOperator_EvaluateJoinConditions(0xc000003dc0)
	/Users/zhukovasky/GolandProjects/xmysql-server/server/innodb/engine/apply_operator_conditions_test.go:39 +0x8d5
testing.tRunner(0xc000003dc0, 0x8535798)
	/Users/zhukovasky/sdk/go1.24.3/src/testing/testing.go:1792 +0xf4
created by testing.(*T).Run in goroutine 1
	/Users/zhukovasky/sdk/go1.24.3/src/testing/testing.go:1851 +0x413
FAIL	github.com/zhukovaskychina/xmysql-server/server/innodb/engine	1.079s
FAIL
