=== crash recovery process drill 2026-04-27T16:04:36+08:00 ===
repo: /Users/zhukovasky/GolandProjects/xmysql-server
go: go version go1.24.3 darwin/amd64
run_dir: /Users/zhukovasky/GolandProjects/xmysql-server/reports/crash_recovery_process_drill_20260427_160436
port: 3310
db: drill_recovery_db_20260427_160436
table: drill_txn_20260427_160436

[STEP] cleanup stale listener
[OK]   cleanup stale listener
[STEP] start server
server_pid=20049
[OK]   start server
[STEP] wait server port
[OK]   wait server port
[STEP] setup redo
[OK]   setup redo
[STEP] crash after redo commit
[OK]   crash after redo commit
[STEP] restart server for redo verify
server_pid=20236
[OK]   restart server for redo verify
[STEP] wait server port (redo verify)
[OK]   wait server port (redo verify)
[STEP] verify redo
[OK]   verify redo
[STEP] verify show tables where
[OK]   verify show tables where
[STEP] undo scenario via manager rollback/fault tests
[OK]   undo scenario via manager rollback/fault tests
[STEP] half-commit scenario via fault injection tests
[OK]   half-commit scenario via fault injection tests

RESULT: PASS
summary=/Users/zhukovasky/GolandProjects/xmysql-server/reports/crash_recovery_process_drill_20260427_160436/summary.log
server_log=/Users/zhukovasky/GolandProjects/xmysql-server/reports/crash_recovery_process_drill_20260427_160436/server.log
client_log=/Users/zhukovasky/GolandProjects/xmysql-server/reports/crash_recovery_process_drill_20260427_160436/client.log
manager_test_log=/Users/zhukovasky/GolandProjects/xmysql-server/reports/crash_recovery_process_drill_20260427_160436/manager_tests.log
