=== crash recovery process drill 2026-06-11T10:40:49+08:00 ===
repo: /Users/zhukovasky/GolandProjects/xmysql-server
go: go version go1.24.3 darwin/amd64
run_dir: ./reports/tmp_drill_check/crash_recovery_process_drill_20260611_104049
rounds: 1
host: 127.0.0.1
port: 3310
dsn: root:root%401234@tcp(127.0.0.1:3310)/mysql?timeout=5s&readTimeout=5s&writeTimeout=5s&parseTime=true
db_base: drill_recovery_db_20260611_104049
table_base: drill_txn_20260611_104049
undo_hold_seconds: 3
half_sleep_seconds: 1

[ROUND global] [STEP] scenario=global label=cleanup stale listener
[ROUND global] [PASS] scenario=global label=cleanup stale listener duration_ms=0
[ROUND 1] [START] db=drill_recovery_db_20260611_104049_r1 table=drill_txn_20260611_104049_r1
[ROUND 1] [STEP] scenario=redo label=start server
[SERVER] start pid=78958
[ROUND 1] [PASS] scenario=redo label=start server duration_ms=0
[ROUND 1] [STEP] scenario=redo label=wait server
[ROUND 1] [PASS] scenario=redo label=wait server duration_ms=9000
[ROUND 1] [STEP] scenario=redo label=setup redo
[ROUND 1] [PASS] scenario=redo label=setup redo duration_ms=1000
[ROUND 1] [STEP] scenario=redo label=snapshot before crash
[ROUND 1] [PASS] scenario=redo label=snapshot before crash duration_ms=1000
[ROUND 1] [STEP] scenario=redo label=kill server after setup
[ROUND 1] [PASS] scenario=redo label=kill server after setup duration_ms=34000
[ROUND 1] [STEP] scenario=redo label=restart for redo verify
[SERVER] start pid=81162
[ROUND 1] [PASS] scenario=redo label=restart for redo verify duration_ms=2000
[ROUND 1] [STEP] scenario=redo label=wait server after restart
[ROUND 1] [PASS] scenario=redo label=wait server after restart duration_ms=2000
[ROUND 1] [STEP] scenario=redo label=snapshot after restart
[ROUND 1] [PASS] scenario=redo label=snapshot after restart duration_ms=0
[ROUND 1] [STEP] scenario=redo label=verify redo
[ROUND 1] [PASS] scenario=redo label=verify redo duration_ms=1000
[ROUND 1] [STEP] scenario=redo label=verify show tables where
[ROUND 1] [PASS] scenario=redo label=verify show tables where duration_ms=0
[ROUND 1] [SCENARIO] redo result=PASS
[ROUND 1] [STEP] scenario=undo label=snapshot before undo
[ROUND 1] [PASS] scenario=undo label=snapshot before undo duration_ms=0
[ROUND 1] [SCENARIO] undo result=START
[ROUND 1] [STEP] scenario=undo label=kill server while tx open
[ROUND 1] [PASS] scenario=undo label=kill server while tx open duration_ms=33000
[ROUND 1] [CLIENT] undo pid=81421 finish
[ROUND 1] [STEP] scenario=undo label=restart for undo verify
[SERVER] start pid=83169
[ROUND 1] [PASS] scenario=undo label=restart for undo verify duration_ms=1000
[ROUND 1] [STEP] scenario=undo label=wait server after restart
[ROUND 1] [PASS] scenario=undo label=wait server after restart duration_ms=1000
[ROUND 1] [STEP] scenario=undo label=snapshot after restart
[ROUND 1] [PASS] scenario=undo label=snapshot after restart duration_ms=0
[ROUND 1] [STEP] scenario=undo label=verify undo
[ROUND 1] [PASS] scenario=undo label=verify undo duration_ms=0
[ROUND 1] [SCENARIO] undo result=PASS
[ROUND 1] [STEP] scenario=half_commit label=snapshot before half-commit
[ROUND 1] [PASS] scenario=half_commit label=snapshot before half-commit duration_ms=1000
[ROUND 1] [SCENARIO] half_commit result=START
[ROUND 1] [STEP] scenario=half_commit label=kill server during commit
[ROUND 1] [PASS] scenario=half_commit label=kill server during commit duration_ms=41000
[ROUND 1] [CLIENT] half_commit pid=83492 finish
[ROUND 1] [STEP] scenario=half_commit label=restart for half-commit verify
[SERVER] start pid=87273
[ROUND 1] [PASS] scenario=half_commit label=restart for half-commit verify duration_ms=3000
[ROUND 1] [STEP] scenario=half_commit label=wait server after restart
[ROUND 1] [PASS] scenario=half_commit label=wait server after restart duration_ms=1000
[ROUND 1] [STEP] scenario=half_commit label=snapshot after restart
[ROUND 1] [PASS] scenario=half_commit label=snapshot after restart duration_ms=0
[ROUND 1] [STEP] scenario=half_commit label=verify half-commit
[ROUND 1] [PASS] scenario=half_commit label=verify half-commit duration_ms=0
[ROUND 1] [SCENARIO] half_commit result=PASS
[ROUND 1] [ROUND_RESULT] PASS

RESULT: PASS
summary=./reports/tmp_drill_check/crash_recovery_process_drill_20260611_104049/summary.log
server_log=./reports/tmp_drill_check/crash_recovery_process_drill_20260611_104049/server.log
client_log=./reports/tmp_drill_check/crash_recovery_process_drill_20260611_104049/client.log
