[00:41:12 CST 2026/05/17] [INFO] (main.go:main.main:60) Logger initialized successfully with level: info

[00:41:12 CST 2026/05/17] [INFO] (main.go:main.main:62) XMySQL Server starting...
[00:41:12 CST 2026/05/17] [WARN] (mysql_user_data.go:github.com/zhukovaskychina/xmysql-server/server/innodb/manager.(*StorageManager).InitializeMySQLUserData:781) Warning: Enhanced B+tree verification warning: consistency check failed: page 128 record count mismatch
[00:41:12 CST 2026/05/17] [INFO] (enginx.go:github.com/zhukovaskychina/xmysql-server/server/innodb/engine.(*XMySQLEngine).initRecoveryLayer:216) No checkpoint found, starting recovery from LSN 0
[00:41:12 CST 2026/05/17] [WARN] (mysql_user_data.go:github.com/zhukovaskychina/xmysql-server/server/innodb/manager.(*StorageManager).InitializeMySQLUserData:781) Warning: Enhanced B+tree verification warning: consistency check failed: page 64 record count mismatch
[00:41:12 CST 2026/05/17] [INFO] (enginx.go:github.com/zhukovaskychina/xmysql-server/server/innodb/engine.(*XMySQLEngine).initRecoveryLayer:216) No checkpoint found, starting recovery from LSN 0
[00:41:12 CST 2026/05/17] [INFO] (main.go:main.main:66) Starting MySQL server...
[00:41:12 CST 2026/05/17] [INFO] (enginx.go:github.com/zhukovaskychina/xmysql-server/server/innodb/engine.(*XMySQLEngine).Start:75) 🚀 Starting XMySQL Engine...
[00:41:12 CST 2026/05/17] [INFO] (enginx.go:github.com/zhukovaskychina/xmysql-server/server/innodb/engine.(*XMySQLEngine).Start:78) 🏥 Performing crash recovery...
[00:41:12 CST 2026/05/17] [INFO] (enginx.go:github.com/zhukovaskychina/xmysql-server/server/innodb/engine.(*XMySQLEngine).Start:82) ✅ Crash recovery completed successfully
[00:41:12 CST 2026/05/17] [INFO] (enginx.go:github.com/zhukovaskychina/xmysql-server/server/innodb/engine.(*XMySQLEngine).Start:85) 💾 Starting Checkpoint Manager...
[00:41:12 CST 2026/05/17] [INFO] (storage_integrated_checkpoint.go:github.com/zhukovaskychina/xmysql-server/server/innodb/engine.(*CheckpointManager).Start:103) 🚀 启动检查点管理器
[00:41:12 CST 2026/05/17] [INFO] (storage_integrated_checkpoint.go:github.com/zhukovaskychina/xmysql-server/server/innodb/engine.(*CheckpointManager).Start:117) 📄 没有找到有效的检查点，将从头开始
[00:41:12 CST 2026/05/17] [INFO] (storage_integrated_checkpoint.go:github.com/zhukovaskychina/xmysql-server/server/innodb/engine.(*CheckpointManager).Start:122)  检查点管理器启动成功
[00:41:12 CST 2026/05/17] [INFO] (enginx.go:github.com/zhukovaskychina/xmysql-server/server/innodb/engine.(*XMySQLEngine).Start:90) ✅ XMySQL Engine started successfully
[00:41:12 CST 2026/05/17] [INFO] (session.go:github.com/zhukovaskychina/xmysql-server/server/net.(*session).handleTCPPackage:709) [session.handleTCPPackage] 收到数据，长度: 1, 内容: [10]

[00:41:14 CST 2026/05/17] [INFO] (session.go:github.com/zhukovaskychina/xmysql-server/server/net.(*session).handleTCPPackage:709) [session.handleTCPPackage] 收到数据，长度: 90, 内容: [86 0 0 1 141 162 10 0 0 0 0 0 33 0 0 0 0 0 0 0 0 0 0 0 0 0 0 0 0 0 0 0 0 0 0 0 114 111 111 116 0 20 27 164 23 154 190 243 4 245 192 16 57 35 146 223 90 176 88 106 70 179 109 121 115 113 108 0 109 121 115 113 108 95 110 97 116 105 118 101 95 112 97 115 115 119 111 114 100 0]

[00:41:14 CST 2026/05/17] [WARN] (select_executor.go:github.com/zhukovaskychina/xmysql-server/server/innodb/engine.(*SelectExecutor).executeUserTableQuery:355)   [SelectExecutor] 无法获取存储管理器，创建默认 mysql.user 数据
[00:41:14 CST 2026/05/17] [WARN] (select_executor.go:github.com/zhukovaskychina/xmysql-server/server/innodb/engine.(*SelectExecutor).executeUserTableQuery:355)   [SelectExecutor] 无法获取存储管理器，创建默认 mysql.user 数据
[00:41:14 CST 2026/05/17] [INFO] (session.go:github.com/zhukovaskychina/xmysql-server/server/net.(*session).handleTCPPackage:709) [session.handleTCPPackage] 收到数据，长度: 1, 内容: [10]

[00:41:15 CST 2026/05/17] [INFO] (session.go:github.com/zhukovaskychina/xmysql-server/server/net.(*session).handleTCPPackage:709) [session.handleTCPPackage] 收到数据，长度: 1, 内容: [10]

[00:41:16 CST 2026/05/17] [INFO] (session.go:github.com/zhukovaskychina/xmysql-server/server/net.(*session).handleTCPPackage:709) [session.handleTCPPackage] 收到数据，长度: 1, 内容: [10]

[00:41:17 CST 2026/05/17] [INFO] (session.go:github.com/zhukovaskychina/xmysql-server/server/net.(*session).handleTCPPackage:709) [session.handleTCPPackage] 收到数据，长度: 1, 内容: [10]

[00:41:18 CST 2026/05/17] [INFO] (session.go:github.com/zhukovaskychina/xmysql-server/server/net.(*session).handleTCPPackage:709) [session.handleTCPPackage] 收到数据，长度: 1, 内容: [10]

[00:41:19 CST 2026/05/17] [INFO] (session.go:github.com/zhukovaskychina/xmysql-server/server/net.(*session).handleTCPPackage:709) [session.handleTCPPackage] 收到数据，长度: 1, 内容: [10]

[00:41:20 CST 2026/05/17] [INFO] (session.go:github.com/zhukovaskychina/xmysql-server/server/net.(*session).handleTCPPackage:709) [session.handleTCPPackage] 收到数据，长度: 1, 内容: [10]

[00:41:21 CST 2026/05/17] [INFO] (session.go:github.com/zhukovaskychina/xmysql-server/server/net.(*session).handleTCPPackage:709) [session.handleTCPPackage] 收到数据，长度: 1, 内容: [10]

[00:41:22 CST 2026/05/17] [INFO] (session.go:github.com/zhukovaskychina/xmysql-server/server/net.(*session).handleTCPPackage:709) [session.handleTCPPackage] 收到数据，长度: 1, 内容: [10]

[00:41:23 CST 2026/05/17] [INFO] (session.go:github.com/zhukovaskychina/xmysql-server/server/net.(*session).handleTCPPackage:709) [session.handleTCPPackage] 收到数据，长度: 1, 内容: [10]

[00:41:24 CST 2026/05/17] [INFO] (session.go:github.com/zhukovaskychina/xmysql-server/server/net.(*session).handleTCPPackage:709) [session.handleTCPPackage] 收到数据，长度: 1, 内容: [10]

[00:41:25 CST 2026/05/17] [INFO] (session.go:github.com/zhukovaskychina/xmysql-server/server/net.(*session).handleTCPPackage:709) [session.handleTCPPackage] 收到数据，长度: 1, 内容: [10]

[00:41:26 CST 2026/05/17] [INFO] (session.go:github.com/zhukovaskychina/xmysql-server/server/net.(*session).handleTCPPackage:709) [session.handleTCPPackage] 收到数据，长度: 1, 内容: [10]

[00:41:27 CST 2026/05/17] [INFO] (session.go:github.com/zhukovaskychina/xmysql-server/server/net.(*session).handleTCPPackage:709) [session.handleTCPPackage] 收到数据，长度: 1, 内容: [10]

[00:41:28 CST 2026/05/17] [INFO] (session.go:github.com/zhukovaskychina/xmysql-server/server/net.(*session).handleTCPPackage:709) [session.handleTCPPackage] 收到数据，长度: 1, 内容: [10]

[00:41:29 CST 2026/05/17] [INFO] (session.go:github.com/zhukovaskychina/xmysql-server/server/net.(*session).handleTCPPackage:709) [session.handleTCPPackage] 收到数据，长度: 1, 内容: [10]

[00:41:30 CST 2026/05/17] [INFO] (session.go:github.com/zhukovaskychina/xmysql-server/server/net.(*session).handleTCPPackage:709) [session.handleTCPPackage] 收到数据，长度: 1, 内容: [10]

[00:41:31 CST 2026/05/17] [INFO] (session.go:github.com/zhukovaskychina/xmysql-server/server/net.(*session).handleTCPPackage:709) [session.handleTCPPackage] 收到数据，长度: 1, 内容: [10]

[00:41:32 CST 2026/05/17] [INFO] (session.go:github.com/zhukovaskychina/xmysql-server/server/net.(*session).handleTCPPackage:709) [session.handleTCPPackage] 收到数据，长度: 1, 内容: [10]

[00:41:33 CST 2026/05/17] [INFO] (session.go:github.com/zhukovaskychina/xmysql-server/server/net.(*session).handleTCPPackage:709) [session.handleTCPPackage] 收到数据，长度: 1, 内容: [10]

[00:41:35 CST 2026/05/17] [INFO] (session.go:github.com/zhukovaskychina/xmysql-server/server/net.(*session).handleTCPPackage:709) [session.handleTCPPackage] 收到数据，长度: 1, 内容: [10]

[00:41:36 CST 2026/05/17] [INFO] (session.go:github.com/zhukovaskychina/xmysql-server/server/net.(*session).handleTCPPackage:709) [session.handleTCPPackage] 收到数据，长度: 1, 内容: [10]

[00:41:37 CST 2026/05/17] [INFO] (session.go:github.com/zhukovaskychina/xmysql-server/server/net.(*session).handleTCPPackage:709) [session.handleTCPPackage] 收到数据，长度: 1, 内容: [10]

[00:41:38 CST 2026/05/17] [INFO] (session.go:github.com/zhukovaskychina/xmysql-server/server/net.(*session).handleTCPPackage:709) [session.handleTCPPackage] 收到数据，长度: 1, 内容: [10]

[00:41:39 CST 2026/05/17] [INFO] (session.go:github.com/zhukovaskychina/xmysql-server/server/net.(*session).handleTCPPackage:709) [session.handleTCPPackage] 收到数据，长度: 1, 内容: [10]

[00:41:40 CST 2026/05/17] [INFO] (session.go:github.com/zhukovaskychina/xmysql-server/server/net.(*session).handleTCPPackage:709) [session.handleTCPPackage] 收到数据，长度: 1, 内容: [10]

[00:41:41 CST 2026/05/17] [INFO] (session.go:github.com/zhukovaskychina/xmysql-server/server/net.(*session).handleTCPPackage:709) [session.handleTCPPackage] 收到数据，长度: 1, 内容: [10]

[00:41:42 CST 2026/05/17] [INFO] (session.go:github.com/zhukovaskychina/xmysql-server/server/net.(*session).handleTCPPackage:709) [session.handleTCPPackage] 收到数据，长度: 1, 内容: [10]

[00:41:43 CST 2026/05/17] [INFO] (session.go:github.com/zhukovaskychina/xmysql-server/server/net.(*session).handleTCPPackage:709) [session.handleTCPPackage] 收到数据，长度: 1, 内容: [10]

[00:41:44 CST 2026/05/17] [INFO] (session.go:github.com/zhukovaskychina/xmysql-server/server/net.(*session).handleTCPPackage:709) [session.handleTCPPackage] 收到数据，长度: 1, 内容: [10]

[00:41:47 CST 2026/05/17] [INFO] (main.go:main.main:60) Logger initialized successfully with level: info

[00:41:47 CST 2026/05/17] [INFO] (main.go:main.main:62) XMySQL Server starting...
[00:41:47 CST 2026/05/17] [WARN] (mysql_user_data.go:github.com/zhukovaskychina/xmysql-server/server/innodb/manager.(*StorageManager).InitializeMySQLUserData:781) Warning: Enhanced B+tree verification warning: consistency check failed: page 64 record count mismatch
[00:41:47 CST 2026/05/17] [INFO] (enginx.go:github.com/zhukovaskychina/xmysql-server/server/innodb/engine.(*XMySQLEngine).initRecoveryLayer:216) No checkpoint found, starting recovery from LSN 0
[00:41:47 CST 2026/05/17] [WARN] (mysql_user_data.go:github.com/zhukovaskychina/xmysql-server/server/innodb/manager.(*StorageManager).InitializeMySQLUserData:781) Warning: Enhanced B+tree verification warning: consistency check failed: page 64 record count mismatch
[00:41:47 CST 2026/05/17] [INFO] (enginx.go:github.com/zhukovaskychina/xmysql-server/server/innodb/engine.(*XMySQLEngine).initRecoveryLayer:216) No checkpoint found, starting recovery from LSN 0
[00:41:47 CST 2026/05/17] [INFO] (main.go:main.main:66) Starting MySQL server...
[00:41:47 CST 2026/05/17] [INFO] (enginx.go:github.com/zhukovaskychina/xmysql-server/server/innodb/engine.(*XMySQLEngine).Start:75) 🚀 Starting XMySQL Engine...
[00:41:47 CST 2026/05/17] [INFO] (enginx.go:github.com/zhukovaskychina/xmysql-server/server/innodb/engine.(*XMySQLEngine).Start:78) 🏥 Performing crash recovery...
[00:41:47 CST 2026/05/17] [INFO] (enginx.go:github.com/zhukovaskychina/xmysql-server/server/innodb/engine.(*XMySQLEngine).Start:82) ✅ Crash recovery completed successfully
[00:41:47 CST 2026/05/17] [INFO] (enginx.go:github.com/zhukovaskychina/xmysql-server/server/innodb/engine.(*XMySQLEngine).Start:85) 💾 Starting Checkpoint Manager...
[00:41:47 CST 2026/05/17] [INFO] (storage_integrated_checkpoint.go:github.com/zhukovaskychina/xmysql-server/server/innodb/engine.(*CheckpointManager).Start:103) 🚀 启动检查点管理器
[00:41:47 CST 2026/05/17] [INFO] (storage_integrated_checkpoint.go:github.com/zhukovaskychina/xmysql-server/server/innodb/engine.(*CheckpointManager).Start:117) 📄 没有找到有效的检查点，将从头开始
[00:41:47 CST 2026/05/17] [INFO] (storage_integrated_checkpoint.go:github.com/zhukovaskychina/xmysql-server/server/innodb/engine.(*CheckpointManager).Start:122)  检查点管理器启动成功
[00:41:47 CST 2026/05/17] [INFO] (enginx.go:github.com/zhukovaskychina/xmysql-server/server/innodb/engine.(*XMySQLEngine).Start:90) ✅ XMySQL Engine started successfully
[00:41:47 CST 2026/05/17] [INFO] (session.go:github.com/zhukovaskychina/xmysql-server/server/net.(*session).handleTCPPackage:709) [session.handleTCPPackage] 收到数据，长度: 1, 内容: [10]

[00:41:49 CST 2026/05/17] [INFO] (session.go:github.com/zhukovaskychina/xmysql-server/server/net.(*session).handleTCPPackage:709) [session.handleTCPPackage] 收到数据，长度: 90, 内容: [86 0 0 1 141 162 10 0 0 0 0 0 33 0 0 0 0 0 0 0 0 0 0 0 0 0 0 0 0 0 0 0 0 0 0 0 114 111 111 116 0 20 62 94 224 239 2 163 243 201 138 214 117 45 61 19 58 133 210 126 171 144 109 121 115 113 108 0 109 121 115 113 108 95 110 97 116 105 118 101 95 112 97 115 115 119 111 114 100 0]

[00:41:49 CST 2026/05/17] [WARN] (select_executor.go:github.com/zhukovaskychina/xmysql-server/server/innodb/engine.(*SelectExecutor).executeUserTableQuery:355)   [SelectExecutor] 无法获取存储管理器，创建默认 mysql.user 数据
[00:41:49 CST 2026/05/17] [WARN] (select_executor.go:github.com/zhukovaskychina/xmysql-server/server/innodb/engine.(*SelectExecutor).executeUserTableQuery:355)   [SelectExecutor] 无法获取存储管理器，创建默认 mysql.user 数据
[00:41:49 CST 2026/05/17] [INFO] (session.go:github.com/zhukovaskychina/xmysql-server/server/net.(*session).handleTCPPackage:709) [session.handleTCPPackage] 收到数据，长度: 90, 内容: [86 0 0 1 141 162 10 0 0 0 0 0 33 0 0 0 0 0 0 0 0 0 0 0 0 0 0 0 0 0 0 0 0 0 0 0 114 111 111 116 0 20 205 177 206 172 76 201 48 144 184 101 73 120 91 16 86 40 120 4 112 213 109 121 115 113 108 0 109 121 115 113 108 95 110 97 116 105 118 101 95 112 97 115 115 119 111 114 100 0]

[00:41:56 CST 2026/05/17] [INFO] (session.go:github.com/zhukovaskychina/xmysql-server/server/net.(*session).handleTCPPackage:709) [session.handleTCPPackage] 收到数据，长度: 1, 内容: [10]

[00:41:57 CST 2026/05/17] [INFO] (session.go:github.com/zhukovaskychina/xmysql-server/server/net.(*session).handleTCPPackage:709) [session.handleTCPPackage] 收到数据，长度: 1, 内容: [10]

[00:41:58 CST 2026/05/17] [INFO] (session.go:github.com/zhukovaskychina/xmysql-server/server/net.(*session).handleTCPPackage:709) [session.handleTCPPackage] 收到数据，长度: 1, 内容: [10]

[00:41:59 CST 2026/05/17] [INFO] (session.go:github.com/zhukovaskychina/xmysql-server/server/net.(*session).handleTCPPackage:709) [session.handleTCPPackage] 收到数据，长度: 1, 内容: [10]

[00:42:00 CST 2026/05/17] [INFO] (session.go:github.com/zhukovaskychina/xmysql-server/server/net.(*session).handleTCPPackage:709) [session.handleTCPPackage] 收到数据，长度: 1, 内容: [10]

[00:42:01 CST 2026/05/17] [INFO] (session.go:github.com/zhukovaskychina/xmysql-server/server/net.(*session).handleTCPPackage:709) [session.handleTCPPackage] 收到数据，长度: 1, 内容: [10]

[00:42:02 CST 2026/05/17] [INFO] (session.go:github.com/zhukovaskychina/xmysql-server/server/net.(*session).handleTCPPackage:709) [session.handleTCPPackage] 收到数据，长度: 1, 内容: [10]

[00:42:03 CST 2026/05/17] [INFO] (session.go:github.com/zhukovaskychina/xmysql-server/server/net.(*session).handleTCPPackage:709) [session.handleTCPPackage] 收到数据，长度: 1, 内容: [10]

[00:42:04 CST 2026/05/17] [INFO] (session.go:github.com/zhukovaskychina/xmysql-server/server/net.(*session).handleTCPPackage:709) [session.handleTCPPackage] 收到数据，长度: 1, 内容: [10]

[00:42:05 CST 2026/05/17] [INFO] (session.go:github.com/zhukovaskychina/xmysql-server/server/net.(*session).handleTCPPackage:709) [session.handleTCPPackage] 收到数据，长度: 1, 内容: [10]

[00:42:06 CST 2026/05/17] [INFO] (session.go:github.com/zhukovaskychina/xmysql-server/server/net.(*session).handleTCPPackage:709) [session.handleTCPPackage] 收到数据，长度: 1, 内容: [10]

[00:42:07 CST 2026/05/17] [INFO] (session.go:github.com/zhukovaskychina/xmysql-server/server/net.(*session).handleTCPPackage:709) [session.handleTCPPackage] 收到数据，长度: 1, 内容: [10]

[00:42:08 CST 2026/05/17] [INFO] (session.go:github.com/zhukovaskychina/xmysql-server/server/net.(*session).handleTCPPackage:709) [session.handleTCPPackage] 收到数据，长度: 1, 内容: [10]

[00:42:09 CST 2026/05/17] [INFO] (session.go:github.com/zhukovaskychina/xmysql-server/server/net.(*session).handleTCPPackage:709) [session.handleTCPPackage] 收到数据，长度: 1, 内容: [10]

[00:42:10 CST 2026/05/17] [INFO] (session.go:github.com/zhukovaskychina/xmysql-server/server/net.(*session).handleTCPPackage:709) [session.handleTCPPackage] 收到数据，长度: 1, 内容: [10]

[00:42:11 CST 2026/05/17] [INFO] (session.go:github.com/zhukovaskychina/xmysql-server/server/net.(*session).handleTCPPackage:709) [session.handleTCPPackage] 收到数据，长度: 1, 内容: [10]

[00:42:12 CST 2026/05/17] [INFO] (session.go:github.com/zhukovaskychina/xmysql-server/server/net.(*session).handleTCPPackage:709) [session.handleTCPPackage] 收到数据，长度: 1, 内容: [10]

[00:42:13 CST 2026/05/17] [INFO] (session.go:github.com/zhukovaskychina/xmysql-server/server/net.(*session).handleTCPPackage:709) [session.handleTCPPackage] 收到数据，长度: 1, 内容: [10]

[00:42:14 CST 2026/05/17] [INFO] (session.go:github.com/zhukovaskychina/xmysql-server/server/net.(*session).handleTCPPackage:709) [session.handleTCPPackage] 收到数据，长度: 1, 内容: [10]

[00:42:15 CST 2026/05/17] [INFO] (session.go:github.com/zhukovaskychina/xmysql-server/server/net.(*session).handleTCPPackage:709) [session.handleTCPPackage] 收到数据，长度: 1, 内容: [10]

[00:42:16 CST 2026/05/17] [INFO] (session.go:github.com/zhukovaskychina/xmysql-server/server/net.(*session).handleTCPPackage:709) [session.handleTCPPackage] 收到数据，长度: 1, 内容: [10]

[00:42:17 CST 2026/05/17] [INFO] (session.go:github.com/zhukovaskychina/xmysql-server/server/net.(*session).handleTCPPackage:709) [session.handleTCPPackage] 收到数据，长度: 1, 内容: [10]

[00:42:18 CST 2026/05/17] [INFO] (session.go:github.com/zhukovaskychina/xmysql-server/server/net.(*session).handleTCPPackage:709) [session.handleTCPPackage] 收到数据，长度: 1, 内容: [10]

[00:42:19 CST 2026/05/17] [INFO] (session.go:github.com/zhukovaskychina/xmysql-server/server/net.(*session).handleTCPPackage:709) [session.handleTCPPackage] 收到数据，长度: 1, 内容: [10]

[00:42:20 CST 2026/05/17] [INFO] (session.go:github.com/zhukovaskychina/xmysql-server/server/net.(*session).handleTCPPackage:709) [session.handleTCPPackage] 收到数据，长度: 1, 内容: [10]

[00:42:21 CST 2026/05/17] [INFO] (session.go:github.com/zhukovaskychina/xmysql-server/server/net.(*session).handleTCPPackage:709) [session.handleTCPPackage] 收到数据，长度: 1, 内容: [10]

[00:42:22 CST 2026/05/17] [INFO] (session.go:github.com/zhukovaskychina/xmysql-server/server/net.(*session).handleTCPPackage:709) [session.handleTCPPackage] 收到数据，长度: 1, 内容: [10]

[00:42:23 CST 2026/05/17] [INFO] (session.go:github.com/zhukovaskychina/xmysql-server/server/net.(*session).handleTCPPackage:709) [session.handleTCPPackage] 收到数据，长度: 1, 内容: [10]

[00:42:24 CST 2026/05/17] [INFO] (session.go:github.com/zhukovaskychina/xmysql-server/server/net.(*session).handleTCPPackage:709) [session.handleTCPPackage] 收到数据，长度: 1, 内容: [10]

[00:42:25 CST 2026/05/17] [INFO] (session.go:github.com/zhukovaskychina/xmysql-server/server/net.(*session).handleTCPPackage:709) [session.handleTCPPackage] 收到数据，长度: 1, 内容: [10]

