# P0 Stage1 Baseline Report
repo: /Users/zhukovasky/GolandProjects/xmysql-server
timestamp: 20260516_200935
report_dir: ./tmp_stage1_report/stage1_baseline_20260516_200935
dry_run: 0
go_min_minor: 24
go_binary: /Users/zhukovasky/sdk/go1.24.3/bin/go
go_version_line: go version go1.24.3 darwin/amd64
required_min_version: 1.24
[OK] Go 版本检查通过: go1.24
=== go_version ===
command: go version
[PASS] go_version
log: ./tmp_stage1_report/stage1_baseline_20260516_200935/go_version.log
=== engine_focused_baseline ===
command: go test ./server/innodb/engine -run 'TestIndexScanOperator|TestIndexReading|Test.*Duplicate.*'
[PASS] engine_focused_baseline
log: ./tmp_stage1_report/stage1_baseline_20260516_200935/engine_focused_baseline.log
=== dispatcher_package ===
command: go test ./server/dispatcher
[PASS] dispatcher_package
log: ./tmp_stage1_report/stage1_baseline_20260516_200935/dispatcher_package.log
=== engine_package_full ===
command: go test ./server/innodb/engine
[PASS] engine_package_full
log: ./tmp_stage1_report/stage1_baseline_20260516_200935/engine_package_full.log

=== final ===
RESULT: PASS
summary_file=./tmp_stage1_report/stage1_baseline_20260516_200935/summary.log
run_dir=./tmp_stage1_report/stage1_baseline_20260516_200935
