[16:04:44 CST 2026/04/27] [INFO] (main.go:main.main:60) Logger initialized successfully with level: %s
info
[16:04:44 CST 2026/04/27] [INFO] (main.go:main.main:62) XMySQL Server starting...
[16:04:44 CST 2026/04/27] [WARN] (mysql_user_data.go:github.com/zhukovaskychina/xmysql-server/server/innodb/manager.(*StorageManager).InitializeMySQLUserData:781) Warning: Enhanced B+tree verification warning: consistency check failed: page 128 record count mismatch
[16:04:44 CST 2026/04/27] [INFO] (enginx.go:github.com/zhukovaskychina/xmysql-server/server/innodb/engine.(*XMySQLEngine).initRecoveryLayer:216) No checkpoint found, starting recovery from LSN 0
[16:04:44 CST 2026/04/27] [WARN] (mysql_user_data.go:github.com/zhukovaskychina/xmysql-server/server/innodb/manager.(*StorageManager).InitializeMySQLUserData:781) Warning: Enhanced B+tree verification warning: consistency check failed: page 64 record count mismatch
[16:04:44 CST 2026/04/27] [INFO] (enginx.go:github.com/zhukovaskychina/xmysql-server/server/innodb/engine.(*XMySQLEngine).initRecoveryLayer:216) No checkpoint found, starting recovery from LSN 0
[16:04:44 CST 2026/04/27] [INFO] (main.go:main.main:66) Starting MySQL server...
[16:04:44 CST 2026/04/27] [INFO] (enginx.go:github.com/zhukovaskychina/xmysql-server/server/innodb/engine.(*XMySQLEngine).Start:75) 🚀 Starting XMySQL Engine...
[16:04:44 CST 2026/04/27] [INFO] (enginx.go:github.com/zhukovaskychina/xmysql-server/server/innodb/engine.(*XMySQLEngine).Start:78) 🏥 Performing crash recovery...
[16:04:44 CST 2026/04/27] [INFO] (enginx.go:github.com/zhukovaskychina/xmysql-server/server/innodb/engine.(*XMySQLEngine).Start:82) ✅ Crash recovery completed successfully
[16:04:44 CST 2026/04/27] [INFO] (enginx.go:github.com/zhukovaskychina/xmysql-server/server/innodb/engine.(*XMySQLEngine).Start:85) 💾 Starting Checkpoint Manager...
[16:04:44 CST 2026/04/27] [INFO] (storage_integrated_checkpoint.go:github.com/zhukovaskychina/xmysql-server/server/innodb/engine.(*CheckpointManager).Start:103) 🚀 启动检查点管理器
[16:04:44 CST 2026/04/27] [INFO] (storage_integrated_checkpoint.go:github.com/zhukovaskychina/xmysql-server/server/innodb/engine.(*CheckpointManager).Start:117) 📄 没有找到有效的检查点，将从头开始
[16:04:44 CST 2026/04/27] [INFO] (storage_integrated_checkpoint.go:github.com/zhukovaskychina/xmysql-server/server/innodb/engine.(*CheckpointManager).Start:122)  检查点管理器启动成功
[16:04:44 CST 2026/04/27] [INFO] (enginx.go:github.com/zhukovaskychina/xmysql-server/server/innodb/engine.(*XMySQLEngine).Start:90) ✅ XMySQL Engine started successfully
[16:04:44 CST 2026/04/27] [INFO] (session.go:github.com/zhukovaskychina/xmysql-server/server/net.(*session).handleTCPPackage:709) [session.handleTCPPackage] 收到数据，长度: 1, 内容: [10]

[16:04:46 CST 2026/04/27] [INFO] (session.go:github.com/zhukovaskychina/xmysql-server/server/net.(*session).handleTCPPackage:709) [session.handleTCPPackage] 收到数据，长度: 90, 内容: [86 0 0 1 141 162 10 0 0 0 0 0 33 0 0 0 0 0 0 0 0 0 0 0 0 0 0 0 0 0 0 0 0 0 0 0 114 111 111 116 0 20 206 184 140 196 58 230 94 200 223 133 207 201 253 15 90 8 18 238 37 186 109 121 115 113 108 0 109 121 115 113 108 95 110 97 116 105 118 101 95 112 97 115 115 119 111 114 100 0]

[16:04:46 CST 2026/04/27] [WARN] (decoupled_handler.go:github.com/zhukovaskychina/xmysql-server/server/net.(*DecoupledMySQLMessageHandler).authenticateWithChallenge:776) ⚠️ dev_bypass_password_auth=true，已跳过口令校验（user=root）
[16:04:46 CST 2026/04/27] [INFO] (session.go:github.com/zhukovaskychina/xmysql-server/server/net.(*session).handleTCPPackage:709) [session.handleTCPPackage] 收到数据，长度: 5, 内容: [1 0 0 0 14]

[16:04:46 CST 2026/04/27] [INFO] (session.go:github.com/zhukovaskychina/xmysql-server/server/net.(*session).handleTCPPackage:709) [session.handleTCPPackage] 收到数据，长度: 54, 内容: [50 0 0 0 3 67 82 69 65 84 69 32 68 65 84 65 66 65 83 69 32 100 114 105 108 108 95 114 101 99 111 118 101 114 121 95 100 98 95 50 48 50 54 48 52 50 55 95 49 54 48 52 51 54]

[16:04:46 CST 2026/04/27] [WARN] (enhanced_message_handler.go:github.com/zhukovaskychina/xmysql-server/server/dispatcher.(*EnhancedBusinessMessageHandler).checkQueryPrivilege:391) ⚠️  临时跳过权限检查 - 仅用于调试！
[16:04:46 CST 2026/04/27] [INFO] (executor.go:github.com/zhukovaskychina/xmysql-server/server/innodb/engine.(*XMySQLExecutor).createDatabaseImpl:1070) 📂 Created database directory: /Users/zhukovasky/GolandProjects/xmysql-server/reports/crash_recovery_process_drill_20260427_160436/workdir/data/drill_recovery_db_20260427_160436
[16:04:46 CST 2026/04/27] [INFO] (executor.go:github.com/zhukovaskychina/xmysql-server/server/innodb/engine.(*XMySQLExecutor).executeCreateDatabaseStatement:1033)  CREATE DATABASE 'drill_recovery_db_20260427_160436' executed successfully
[16:04:46 CST 2026/04/27] [INFO] (session.go:github.com/zhukovaskychina/xmysql-server/server/net.(*session).handleTCPPackage:709) [session.handleTCPPackage] 收到数据，长度: 42, 内容: [38 0 0 0 3 85 83 69 32 100 114 105 108 108 95 114 101 99 111 118 101 114 121 95 100 98 95 50 48 50 54 48 52 50 55 95 49 54 48 52 51 54]

[16:04:46 CST 2026/04/27] [WARN] (enhanced_message_handler.go:github.com/zhukovaskychina/xmysql-server/server/dispatcher.(*EnhancedBusinessMessageHandler).checkQueryPrivilege:391) ⚠️  临时跳过权限检查 - 仅用于调试！
[16:04:46 CST 2026/04/27] [INFO] (session.go:github.com/zhukovaskychina/xmysql-server/server/net.(*session).handleTCPPackage:709) [session.handleTCPPackage] 收到数据，长度: 81, 内容: [77 0 0 0 3 67 82 69 65 84 69 32 84 65 66 76 69 32 100 114 105 108 108 95 116 120 110 95 50 48 50 54 48 52 50 55 95 49 54 48 52 51 54 32 40 105 100 32 73 78 84 32 80 82 73 77 65 82 89 32 75 69 89 44 32 118 97 108 32 86 65 82 67 72 65 82 40 54 52 41 41]

[16:04:46 CST 2026/04/27] [WARN] (enhanced_message_handler.go:github.com/zhukovaskychina/xmysql-server/server/dispatcher.(*EnhancedBusinessMessageHandler).checkQueryPrivilege:391) ⚠️  临时跳过权限检查 - 仅用于调试！
[16:04:46 CST 2026/04/27] [INFO] (executor.go:github.com/zhukovaskychina/xmysql-server/server/innodb/engine.(*XMySQLExecutor).createTableImpl:1759)  Created table files for drill_recovery_db_20260427_160436.drill_txn_20260427_160436
[16:04:46 CST 2026/04/27] [INFO] (executor.go:github.com/zhukovaskychina/xmysql-server/server/innodb/engine.(*XMySQLExecutor).executeCreateTableStatement:1416)  CREATE TABLE 'drill_recovery_db_20260427_160436.drill_txn_20260427_160436' executed successfully
[16:04:46 CST 2026/04/27] [INFO] (session.go:github.com/zhukovaskychina/xmysql-server/server/net.(*session).handleTCPPackage:709) [session.handleTCPPackage] 收到数据，长度: 5, 内容: [1 0 0 0 1]

[16:04:46 CST 2026/04/27] [INFO] (session.go:github.com/zhukovaskychina/xmysql-server/server/net.(*session).handleTCPPackage:709) [session.handleTCPPackage] 收到数据，长度: 1, 内容: [10]

[16:04:47 CST 2026/04/27] [INFO] (session.go:github.com/zhukovaskychina/xmysql-server/server/net.(*session).handleTCPPackage:709) [session.handleTCPPackage] 收到数据，长度: 90, 内容: [86 0 0 1 141 162 10 0 0 0 0 0 33 0 0 0 0 0 0 0 0 0 0 0 0 0 0 0 0 0 0 0 0 0 0 0 114 111 111 116 0 20 177 249 105 229 135 188 72 33 239 38 7 131 22 210 8 28 148 25 92 69 109 121 115 113 108 0 109 121 115 113 108 95 110 97 116 105 118 101 95 112 97 115 115 119 111 114 100 0]

[16:04:47 CST 2026/04/27] [WARN] (decoupled_handler.go:github.com/zhukovaskychina/xmysql-server/server/net.(*DecoupledMySQLMessageHandler).authenticateWithChallenge:776) ⚠️ dev_bypass_password_auth=true，已跳过口令校验（user=root）
[16:04:47 CST 2026/04/27] [INFO] (session.go:github.com/zhukovaskychina/xmysql-server/server/net.(*session).handleTCPPackage:709) [session.handleTCPPackage] 收到数据，长度: 5, 内容: [1 0 0 0 14]

[16:04:47 CST 2026/04/27] [INFO] (session.go:github.com/zhukovaskychina/xmysql-server/server/net.(*session).handleTCPPackage:709) [session.handleTCPPackage] 收到数据，长度: 42, 内容: [38 0 0 0 3 85 83 69 32 100 114 105 108 108 95 114 101 99 111 118 101 114 121 95 100 98 95 50 48 50 54 48 52 50 55 95 49 54 48 52 51 54]

[16:04:47 CST 2026/04/27] [WARN] (enhanced_message_handler.go:github.com/zhukovaskychina/xmysql-server/server/dispatcher.(*EnhancedBusinessMessageHandler).checkQueryPrivilege:391) ⚠️  临时跳过权限检查 - 仅用于调试！
[16:04:47 CST 2026/04/27] [INFO] (session.go:github.com/zhukovaskychina/xmysql-server/server/net.(*session).handleTCPPackage:709) [session.handleTCPPackage] 收到数据，长度: 52, 内容: [48 0 0 0 3 83 69 76 69 67 84 32 42 32 70 82 79 77 32 100 114 105 108 108 95 116 120 110 95 50 48 50 54 48 52 50 55 95 49 54 48 52 51 54 32 76 73 77 73 84 32 49]

[16:04:47 CST 2026/04/27] [WARN] (enhanced_message_handler.go:github.com/zhukovaskychina/xmysql-server/server/dispatcher.(*EnhancedBusinessMessageHandler).checkQueryPrivilege:391) ⚠️  临时跳过权限检查 - 仅用于调试！
[16:04:47 CST 2026/04/27] [INFO] (session.go:github.com/zhukovaskychina/xmysql-server/server/net.(*session).handleTCPPackage:709) [session.handleTCPPackage] 收到数据，长度: 5, 内容: [1 0 0 0 1]

[16:04:47 CST 2026/04/27] [INFO] (session.go:github.com/zhukovaskychina/xmysql-server/server/net.(*session).handleTCPPackage:709) [session.handleTCPPackage] 收到数据，长度: 90, 内容: [86 0 0 1 141 162 10 0 0 0 0 0 33 0 0 0 0 0 0 0 0 0 0 0 0 0 0 0 0 0 0 0 0 0 0 0 114 111 111 116 0 20 191 21 244 40 96 68 105 241 47 251 40 187 68 159 108 66 174 137 199 36 109 121 115 113 108 0 109 121 115 113 108 95 110 97 116 105 118 101 95 112 97 115 115 119 111 114 100 0]

[16:04:47 CST 2026/04/27] [WARN] (decoupled_handler.go:github.com/zhukovaskychina/xmysql-server/server/net.(*DecoupledMySQLMessageHandler).authenticateWithChallenge:776) ⚠️ dev_bypass_password_auth=true，已跳过口令校验（user=root）
[16:04:47 CST 2026/04/27] [INFO] (session.go:github.com/zhukovaskychina/xmysql-server/server/net.(*session).handleTCPPackage:709) [session.handleTCPPackage] 收到数据，长度: 5, 内容: [1 0 0 0 14]

[16:04:47 CST 2026/04/27] [INFO] (session.go:github.com/zhukovaskychina/xmysql-server/server/net.(*session).handleTCPPackage:709) [session.handleTCPPackage] 收到数据，长度: 42, 内容: [38 0 0 0 3 85 83 69 32 100 114 105 108 108 95 114 101 99 111 118 101 114 121 95 100 98 95 50 48 50 54 48 52 50 55 95 49 54 48 52 51 54]

[16:04:47 CST 2026/04/27] [WARN] (enhanced_message_handler.go:github.com/zhukovaskychina/xmysql-server/server/dispatcher.(*EnhancedBusinessMessageHandler).checkQueryPrivilege:391) ⚠️  临时跳过权限检查 - 仅用于调试！
[16:04:47 CST 2026/04/27] [INFO] (session.go:github.com/zhukovaskychina/xmysql-server/server/net.(*session).handleTCPPackage:709) [session.handleTCPPackage] 收到数据，长度: 28, 内容: [24 0 0 0 3 83 72 79 87 32 84 65 66 76 69 83 32 87 72 69 82 69 32 49 32 61 32 48]

[16:04:47 CST 2026/04/27] [WARN] (enhanced_message_handler.go:github.com/zhukovaskychina/xmysql-server/server/dispatcher.(*EnhancedBusinessMessageHandler).checkQueryPrivilege:391) ⚠️  临时跳过权限检查 - 仅用于调试！
[16:04:47 CST 2026/04/27] [INFO] (session.go:github.com/zhukovaskychina/xmysql-server/server/net.(*session).handleTCPPackage:709) [session.handleTCPPackage] 收到数据，长度: 5, 内容: [1 0 0 0 1]

[16:04:48 CST 2026/04/27] [INFO] (main.go:main.main:60) Logger initialized successfully with level: %s
info
[16:04:48 CST 2026/04/27] [INFO] (main.go:main.main:62) XMySQL Server starting...
[16:04:48 CST 2026/04/27] [WARN] (mysql_user_data.go:github.com/zhukovaskychina/xmysql-server/server/innodb/manager.(*StorageManager).InitializeMySQLUserData:781) Warning: Enhanced B+tree verification warning: consistency check failed: page 64 record count mismatch
[16:04:48 CST 2026/04/27] [INFO] (enginx.go:github.com/zhukovaskychina/xmysql-server/server/innodb/engine.(*XMySQLEngine).initRecoveryLayer:216) No checkpoint found, starting recovery from LSN 0
[16:04:48 CST 2026/04/27] [WARN] (mysql_user_data.go:github.com/zhukovaskychina/xmysql-server/server/innodb/manager.(*StorageManager).InitializeMySQLUserData:781) Warning: Enhanced B+tree verification warning: consistency check failed: page 64 record count mismatch
[16:04:48 CST 2026/04/27] [INFO] (enginx.go:github.com/zhukovaskychina/xmysql-server/server/innodb/engine.(*XMySQLEngine).initRecoveryLayer:216) No checkpoint found, starting recovery from LSN 0
[16:04:48 CST 2026/04/27] [INFO] (main.go:main.main:66) Starting MySQL server...
[16:04:48 CST 2026/04/27] [INFO] (enginx.go:github.com/zhukovaskychina/xmysql-server/server/innodb/engine.(*XMySQLEngine).Start:75) 🚀 Starting XMySQL Engine...
[16:04:48 CST 2026/04/27] [INFO] (enginx.go:github.com/zhukovaskychina/xmysql-server/server/innodb/engine.(*XMySQLEngine).Start:78) 🏥 Performing crash recovery...
[16:04:48 CST 2026/04/27] [INFO] (enginx.go:github.com/zhukovaskychina/xmysql-server/server/innodb/engine.(*XMySQLEngine).Start:82) ✅ Crash recovery completed successfully
[16:04:48 CST 2026/04/27] [INFO] (enginx.go:github.com/zhukovaskychina/xmysql-server/server/innodb/engine.(*XMySQLEngine).Start:85) 💾 Starting Checkpoint Manager...
[16:04:48 CST 2026/04/27] [INFO] (storage_integrated_checkpoint.go:github.com/zhukovaskychina/xmysql-server/server/innodb/engine.(*CheckpointManager).Start:103) 🚀 启动检查点管理器
[16:04:48 CST 2026/04/27] [INFO] (storage_integrated_checkpoint.go:github.com/zhukovaskychina/xmysql-server/server/innodb/engine.(*CheckpointManager).Start:117) 📄 没有找到有效的检查点，将从头开始
[16:04:48 CST 2026/04/27] [INFO] (storage_integrated_checkpoint.go:github.com/zhukovaskychina/xmysql-server/server/innodb/engine.(*CheckpointManager).Start:122)  检查点管理器启动成功
[16:04:48 CST 2026/04/27] [INFO] (enginx.go:github.com/zhukovaskychina/xmysql-server/server/innodb/engine.(*XMySQLEngine).Start:90) ✅ XMySQL Engine started successfully
