[20:40:18 CST 2026/04/25] [INFO] (main.go:main.main:60) Logger initialized successfully with level: %s
info
[20:40:18 CST 2026/04/25] [INFO] (main.go:main.main:62) XMySQL Server starting...
[20:40:18 CST 2026/04/25] [WARN] (mysql_user_data.go:github.com/zhukovaskychina/xmysql-server/server/innodb/manager.(*StorageManager).InitializeMySQLUserData:781) Warning: Enhanced B+tree verification warning: consistency check failed: page 128 record count mismatch
[20:40:18 CST 2026/04/25] [INFO] (enginx.go:github.com/zhukovaskychina/xmysql-server/server/innodb/engine.(*XMySQLEngine).initRecoveryLayer:216) No checkpoint found, starting recovery from LSN 0
[20:40:18 CST 2026/04/25] [WARN] (mysql_user_data.go:github.com/zhukovaskychina/xmysql-server/server/innodb/manager.(*StorageManager).InitializeMySQLUserData:781) Warning: Enhanced B+tree verification warning: consistency check failed: page 64 record count mismatch
[20:40:18 CST 2026/04/25] [INFO] (enginx.go:github.com/zhukovaskychina/xmysql-server/server/innodb/engine.(*XMySQLEngine).initRecoveryLayer:216) No checkpoint found, starting recovery from LSN 0
[20:40:18 CST 2026/04/25] [INFO] (main.go:main.main:66) Starting MySQL server...
[20:40:18 CST 2026/04/25] [INFO] (enginx.go:github.com/zhukovaskychina/xmysql-server/server/innodb/engine.(*XMySQLEngine).Start:75) 🚀 Starting XMySQL Engine...
[20:40:18 CST 2026/04/25] [INFO] (enginx.go:github.com/zhukovaskychina/xmysql-server/server/innodb/engine.(*XMySQLEngine).Start:78) 🏥 Performing crash recovery...
[20:40:18 CST 2026/04/25] [INFO] (enginx.go:github.com/zhukovaskychina/xmysql-server/server/innodb/engine.(*XMySQLEngine).Start:82) ✅ Crash recovery completed successfully
[20:40:18 CST 2026/04/25] [INFO] (enginx.go:github.com/zhukovaskychina/xmysql-server/server/innodb/engine.(*XMySQLEngine).Start:85) 💾 Starting Checkpoint Manager...
[20:40:18 CST 2026/04/25] [INFO] (storage_integrated_checkpoint.go:github.com/zhukovaskychina/xmysql-server/server/innodb/engine.(*CheckpointManager).Start:103) 🚀 启动检查点管理器
[20:40:18 CST 2026/04/25] [INFO] (storage_integrated_checkpoint.go:github.com/zhukovaskychina/xmysql-server/server/innodb/engine.(*CheckpointManager).Start:117) 📄 没有找到有效的检查点，将从头开始
[20:40:18 CST 2026/04/25] [INFO] (storage_integrated_checkpoint.go:github.com/zhukovaskychina/xmysql-server/server/innodb/engine.(*CheckpointManager).Start:122)  检查点管理器启动成功
[20:40:18 CST 2026/04/25] [INFO] (enginx.go:github.com/zhukovaskychina/xmysql-server/server/innodb/engine.(*XMySQLEngine).Start:90) ✅ XMySQL Engine started successfully
[20:40:21 CST 2026/04/25] [INFO] (main.go:main.main:60) Logger initialized successfully with level: %s
info
[20:40:21 CST 2026/04/25] [INFO] (main.go:main.main:62) XMySQL Server starting...
[20:40:21 CST 2026/04/25] [WARN] (mysql_user_data.go:github.com/zhukovaskychina/xmysql-server/server/innodb/manager.(*StorageManager).InitializeMySQLUserData:781) Warning: Enhanced B+tree verification warning: consistency check failed: page 64 record count mismatch
[20:40:21 CST 2026/04/25] [INFO] (enginx.go:github.com/zhukovaskychina/xmysql-server/server/innodb/engine.(*XMySQLEngine).initRecoveryLayer:216) No checkpoint found, starting recovery from LSN 0
[20:40:21 CST 2026/04/25] [WARN] (mysql_user_data.go:github.com/zhukovaskychina/xmysql-server/server/innodb/manager.(*StorageManager).InitializeMySQLUserData:781) Warning: Enhanced B+tree verification warning: consistency check failed: page 64 record count mismatch
[20:40:21 CST 2026/04/25] [INFO] (enginx.go:github.com/zhukovaskychina/xmysql-server/server/innodb/engine.(*XMySQLEngine).initRecoveryLayer:216) No checkpoint found, starting recovery from LSN 0
[20:40:21 CST 2026/04/25] [INFO] (main.go:main.main:66) Starting MySQL server...
[20:40:21 CST 2026/04/25] [INFO] (enginx.go:github.com/zhukovaskychina/xmysql-server/server/innodb/engine.(*XMySQLEngine).Start:75) 🚀 Starting XMySQL Engine...
[20:40:21 CST 2026/04/25] [INFO] (enginx.go:github.com/zhukovaskychina/xmysql-server/server/innodb/engine.(*XMySQLEngine).Start:78) 🏥 Performing crash recovery...
[20:40:21 CST 2026/04/25] [INFO] (enginx.go:github.com/zhukovaskychina/xmysql-server/server/innodb/engine.(*XMySQLEngine).Start:82) ✅ Crash recovery completed successfully
[20:40:21 CST 2026/04/25] [INFO] (enginx.go:github.com/zhukovaskychina/xmysql-server/server/innodb/engine.(*XMySQLEngine).Start:85) 💾 Starting Checkpoint Manager...
[20:40:21 CST 2026/04/25] [INFO] (storage_integrated_checkpoint.go:github.com/zhukovaskychina/xmysql-server/server/innodb/engine.(*CheckpointManager).Start:103) 🚀 启动检查点管理器
[20:40:21 CST 2026/04/25] [INFO] (storage_integrated_checkpoint.go:github.com/zhukovaskychina/xmysql-server/server/innodb/engine.(*CheckpointManager).Start:117) 📄 没有找到有效的检查点，将从头开始
[20:40:21 CST 2026/04/25] [INFO] (storage_integrated_checkpoint.go:github.com/zhukovaskychina/xmysql-server/server/innodb/engine.(*CheckpointManager).Start:122)  检查点管理器启动成功
[20:40:21 CST 2026/04/25] [INFO] (enginx.go:github.com/zhukovaskychina/xmysql-server/server/innodb/engine.(*XMySQLEngine).Start:90) ✅ XMySQL Engine started successfully
