--- FAIL: TestXMySQLExecutor_ExecuteQuery_ShowTablesWhereFiltersRows (0.00s)
    executor_show_routing_test.go:538: 
        	Error Trace:	executor_show_routing_test.go:538
        	Error:      	Not equal: 
        	            	expected: "Found 0 tables"
        	            	actual  : "Found 1 tables"
        	            	
        	            	Diff:
        	            	--- Expected
        	            	+++ Actual
        	            	@@ -1 +1 @@
        	            	-Found 0 tables
        	            	+Found 1 tables
        	Test:       	TestXMySQLExecutor_ExecuteQuery_ShowTablesWhereFiltersRows
    executor_show_routing_test.go:543: 
        	Error Trace:	executor_show_routing_test.go:543
        	Error:      	"[[users]]" should have 0 item(s), but has 1
        	Test:       	TestXMySQLExecutor_ExecuteQuery_ShowTablesWhereFiltersRows
FAIL
FAIL	github.com/zhukovaskychina/xmysql-server/server/innodb/engine	1.941s
FAIL
