# P0 Stage1 Baseline Report
repo: /Users/zhukovasky/GolandProjects/xmysql-server
timestamp: 20260516_200524
report_dir: /Users/zhukovasky/GolandProjects/xmysql-server/reports/stage1_baseline_20260516_200524
dry_run: 0
go_min_minor: 24
go_binary: /Users/zhukovasky/sdk/go1.24.3/bin/go
go_version_line: go version go1.24.3 darwin/amd64
required_min_version: 1.24
[OK] Go 版本检查通过: go1.24
=== go_version ===
command: go version
[PASS] go_version
log: /Users/zhukovasky/GolandProjects/xmysql-server/reports/stage1_baseline_20260516_200524/go_version.log
=== engine_focused_baseline ===
command: go test ./server/innodb/engine -run 'TestIndexScanOperator|TestIndexReading|Test.*Duplicate.*'
[PASS] engine_focused_baseline
log: /Users/zhukovasky/GolandProjects/xmysql-server/reports/stage1_baseline_20260516_200524/engine_focused_baseline.log
=== dispatcher_package ===
command: go test ./server/dispatcher
[PASS] dispatcher_package
log: /Users/zhukovasky/GolandProjects/xmysql-server/reports/stage1_baseline_20260516_200524/dispatcher_package.log
=== engine_package_full ===
command: go test ./server/innodb/engine
[FAIL] engine_package_full (exit=1)
log: /Users/zhukovasky/GolandProjects/xmysql-server/reports/stage1_baseline_20260516_200524/engine_package_full.log

=== final ===
RESULT: FAIL
summary_file=/Users/zhukovasky/GolandProjects/xmysql-server/reports/stage1_baseline_20260516_200524/summary.log
run_dir=/Users/zhukovasky/GolandProjects/xmysql-server/reports/stage1_baseline_20260516_200524
