Starting XMySQL Server...
Parsing command line arguments...
[06:44:13 CST 2026/05/17] [INFO] (main.go:main.main:61) Logger initialized successfully with level: info

[06:44:13 CST 2026/05/17] [INFO] (main.go:main.main:63) XMySQL Server starting...
[06:44:13 CST 2026/05/17] [WARN] (mysql_user_data.go:github.com/zhukovaskychina/xmysql-server/server/innodb/manager.(*StorageManager).InitializeMySQLUserData:781) Warning: Enhanced B+tree verification warning: consistency check failed: page 64 record count mismatch
[06:44:13 CST 2026/05/17] [INFO] (enginx.go:github.com/zhukovaskychina/xmysql-server/server/innodb/engine.(*XMySQLEngine).initRecoveryLayer:238) No checkpoint found, starting recovery from LSN 0
[06:44:13 CST 2026/05/17] [WARN] (mysql_user_data.go:github.com/zhukovaskychina/xmysql-server/server/innodb/manager.(*StorageManager).InitializeMySQLUserData:781) Warning: Enhanced B+tree verification warning: consistency check failed: page 64 record count mismatch
[06:44:13 CST 2026/05/17] [INFO] (enginx.go:github.com/zhukovaskychina/xmysql-server/server/innodb/engine.(*XMySQLEngine).initRecoveryLayer:238) No checkpoint found, starting recovery from LSN 0
[06:44:13 CST 2026/05/17] [INFO] (main.go:main.main:67) Starting MySQL server...
[06:44:13 CST 2026/05/17] [INFO] (enginx.go:github.com/zhukovaskychina/xmysql-server/server/innodb/engine.(*XMySQLEngine).Start:75) 🚀 Starting XMySQL Engine...
[06:44:13 CST 2026/05/17] [INFO] (enginx.go:github.com/zhukovaskychina/xmysql-server/server/innodb/engine.(*XMySQLEngine).Start:79) 🏥 Performing crash recovery...
[06:44:13 CST 2026/05/17] [INFO] (mysql_server.go:github.com/zhukovaskychina/xmysql-server/server/net.initProfiling:102) App Profiling startup on address{127.0.0.1:0/debug/pprof/}
[06:44:13 CST 2026/05/17] [INFO] (enginx.go:github.com/zhukovaskychina/xmysql-server/server/innodb/engine.(*XMySQLEngine).Start:83) ✅ Crash recovery completed successfully
[06:44:13 CST 2026/05/17] [INFO] (enginx.go:github.com/zhukovaskychina/xmysql-server/server/innodb/engine.(*XMySQLEngine).Start:90) 💾 Starting Checkpoint Manager...
[06:44:13 CST 2026/05/17] [INFO] (storage_integrated_checkpoint.go:github.com/zhukovaskychina/xmysql-server/server/innodb/engine.(*CheckpointManager).Start:103) 🚀 启动检查点管理器
[06:44:13 CST 2026/05/17] [INFO] (storage_integrated_checkpoint.go:github.com/zhukovaskychina/xmysql-server/server/innodb/engine.(*CheckpointManager).Start:117) 📄 没有找到有效的检查点，将从头开始
[06:44:13 CST 2026/05/17] [INFO] (storage_integrated_checkpoint.go:github.com/zhukovaskychina/xmysql-server/server/innodb/engine.(*CheckpointManager).Start:122)  检查点管理器启动成功
[06:44:13 CST 2026/05/17] [INFO] (enginx.go:github.com/zhukovaskychina/xmysql-server/server/innodb/engine.(*XMySQLEngine).Start:96) ✅ XMySQL Engine started successfully
MySQL服务器正在初始化...
MySQL服务器初始化完成！

******************************************************************************************

 __   ____  __        _____  ____  _          _____ ______ _______      ________ _____  
 \ \ / /  \/  |      / ____|/ __ \| |        / ____|  ____|  __ \ \    / /  ____|  __ \ 
  \ V /| \  / |_   _| (___ | |  | | |  _____| (___ | |__  | |__) \ \  / /| |__  | |__) |
   > < | |\/| | | | |\___ \| |  | | | |______\___ \|  __| |  _  / \ \/ / |  __| |  _  / 
  / . \| |  | | |_| |____) | |__| | |____    ____) | |____| | \ \  \  /  | |____| | \ \ 
 /_/ \_\_|  |_|\__, |_____/ \___\_\______|  |_____/|______|_|  \_\  \/   |______|_|  \_\
                __/ |                                                                   
               |___/                                                                    
******************************************************************************************

启动成功
 starts successfull! its version=1.3.0, its listen ends=127.0.0.1:3309
[06:44:13 CST 2026/05/17] [INFO] (mysql_server.go:github.com/zhukovaskychina/xmysql-server/server/net.(*MySQLServer).Start:89)  starts successfull! its version=1.3.0, its listen ends=127.0.0.1:3309
[06:44:20 CST 2026/05/17] [DEBG] (session.go:github.com/zhukovaskychina/xmysql-server/server/net.(*session).SetWQLen:280) session {xmysql-server:TCP_SERVER:1:127.0.0.1:3309<->127.0.0.1:62270}, Read Bytes: 0, Write Bytes: 0, Read Pkgs: 0, Write Pkgs: 0, [session.SetWQLen] wQ{len:0, cap:1024}
[06:44:20 CST 2026/05/17] [DEBG] (connection.go:github.com/zhukovaskychina/xmysql-server/server/net.(*MysqlTCPConn).send:352) localAddr: 127.0.0.1:3309, remoteAddr:127.0.0.1:62270, now:2026-05-17 06:44:20.628458 +0800 CST m=+6.819067455, length:92, err:%!!(MISSING)s(<nil>)
[06:44:20 CST 2026/05/17] [INFO] (session.go:github.com/zhukovaskychina/xmysql-server/server/net.(*session).handleTCPPackage:714) [session.handleTCPPackage] 收到数据，长度: 70, 内容: [66 0 0 1 141 162 10 0 0 0 0 0 33 0 0 0 0 0 0 0 0 0 0 0 0 0 0 0 0 0 0 0 0 0 0 0 114 111 111 116 0 0 109 121 115 113 108 0 109 121 115 113 108 95 110 97 116 105 118 101 95 112 97 115 115 119 111 114 100 0]

[06:44:20 CST 2026/05/17] [WARN] (mysql_user_data.go:github.com/zhukovaskychina/xmysql-server/server/innodb/manager.(*StorageManager).QueryMySQLUser:835) Warning: Primary index not found due to metadata persistence issue
[06:44:20 CST 2026/05/17] [WARN] (mysql_user_data.go:github.com/zhukovaskychina/xmysql-server/server/innodb/manager.(*StorageManager).QueryMySQLUser:836) Falling back to hardcoded user lookup for: root' and Host@root' and Host
[06:44:20 CST 2026/05/17] [WARN] (select_executor.go:github.com/zhukovaskychina/xmysql-server/server/innodb/engine.(*SelectExecutor).executeUserTableQuery:384)   [SelectExecutor] 查询用户数据失败: user=root' and Host host=root' and Host -> user root' and Host@root' and Host not found (metadata persistence issue)
[06:44:20 CST 2026/05/17] [WARN] (mysql_user_data.go:github.com/zhukovaskychina/xmysql-server/server/innodb/manager.(*StorageManager).QueryMySQLUser:835) Warning: Primary index not found due to metadata persistence issue
[06:44:20 CST 2026/05/17] [WARN] (mysql_user_data.go:github.com/zhukovaskychina/xmysql-server/server/innodb/manager.(*StorageManager).QueryMySQLUser:836) Falling back to hardcoded user lookup for: root' and Host@localhost
[06:44:20 CST 2026/05/17] [WARN] (select_executor.go:github.com/zhukovaskychina/xmysql-server/server/innodb/engine.(*SelectExecutor).executeUserTableQuery:384)   [SelectExecutor] 查询用户数据失败: user=root' and Host host=localhost -> user root' and Host@localhost not found (metadata persistence issue)
[06:44:20 CST 2026/05/17] [WARN] (mysql_user_data.go:github.com/zhukovaskychina/xmysql-server/server/innodb/manager.(*StorageManager).QueryMySQLUser:835) Warning: Primary index not found due to metadata persistence issue
[06:44:20 CST 2026/05/17] [WARN] (mysql_user_data.go:github.com/zhukovaskychina/xmysql-server/server/innodb/manager.(*StorageManager).QueryMySQLUser:836) Falling back to hardcoded user lookup for: root' and Host@%
[06:44:20 CST 2026/05/17] [WARN] (select_executor.go:github.com/zhukovaskychina/xmysql-server/server/innodb/engine.(*SelectExecutor).executeUserTableQuery:384)   [SelectExecutor] 查询用户数据失败: user=root' and Host host=% -> user root' and Host@% not found (metadata persistence issue)
[06:44:20 CST 2026/05/17] [WARN] (select_executor.go:github.com/zhukovaskychina/xmysql-server/server/innodb/engine.(*SelectExecutor).executeUserTableQuery:398)   [SelectExecutor] 存储管理器未能匹配用户: user=root' and Host host=root' and Host，使用默认数据
[06:44:20 CST 2026/05/17] [WARN] (select_executor.go:github.com/zhukovaskychina/xmysql-server/server/innodb/engine.(*SelectExecutor).executeUserTableQuery:401)   [SelectExecutor] 存储管理器查询失败，创建默认 mysql.user 数据
[06:44:20 CST 2026/05/17] [WARN] (mysql_user_data.go:github.com/zhukovaskychina/xmysql-server/server/innodb/manager.(*StorageManager).QueryMySQLUser:835) Warning: Primary index not found due to metadata persistence issue
[06:44:20 CST 2026/05/17] [WARN] (mysql_user_data.go:github.com/zhukovaskychina/xmysql-server/server/innodb/manager.(*StorageManager).QueryMySQLUser:836) Falling back to hardcoded user lookup for: root' and Host@root' and Host
[06:44:20 CST 2026/05/17] [WARN] (select_executor.go:github.com/zhukovaskychina/xmysql-server/server/innodb/engine.(*SelectExecutor).executeUserTableQuery:384)   [SelectExecutor] 查询用户数据失败: user=root' and Host host=root' and Host -> user root' and Host@root' and Host not found (metadata persistence issue)
[06:44:20 CST 2026/05/17] [WARN] (mysql_user_data.go:github.com/zhukovaskychina/xmysql-server/server/innodb/manager.(*StorageManager).QueryMySQLUser:835) Warning: Primary index not found due to metadata persistence issue
[06:44:20 CST 2026/05/17] [WARN] (mysql_user_data.go:github.com/zhukovaskychina/xmysql-server/server/innodb/manager.(*StorageManager).QueryMySQLUser:836) Falling back to hardcoded user lookup for: root' and Host@localhost
[06:44:20 CST 2026/05/17] [WARN] (select_executor.go:github.com/zhukovaskychina/xmysql-server/server/innodb/engine.(*SelectExecutor).executeUserTableQuery:384)   [SelectExecutor] 查询用户数据失败: user=root' and Host host=localhost -> user root' and Host@localhost not found (metadata persistence issue)
[06:44:20 CST 2026/05/17] [WARN] (mysql_user_data.go:github.com/zhukovaskychina/xmysql-server/server/innodb/manager.(*StorageManager).QueryMySQLUser:835) Warning: Primary index not found due to metadata persistence issue
[06:44:20 CST 2026/05/17] [WARN] (mysql_user_data.go:github.com/zhukovaskychina/xmysql-server/server/innodb/manager.(*StorageManager).QueryMySQLUser:836) Falling back to hardcoded user lookup for: root' and Host@%
[06:44:20 CST 2026/05/17] [WARN] (select_executor.go:github.com/zhukovaskychina/xmysql-server/server/innodb/engine.(*SelectExecutor).executeUserTableQuery:384)   [SelectExecutor] 查询用户数据失败: user=root' and Host host=% -> user root' and Host@% not found (metadata persistence issue)
[06:44:20 CST 2026/05/17] [WARN] (select_executor.go:github.com/zhukovaskychina/xmysql-server/server/innodb/engine.(*SelectExecutor).executeUserTableQuery:398)   [SelectExecutor] 存储管理器未能匹配用户: user=root' and Host host=root' and Host，使用默认数据
[06:44:20 CST 2026/05/17] [WARN] (select_executor.go:github.com/zhukovaskychina/xmysql-server/server/innodb/engine.(*SelectExecutor).executeUserTableQuery:401)   [SelectExecutor] 存储管理器查询失败，创建默认 mysql.user 数据
[06:44:20 CST 2026/05/17] [ERRO] (decoupled_handler.go:github.com/zhukovaskychina/xmysql-server/server/net.(*DecoupledMySQLMessageHandler).handleAuthentication:747) 认证失败: Access denied for user 'root'@'localhost' (using password: YES)
[06:44:20 CST 2026/05/17] [DEBG] (connection.go:github.com/zhukovaskychina/xmysql-server/server/net.(*MysqlTCPConn).send:352) localAddr: 127.0.0.1:3309, remoteAddr:127.0.0.1:62270, now:2026-05-17 06:44:20.631929 +0800 CST m=+6.822538214, length:76, err:%!!(MISSING)s(<nil>)
[06:44:20 CST 2026/05/17] [INFO] (session.go:github.com/zhukovaskychina/xmysql-server/server/net.(*session).handleTCPPackage:697) {xmysql-server:TCP_SERVER:1:127.0.0.1:3309<->127.0.0.1:62270}, [session.conn.read] = error:EOF
/Users/zhukovasky/GolandProjects/xmysql-server/server/net/connection.go:304: 
[06:44:20 CST 2026/05/17] [INFO] (session.go:github.com/zhukovaskychina/xmysql-server/server/net.(*session).handlePackage.func1:628) {xmysql-server:TCP_SERVER:1:127.0.0.1:3309<->127.0.0.1:62270}, [session.handlePackage] gr will exit now, left gr num 1
[06:44:20 CST 2026/05/17] [INFO] (session.go:github.com/zhukovaskychina/xmysql-server/server/net.(*session).handleLoop:523) session session-closed, Read Bytes: 70, Write Bytes: 168, Read Pkgs: 1, Write Pkgs: 2, [session.handleLoop] got done signal. wQ is nil.
[06:44:20 CST 2026/05/17] [INFO] (session.go:github.com/zhukovaskychina/xmysql-server/server/net.(*session).Close:812) session-closed closed now. its current gr num is 0
[06:44:20 CST 2026/05/17] [INFO] (session.go:github.com/zhukovaskychina/xmysql-server/server/net.(*session).handleLoop.func1:506) session session-closed, Read Bytes: 70, Write Bytes: 168, Read Pkgs: 1, Write Pkgs: 2, [session.handleLoop] goroutine exit now, left gr num 0
