Starting XMySQL Server...
Parsing command line arguments...
[06:43:43 CST 2026/05/17] [INFO] (main.go:main.main:61) Logger initialized successfully with level: info

[06:43:43 CST 2026/05/17] [INFO] (main.go:main.main:63) XMySQL Server starting...
[06:43:43 CST 2026/05/17] [WARN] (mysql_user_data.go:github.com/zhukovaskychina/xmysql-server/server/innodb/manager.(*StorageManager).InitializeMySQLUserData:781) Warning: Enhanced B+tree verification warning: consistency check failed: page 64 record count mismatch
[06:43:43 CST 2026/05/17] [INFO] (enginx.go:github.com/zhukovaskychina/xmysql-server/server/innodb/engine.(*XMySQLEngine).initRecoveryLayer:238) No checkpoint found, starting recovery from LSN 0
[06:43:43 CST 2026/05/17] [WARN] (mysql_user_data.go:github.com/zhukovaskychina/xmysql-server/server/innodb/manager.(*StorageManager).InitializeMySQLUserData:781) Warning: Enhanced B+tree verification warning: consistency check failed: page 64 record count mismatch
[06:43:43 CST 2026/05/17] [INFO] (enginx.go:github.com/zhukovaskychina/xmysql-server/server/innodb/engine.(*XMySQLEngine).initRecoveryLayer:238) No checkpoint found, starting recovery from LSN 0
[06:43:43 CST 2026/05/17] [INFO] (main.go:main.main:67) Starting MySQL server...
[06:43:43 CST 2026/05/17] [INFO] (enginx.go:github.com/zhukovaskychina/xmysql-server/server/innodb/engine.(*XMySQLEngine).Start:75) 🚀 Starting XMySQL Engine...
[06:43:43 CST 2026/05/17] [INFO] (enginx.go:github.com/zhukovaskychina/xmysql-server/server/innodb/engine.(*XMySQLEngine).Start:79) 🏥 Performing crash recovery...
[06:43:43 CST 2026/05/17] [INFO] (mysql_server.go:github.com/zhukovaskychina/xmysql-server/server/net.initProfiling:102) App Profiling startup on address{127.0.0.1:0/debug/pprof/}
[06:43:43 CST 2026/05/17] [INFO] (enginx.go:github.com/zhukovaskychina/xmysql-server/server/innodb/engine.(*XMySQLEngine).Start:83) ✅ Crash recovery completed successfully
[06:43:43 CST 2026/05/17] [INFO] (enginx.go:github.com/zhukovaskychina/xmysql-server/server/innodb/engine.(*XMySQLEngine).Start:90) 💾 Starting Checkpoint Manager...
[06:43:43 CST 2026/05/17] [INFO] (storage_integrated_checkpoint.go:github.com/zhukovaskychina/xmysql-server/server/innodb/engine.(*CheckpointManager).Start:103) 🚀 启动检查点管理器
[06:43:43 CST 2026/05/17] [INFO] (storage_integrated_checkpoint.go:github.com/zhukovaskychina/xmysql-server/server/innodb/engine.(*CheckpointManager).Start:117) 📄 没有找到有效的检查点，将从头开始
[06:43:43 CST 2026/05/17] [INFO] (storage_integrated_checkpoint.go:github.com/zhukovaskychina/xmysql-server/server/innodb/engine.(*CheckpointManager).Start:122)  检查点管理器启动成功
[06:43:43 CST 2026/05/17] [INFO] (enginx.go:github.com/zhukovaskychina/xmysql-server/server/innodb/engine.(*XMySQLEngine).Start:96) ✅ XMySQL Engine started successfully
MySQL服务器正在初始化...
MySQL服务器初始化完成！

******************************************************************************************

 __   ____  __        _____  ____  _          _____ ______ _______      ________ _____  
 \ \ / /  \/  |      / ____|/ __ \| |        / ____|  ____|  __ \ \    / /  ____|  __ \ 
  \ V /| \  / |_   _| (___ | |  | | |  _____| (___ | |__  | |__) \ \  / /| |__  | |__) |
   > < | |\/| | | | |\___ \| |  | | | |______\___ \|  __| |  _  / \ \/ / |  __| |  _  / 
  / . \| |  | | |_| |____) | |__| | |____    ____) | |____| | \ \  \  /  | |____| | \ \ 
 /_/ \_\_|  |_|\__, |_____/ \___\_\______|  |_____/|______|_|  \_\  \/   |______|_|  \_\
                __/ |                                                                   
               |___/                                                                    
******************************************************************************************

启动成功
 starts successfull! its version=1.3.0, its listen ends=127.0.0.1:3309
[06:43:43 CST 2026/05/17] [INFO] (mysql_server.go:github.com/zhukovaskychina/xmysql-server/server/net.(*MySQLServer).Start:89)  starts successfull! its version=1.3.0, its listen ends=127.0.0.1:3309
[06:44:02 CST 2026/05/17] [INFO] (mysql_server.go:github.com/zhukovaskychina/xmysql-server/server/net.(*MySQLServer).initSignal:181) get signal terminated
[06:44:07 CST 2026/05/17] [EROR] (mysql_server.go:github.com/zhukovaskychina/xmysql-server/server/net.(*MySQLServer).initSignal.func1:189) app exit now by force...
