[10:40:57 CST 2026/06/11] [INFO] (main.go:main.main:61) Logger initialized successfully with level: info

[10:40:57 CST 2026/06/11] [INFO] (main.go:main.main:63) XMySQL Server starting...
[10:40:58 CST 2026/06/11] [WARN] (mysql_user_data.go:github.com/zhukovaskychina/xmysql-server/server/innodb/manager.(*StorageManager).InitializeMySQLUserData:781) Warning: Enhanced B+tree verification warning: consistency check failed: page 128 record count mismatch
[10:40:58 CST 2026/06/11] [INFO] (enginx.go:github.com/zhukovaskychina/xmysql-server/server/innodb/engine.(*XMySQLEngine).initRecoveryLayer:239) No checkpoint found, starting recovery from LSN 0
[10:40:58 CST 2026/06/11] [WARN] (mysql_user_data.go:github.com/zhukovaskychina/xmysql-server/server/innodb/manager.(*StorageManager).InitializeMySQLUserData:781) Warning: Enhanced B+tree verification warning: consistency check failed: page 64 record count mismatch
[10:40:58 CST 2026/06/11] [INFO] (enginx.go:github.com/zhukovaskychina/xmysql-server/server/innodb/engine.(*XMySQLEngine).initRecoveryLayer:239) No checkpoint found, starting recovery from LSN 0
[10:40:58 CST 2026/06/11] [INFO] (main.go:main.main:67) Starting MySQL server...
[10:40:58 CST 2026/06/11] [INFO] (enginx.go:github.com/zhukovaskychina/xmysql-server/server/innodb/engine.(*XMySQLEngine).Start:76) 🚀 Starting XMySQL Engine...
[10:40:58 CST 2026/06/11] [INFO] (enginx.go:github.com/zhukovaskychina/xmysql-server/server/innodb/engine.(*XMySQLEngine).Start:80) 🏥 Performing crash recovery...
[10:40:58 CST 2026/06/11] [INFO] (enginx.go:github.com/zhukovaskychina/xmysql-server/server/innodb/engine.(*XMySQLEngine).Start:84) ✅ Crash recovery completed successfully
[10:40:58 CST 2026/06/11] [INFO] (enginx.go:github.com/zhukovaskychina/xmysql-server/server/innodb/engine.(*XMySQLEngine).Start:91) 💾 Starting Checkpoint Manager...
[10:40:58 CST 2026/06/11] [INFO] (storage_integrated_checkpoint.go:github.com/zhukovaskychina/xmysql-server/server/innodb/engine.(*CheckpointManager).Start:103) 🚀 启动检查点管理器
[10:40:58 CST 2026/06/11] [INFO] (storage_integrated_checkpoint.go:github.com/zhukovaskychina/xmysql-server/server/innodb/engine.(*CheckpointManager).Start:117) 📄 没有找到有效的检查点，将从头开始
[10:40:58 CST 2026/06/11] [INFO] (storage_integrated_checkpoint.go:github.com/zhukovaskychina/xmysql-server/server/innodb/engine.(*CheckpointManager).Start:122)  检查点管理器启动成功
[10:40:58 CST 2026/06/11] [INFO] (enginx.go:github.com/zhukovaskychina/xmysql-server/server/innodb/engine.(*XMySQLEngine).Start:97) ✅ XMySQL Engine started successfully
[10:40:58 CST 2026/06/11] [INFO] (session.go:github.com/zhukovaskychina/xmysql-server/server/net.(*session).handleTCPPackage:715) [session.handleTCPPackage] 收到数据，长度: 1, 内容: [10]

[10:40:59 CST 2026/06/11] [INFO] (session.go:github.com/zhukovaskychina/xmysql-server/server/net.(*session).handleTCPPackage:715) [session.handleTCPPackage] 收到数据，长度: 90, 内容: [86 0 0 1 141 162 10 0 0 0 0 0 33 0 0 0 0 0 0 0 0 0 0 0 0 0 0 0 0 0 0 0 0 0 0 0 114 111 111 116 0 20 199 137 171 216 161 160 230 238 223 169 159 182 21 131 74 121 96 17 156 250 109 121 115 113 108 0 109 121 115 113 108 95 110 97 116 105 118 101 95 112 97 115 115 119 111 114 100 0]

[10:40:59 CST 2026/06/11] [WARN] (mysql_user_data.go:github.com/zhukovaskychina/xmysql-server/server/innodb/manager.(*StorageManager).QueryMySQLUser:835) Warning: Primary index not found due to metadata persistence issue
[10:40:59 CST 2026/06/11] [WARN] (mysql_user_data.go:github.com/zhukovaskychina/xmysql-server/server/innodb/manager.(*StorageManager).QueryMySQLUser:836) Falling back to hardcoded user lookup for: root@localhost
[10:40:59 CST 2026/06/11] [WARN] (mysql_user_data.go:github.com/zhukovaskychina/xmysql-server/server/innodb/manager.(*StorageManager).QueryMySQLUser:835) Warning: Primary index not found due to metadata persistence issue
[10:40:59 CST 2026/06/11] [WARN] (mysql_user_data.go:github.com/zhukovaskychina/xmysql-server/server/innodb/manager.(*StorageManager).QueryMySQLUser:836) Falling back to hardcoded user lookup for: root@localhost
[10:41:00 CST 2026/06/11] [INFO] (session.go:github.com/zhukovaskychina/xmysql-server/server/net.(*session).handleTCPPackage:715) [session.handleTCPPackage] 收到数据，长度: 90, 内容: [86 0 0 1 141 162 10 0 0 0 0 0 33 0 0 0 0 0 0 0 0 0 0 0 0 0 0 0 0 0 0 0 0 0 0 0 114 111 111 116 0 20 8 191 189 153 44 91 86 29 206 104 178 117 95 100 154 218 7 255 140 85 109 121 115 113 108 0 109 121 115 113 108 95 110 97 116 105 118 101 95 112 97 115 115 119 111 114 100 0]

[10:41:00 CST 2026/06/11] [INFO] (session.go:github.com/zhukovaskychina/xmysql-server/server/net.(*session).handleTCPPackage:715) [session.handleTCPPackage] 收到数据，长度: 1, 内容: [10]

[10:41:01 CST 2026/06/11] [INFO] (session.go:github.com/zhukovaskychina/xmysql-server/server/net.(*session).handleTCPPackage:715) [session.handleTCPPackage] 收到数据，长度: 1, 内容: [10]

[10:41:02 CST 2026/06/11] [INFO] (session.go:github.com/zhukovaskychina/xmysql-server/server/net.(*session).handleTCPPackage:715) [session.handleTCPPackage] 收到数据，长度: 1, 内容: [10]

[10:41:03 CST 2026/06/11] [INFO] (session.go:github.com/zhukovaskychina/xmysql-server/server/net.(*session).handleTCPPackage:715) [session.handleTCPPackage] 收到数据，长度: 1, 内容: [10]

[10:41:04 CST 2026/06/11] [INFO] (session.go:github.com/zhukovaskychina/xmysql-server/server/net.(*session).handleTCPPackage:715) [session.handleTCPPackage] 收到数据，长度: 1, 内容: [10]

[10:41:05 CST 2026/06/11] [INFO] (session.go:github.com/zhukovaskychina/xmysql-server/server/net.(*session).handleTCPPackage:715) [session.handleTCPPackage] 收到数据，长度: 1, 内容: [10]

[10:41:06 CST 2026/06/11] [INFO] (session.go:github.com/zhukovaskychina/xmysql-server/server/net.(*session).handleTCPPackage:715) [session.handleTCPPackage] 收到数据，长度: 1, 内容: [10]

[10:41:07 CST 2026/06/11] [INFO] (session.go:github.com/zhukovaskychina/xmysql-server/server/net.(*session).handleTCPPackage:715) [session.handleTCPPackage] 收到数据，长度: 1, 内容: [10]

[10:41:08 CST 2026/06/11] [INFO] (session.go:github.com/zhukovaskychina/xmysql-server/server/net.(*session).handleTCPPackage:715) [session.handleTCPPackage] 收到数据，长度: 1, 内容: [10]

[10:41:09 CST 2026/06/11] [INFO] (session.go:github.com/zhukovaskychina/xmysql-server/server/net.(*session).handleTCPPackage:715) [session.handleTCPPackage] 收到数据，长度: 1, 内容: [10]

[10:41:10 CST 2026/06/11] [INFO] (session.go:github.com/zhukovaskychina/xmysql-server/server/net.(*session).handleTCPPackage:715) [session.handleTCPPackage] 收到数据，长度: 1, 内容: [10]

[10:41:11 CST 2026/06/11] [INFO] (session.go:github.com/zhukovaskychina/xmysql-server/server/net.(*session).handleTCPPackage:715) [session.handleTCPPackage] 收到数据，长度: 1, 内容: [10]

[10:41:12 CST 2026/06/11] [INFO] (session.go:github.com/zhukovaskychina/xmysql-server/server/net.(*session).handleTCPPackage:715) [session.handleTCPPackage] 收到数据，长度: 1, 内容: [10]

[10:41:13 CST 2026/06/11] [INFO] (session.go:github.com/zhukovaskychina/xmysql-server/server/net.(*session).handleTCPPackage:715) [session.handleTCPPackage] 收到数据，长度: 1, 内容: [10]

[10:41:14 CST 2026/06/11] [INFO] (session.go:github.com/zhukovaskychina/xmysql-server/server/net.(*session).handleTCPPackage:715) [session.handleTCPPackage] 收到数据，长度: 1, 内容: [10]

[10:41:15 CST 2026/06/11] [INFO] (session.go:github.com/zhukovaskychina/xmysql-server/server/net.(*session).handleTCPPackage:715) [session.handleTCPPackage] 收到数据，长度: 1, 内容: [10]

[10:41:16 CST 2026/06/11] [INFO] (session.go:github.com/zhukovaskychina/xmysql-server/server/net.(*session).handleTCPPackage:715) [session.handleTCPPackage] 收到数据，长度: 1, 内容: [10]

[10:41:17 CST 2026/06/11] [INFO] (session.go:github.com/zhukovaskychina/xmysql-server/server/net.(*session).handleTCPPackage:715) [session.handleTCPPackage] 收到数据，长度: 1, 内容: [10]

[10:41:18 CST 2026/06/11] [INFO] (session.go:github.com/zhukovaskychina/xmysql-server/server/net.(*session).handleTCPPackage:715) [session.handleTCPPackage] 收到数据，长度: 1, 内容: [10]

[10:41:19 CST 2026/06/11] [INFO] (session.go:github.com/zhukovaskychina/xmysql-server/server/net.(*session).handleTCPPackage:715) [session.handleTCPPackage] 收到数据，长度: 1, 内容: [10]

[10:41:20 CST 2026/06/11] [INFO] (session.go:github.com/zhukovaskychina/xmysql-server/server/net.(*session).handleTCPPackage:715) [session.handleTCPPackage] 收到数据，长度: 1, 内容: [10]

[10:41:21 CST 2026/06/11] [INFO] (session.go:github.com/zhukovaskychina/xmysql-server/server/net.(*session).handleTCPPackage:715) [session.handleTCPPackage] 收到数据，长度: 1, 内容: [10]

[10:41:22 CST 2026/06/11] [INFO] (session.go:github.com/zhukovaskychina/xmysql-server/server/net.(*session).handleTCPPackage:715) [session.handleTCPPackage] 收到数据，长度: 1, 内容: [10]

[10:41:24 CST 2026/06/11] [INFO] (session.go:github.com/zhukovaskychina/xmysql-server/server/net.(*session).handleTCPPackage:715) [session.handleTCPPackage] 收到数据，长度: 1, 内容: [10]

[10:41:25 CST 2026/06/11] [INFO] (session.go:github.com/zhukovaskychina/xmysql-server/server/net.(*session).handleTCPPackage:715) [session.handleTCPPackage] 收到数据，长度: 1, 内容: [10]

[10:41:26 CST 2026/06/11] [INFO] (session.go:github.com/zhukovaskychina/xmysql-server/server/net.(*session).handleTCPPackage:715) [session.handleTCPPackage] 收到数据，长度: 1, 内容: [10]

[10:41:27 CST 2026/06/11] [INFO] (session.go:github.com/zhukovaskychina/xmysql-server/server/net.(*session).handleTCPPackage:715) [session.handleTCPPackage] 收到数据，长度: 1, 内容: [10]

[10:41:28 CST 2026/06/11] [INFO] (session.go:github.com/zhukovaskychina/xmysql-server/server/net.(*session).handleTCPPackage:715) [session.handleTCPPackage] 收到数据，长度: 1, 内容: [10]

[10:41:30 CST 2026/06/11] [INFO] (session.go:github.com/zhukovaskychina/xmysql-server/server/net.(*session).handleTCPPackage:715) [session.handleTCPPackage] 收到数据，长度: 1, 内容: [10]

[10:41:33 CST 2026/06/11] [INFO] (session.go:github.com/zhukovaskychina/xmysql-server/server/net.(*session).handleTCPPackage:715) [session.handleTCPPackage] 收到数据，长度: 1, 内容: [10]

[10:41:37 CST 2026/06/11] [INFO] (main.go:main.main:61) Logger initialized successfully with level: info

[10:41:37 CST 2026/06/11] [INFO] (main.go:main.main:63) XMySQL Server starting...
[10:41:37 CST 2026/06/11] [WARN] (mysql_user_data.go:github.com/zhukovaskychina/xmysql-server/server/innodb/manager.(*StorageManager).InitializeMySQLUserData:781) Warning: Enhanced B+tree verification warning: consistency check failed: page 64 record count mismatch
[10:41:37 CST 2026/06/11] [INFO] (enginx.go:github.com/zhukovaskychina/xmysql-server/server/innodb/engine.(*XMySQLEngine).initRecoveryLayer:239) No checkpoint found, starting recovery from LSN 0
[10:41:37 CST 2026/06/11] [WARN] (mysql_user_data.go:github.com/zhukovaskychina/xmysql-server/server/innodb/manager.(*StorageManager).InitializeMySQLUserData:781) Warning: Enhanced B+tree verification warning: consistency check failed: page 64 record count mismatch
[10:41:37 CST 2026/06/11] [INFO] (enginx.go:github.com/zhukovaskychina/xmysql-server/server/innodb/engine.(*XMySQLEngine).initRecoveryLayer:239) No checkpoint found, starting recovery from LSN 0
[10:41:37 CST 2026/06/11] [INFO] (main.go:main.main:67) Starting MySQL server...
[10:41:37 CST 2026/06/11] [INFO] (enginx.go:github.com/zhukovaskychina/xmysql-server/server/innodb/engine.(*XMySQLEngine).Start:76) 🚀 Starting XMySQL Engine...
[10:41:37 CST 2026/06/11] [INFO] (enginx.go:github.com/zhukovaskychina/xmysql-server/server/innodb/engine.(*XMySQLEngine).Start:80) 🏥 Performing crash recovery...
[10:41:37 CST 2026/06/11] [INFO] (enginx.go:github.com/zhukovaskychina/xmysql-server/server/innodb/engine.(*XMySQLEngine).Start:84) ✅ Crash recovery completed successfully
[10:41:37 CST 2026/06/11] [INFO] (enginx.go:github.com/zhukovaskychina/xmysql-server/server/innodb/engine.(*XMySQLEngine).Start:91) 💾 Starting Checkpoint Manager...
[10:41:37 CST 2026/06/11] [INFO] (storage_integrated_checkpoint.go:github.com/zhukovaskychina/xmysql-server/server/innodb/engine.(*CheckpointManager).Start:103) 🚀 启动检查点管理器
[10:41:37 CST 2026/06/11] [INFO] (storage_integrated_checkpoint.go:github.com/zhukovaskychina/xmysql-server/server/innodb/engine.(*CheckpointManager).Start:117) 📄 没有找到有效的检查点，将从头开始
[10:41:37 CST 2026/06/11] [INFO] (storage_integrated_checkpoint.go:github.com/zhukovaskychina/xmysql-server/server/innodb/engine.(*CheckpointManager).Start:122)  检查点管理器启动成功
[10:41:37 CST 2026/06/11] [INFO] (enginx.go:github.com/zhukovaskychina/xmysql-server/server/innodb/engine.(*XMySQLEngine).Start:97) ✅ XMySQL Engine started successfully
[10:41:38 CST 2026/06/11] [INFO] (session.go:github.com/zhukovaskychina/xmysql-server/server/net.(*session).handleTCPPackage:715) [session.handleTCPPackage] 收到数据，长度: 1, 内容: [10]

[10:41:38 CST 2026/06/11] [INFO] (session.go:github.com/zhukovaskychina/xmysql-server/server/net.(*session).handleTCPPackage:715) [session.handleTCPPackage] 收到数据，长度: 90, 内容: [86 0 0 1 141 162 10 0 0 0 0 0 33 0 0 0 0 0 0 0 0 0 0 0 0 0 0 0 0 0 0 0 0 0 0 0 114 111 111 116 0 20 225 224 174 231 38 89 253 152 187 241 186 129 136 70 146 8 212 110 77 113 109 121 115 113 108 0 109 121 115 113 108 95 110 97 116 105 118 101 95 112 97 115 115 119 111 114 100 0]

[10:41:38 CST 2026/06/11] [WARN] (mysql_user_data.go:github.com/zhukovaskychina/xmysql-server/server/innodb/manager.(*StorageManager).QueryMySQLUser:835) Warning: Primary index not found due to metadata persistence issue
[10:41:38 CST 2026/06/11] [WARN] (mysql_user_data.go:github.com/zhukovaskychina/xmysql-server/server/innodb/manager.(*StorageManager).QueryMySQLUser:836) Falling back to hardcoded user lookup for: root@localhost
[10:41:38 CST 2026/06/11] [WARN] (mysql_user_data.go:github.com/zhukovaskychina/xmysql-server/server/innodb/manager.(*StorageManager).QueryMySQLUser:835) Warning: Primary index not found due to metadata persistence issue
[10:41:38 CST 2026/06/11] [WARN] (mysql_user_data.go:github.com/zhukovaskychina/xmysql-server/server/innodb/manager.(*StorageManager).QueryMySQLUser:836) Falling back to hardcoded user lookup for: root@localhost
[10:41:39 CST 2026/06/11] [INFO] (session.go:github.com/zhukovaskychina/xmysql-server/server/net.(*session).handleTCPPackage:715) [session.handleTCPPackage] 收到数据，长度: 90, 内容: [86 0 0 1 141 162 10 0 0 0 0 0 33 0 0 0 0 0 0 0 0 0 0 0 0 0 0 0 0 0 0 0 0 0 0 0 114 111 111 116 0 20 64 192 207 118 241 180 174 133 252 177 191 189 174 102 7 40 224 92 40 202 109 121 115 113 108 0 109 121 115 113 108 95 110 97 116 105 118 101 95 112 97 115 115 119 111 114 100 0]

[10:41:39 CST 2026/06/11] [INFO] (session.go:github.com/zhukovaskychina/xmysql-server/server/net.(*session).handleTCPPackage:715) [session.handleTCPPackage] 收到数据，长度: 90, 内容: [86 0 0 1 141 162 10 0 0 0 0 0 33 0 0 0 0 0 0 0 0 0 0 0 0 0 0 0 0 0 0 0 0 0 0 0 114 111 111 116 0 20 21 47 176 181 146 35 87 137 147 79 155 235 69 60 174 187 160 3 62 9 109 121 115 113 108 0 109 121 115 113 108 95 110 97 116 105 118 101 95 112 97 115 115 119 111 114 100 0]

[10:41:39 CST 2026/06/11] [INFO] (session.go:github.com/zhukovaskychina/xmysql-server/server/net.(*session).handleTCPPackage:715) [session.handleTCPPackage] 收到数据，长度: 90, 内容: [86 0 0 1 141 162 10 0 0 0 0 0 33 0 0 0 0 0 0 0 0 0 0 0 0 0 0 0 0 0 0 0 0 0 0 0 114 111 111 116 0 20 55 197 88 148 161 238 121 251 249 0 226 116 223 116 191 3 28 139 229 46 109 121 115 113 108 0 109 121 115 113 108 95 110 97 116 105 118 101 95 112 97 115 115 119 111 114 100 0]

[10:41:39 CST 2026/06/11] [INFO] (session.go:github.com/zhukovaskychina/xmysql-server/server/net.(*session).handleTCPPackage:715) [session.handleTCPPackage] 收到数据，长度: 90, 内容: [86 0 0 1 141 162 10 0 0 0 0 0 33 0 0 0 0 0 0 0 0 0 0 0 0 0 0 0 0 0 0 0 0 0 0 0 114 111 111 116 0 20 159 176 5 235 63 55 213 200 139 202 162 105 85 252 156 129 27 25 211 75 109 121 115 113 108 0 109 121 115 113 108 95 110 97 116 105 118 101 95 112 97 115 115 119 111 114 100 0]

[10:41:40 CST 2026/06/11] [INFO] (session.go:github.com/zhukovaskychina/xmysql-server/server/net.(*session).handleTCPPackage:715) [session.handleTCPPackage] 收到数据，长度: 1, 内容: [10]

[10:41:41 CST 2026/06/11] [INFO] (session.go:github.com/zhukovaskychina/xmysql-server/server/net.(*session).handleTCPPackage:715) [session.handleTCPPackage] 收到数据，长度: 1, 内容: [10]

[10:41:42 CST 2026/06/11] [INFO] (session.go:github.com/zhukovaskychina/xmysql-server/server/net.(*session).handleTCPPackage:715) [session.handleTCPPackage] 收到数据，长度: 1, 内容: [10]

[10:41:43 CST 2026/06/11] [INFO] (session.go:github.com/zhukovaskychina/xmysql-server/server/net.(*session).handleTCPPackage:715) [session.handleTCPPackage] 收到数据，长度: 1, 内容: [10]

[10:41:45 CST 2026/06/11] [INFO] (session.go:github.com/zhukovaskychina/xmysql-server/server/net.(*session).handleTCPPackage:715) [session.handleTCPPackage] 收到数据，长度: 1, 内容: [10]

[10:41:46 CST 2026/06/11] [INFO] (session.go:github.com/zhukovaskychina/xmysql-server/server/net.(*session).handleTCPPackage:715) [session.handleTCPPackage] 收到数据，长度: 1, 内容: [10]

[10:41:48 CST 2026/06/11] [INFO] (session.go:github.com/zhukovaskychina/xmysql-server/server/net.(*session).handleTCPPackage:715) [session.handleTCPPackage] 收到数据，长度: 1, 内容: [10]

[10:41:49 CST 2026/06/11] [INFO] (session.go:github.com/zhukovaskychina/xmysql-server/server/net.(*session).handleTCPPackage:715) [session.handleTCPPackage] 收到数据，长度: 1, 内容: [10]

[10:41:50 CST 2026/06/11] [INFO] (session.go:github.com/zhukovaskychina/xmysql-server/server/net.(*session).handleTCPPackage:715) [session.handleTCPPackage] 收到数据，长度: 1, 内容: [10]

[10:41:51 CST 2026/06/11] [INFO] (session.go:github.com/zhukovaskychina/xmysql-server/server/net.(*session).handleTCPPackage:715) [session.handleTCPPackage] 收到数据，长度: 1, 内容: [10]

[10:41:52 CST 2026/06/11] [INFO] (session.go:github.com/zhukovaskychina/xmysql-server/server/net.(*session).handleTCPPackage:715) [session.handleTCPPackage] 收到数据，长度: 1, 内容: [10]

[10:41:53 CST 2026/06/11] [INFO] (session.go:github.com/zhukovaskychina/xmysql-server/server/net.(*session).handleTCPPackage:715) [session.handleTCPPackage] 收到数据，长度: 1, 内容: [10]

[10:41:54 CST 2026/06/11] [INFO] (session.go:github.com/zhukovaskychina/xmysql-server/server/net.(*session).handleTCPPackage:715) [session.handleTCPPackage] 收到数据，长度: 1, 内容: [10]

[10:41:55 CST 2026/06/11] [INFO] (session.go:github.com/zhukovaskychina/xmysql-server/server/net.(*session).handleTCPPackage:715) [session.handleTCPPackage] 收到数据，长度: 1, 内容: [10]

[10:41:56 CST 2026/06/11] [INFO] (session.go:github.com/zhukovaskychina/xmysql-server/server/net.(*session).handleTCPPackage:715) [session.handleTCPPackage] 收到数据，长度: 1, 内容: [10]

[10:41:57 CST 2026/06/11] [INFO] (session.go:github.com/zhukovaskychina/xmysql-server/server/net.(*session).handleTCPPackage:715) [session.handleTCPPackage] 收到数据，长度: 1, 内容: [10]

[10:41:59 CST 2026/06/11] [INFO] (session.go:github.com/zhukovaskychina/xmysql-server/server/net.(*session).handleTCPPackage:715) [session.handleTCPPackage] 收到数据，长度: 1, 内容: [10]

[10:42:00 CST 2026/06/11] [INFO] (session.go:github.com/zhukovaskychina/xmysql-server/server/net.(*session).handleTCPPackage:715) [session.handleTCPPackage] 收到数据，长度: 1, 内容: [10]

[10:42:01 CST 2026/06/11] [INFO] (session.go:github.com/zhukovaskychina/xmysql-server/server/net.(*session).handleTCPPackage:715) [session.handleTCPPackage] 收到数据，长度: 1, 内容: [10]

[10:42:02 CST 2026/06/11] [INFO] (session.go:github.com/zhukovaskychina/xmysql-server/server/net.(*session).handleTCPPackage:715) [session.handleTCPPackage] 收到数据，长度: 1, 内容: [10]

[10:42:03 CST 2026/06/11] [INFO] (session.go:github.com/zhukovaskychina/xmysql-server/server/net.(*session).handleTCPPackage:715) [session.handleTCPPackage] 收到数据，长度: 1, 内容: [10]

[10:42:04 CST 2026/06/11] [INFO] (session.go:github.com/zhukovaskychina/xmysql-server/server/net.(*session).handleTCPPackage:715) [session.handleTCPPackage] 收到数据，长度: 1, 内容: [10]

[10:42:05 CST 2026/06/11] [INFO] (session.go:github.com/zhukovaskychina/xmysql-server/server/net.(*session).handleTCPPackage:715) [session.handleTCPPackage] 收到数据，长度: 1, 内容: [10]

[10:42:06 CST 2026/06/11] [INFO] (session.go:github.com/zhukovaskychina/xmysql-server/server/net.(*session).handleTCPPackage:715) [session.handleTCPPackage] 收到数据，长度: 1, 内容: [10]

[10:42:07 CST 2026/06/11] [INFO] (session.go:github.com/zhukovaskychina/xmysql-server/server/net.(*session).handleTCPPackage:715) [session.handleTCPPackage] 收到数据，长度: 1, 内容: [10]

[10:42:08 CST 2026/06/11] [INFO] (session.go:github.com/zhukovaskychina/xmysql-server/server/net.(*session).handleTCPPackage:715) [session.handleTCPPackage] 收到数据，长度: 1, 内容: [10]

[10:42:09 CST 2026/06/11] [INFO] (session.go:github.com/zhukovaskychina/xmysql-server/server/net.(*session).handleTCPPackage:715) [session.handleTCPPackage] 收到数据，长度: 1, 内容: [10]

[10:42:10 CST 2026/06/11] [INFO] (session.go:github.com/zhukovaskychina/xmysql-server/server/net.(*session).handleTCPPackage:715) [session.handleTCPPackage] 收到数据，长度: 1, 内容: [10]

[10:42:11 CST 2026/06/11] [INFO] (session.go:github.com/zhukovaskychina/xmysql-server/server/net.(*session).handleTCPPackage:715) [session.handleTCPPackage] 收到数据，长度: 1, 内容: [10]

[10:42:12 CST 2026/06/11] [INFO] (session.go:github.com/zhukovaskychina/xmysql-server/server/net.(*session).handleTCPPackage:715) [session.handleTCPPackage] 收到数据，长度: 1, 内容: [10]

[10:42:15 CST 2026/06/11] [INFO] (main.go:main.main:61) Logger initialized successfully with level: info

[10:42:15 CST 2026/06/11] [INFO] (main.go:main.main:63) XMySQL Server starting...
[10:42:15 CST 2026/06/11] [WARN] (mysql_user_data.go:github.com/zhukovaskychina/xmysql-server/server/innodb/manager.(*StorageManager).InitializeMySQLUserData:781) Warning: Enhanced B+tree verification warning: consistency check failed: page 64 record count mismatch
[10:42:15 CST 2026/06/11] [INFO] (enginx.go:github.com/zhukovaskychina/xmysql-server/server/innodb/engine.(*XMySQLEngine).initRecoveryLayer:239) No checkpoint found, starting recovery from LSN 0
[10:42:15 CST 2026/06/11] [WARN] (mysql_user_data.go:github.com/zhukovaskychina/xmysql-server/server/innodb/manager.(*StorageManager).InitializeMySQLUserData:781) Warning: Enhanced B+tree verification warning: consistency check failed: page 64 record count mismatch
[10:42:15 CST 2026/06/11] [INFO] (enginx.go:github.com/zhukovaskychina/xmysql-server/server/innodb/engine.(*XMySQLEngine).initRecoveryLayer:239) No checkpoint found, starting recovery from LSN 0
[10:42:15 CST 2026/06/11] [INFO] (main.go:main.main:67) Starting MySQL server...
[10:42:15 CST 2026/06/11] [INFO] (enginx.go:github.com/zhukovaskychina/xmysql-server/server/innodb/engine.(*XMySQLEngine).Start:76) 🚀 Starting XMySQL Engine...
[10:42:15 CST 2026/06/11] [INFO] (enginx.go:github.com/zhukovaskychina/xmysql-server/server/innodb/engine.(*XMySQLEngine).Start:80) 🏥 Performing crash recovery...
[10:42:15 CST 2026/06/11] [INFO] (enginx.go:github.com/zhukovaskychina/xmysql-server/server/innodb/engine.(*XMySQLEngine).Start:84) ✅ Crash recovery completed successfully
[10:42:15 CST 2026/06/11] [INFO] (enginx.go:github.com/zhukovaskychina/xmysql-server/server/innodb/engine.(*XMySQLEngine).Start:91) 💾 Starting Checkpoint Manager...
[10:42:15 CST 2026/06/11] [INFO] (storage_integrated_checkpoint.go:github.com/zhukovaskychina/xmysql-server/server/innodb/engine.(*CheckpointManager).Start:103) 🚀 启动检查点管理器
[10:42:15 CST 2026/06/11] [INFO] (storage_integrated_checkpoint.go:github.com/zhukovaskychina/xmysql-server/server/innodb/engine.(*CheckpointManager).Start:117) 📄 没有找到有效的检查点，将从头开始
[10:42:15 CST 2026/06/11] [INFO] (storage_integrated_checkpoint.go:github.com/zhukovaskychina/xmysql-server/server/innodb/engine.(*CheckpointManager).Start:122)  检查点管理器启动成功
[10:42:15 CST 2026/06/11] [INFO] (enginx.go:github.com/zhukovaskychina/xmysql-server/server/innodb/engine.(*XMySQLEngine).Start:97) ✅ XMySQL Engine started successfully
[10:42:16 CST 2026/06/11] [INFO] (session.go:github.com/zhukovaskychina/xmysql-server/server/net.(*session).handleTCPPackage:715) [session.handleTCPPackage] 收到数据，长度: 1, 内容: [10]

[10:42:16 CST 2026/06/11] [INFO] (session.go:github.com/zhukovaskychina/xmysql-server/server/net.(*session).handleTCPPackage:715) [session.handleTCPPackage] 收到数据，长度: 90, 内容: [86 0 0 1 141 162 10 0 0 0 0 0 33 0 0 0 0 0 0 0 0 0 0 0 0 0 0 0 0 0 0 0 0 0 0 0 114 111 111 116 0 20 155 36 165 147 113 21 252 17 15 240 233 239 89 249 139 213 4 145 169 207 109 121 115 113 108 0 109 121 115 113 108 95 110 97 116 105 118 101 95 112 97 115 115 119 111 114 100 0]

[10:42:16 CST 2026/06/11] [WARN] (mysql_user_data.go:github.com/zhukovaskychina/xmysql-server/server/innodb/manager.(*StorageManager).QueryMySQLUser:835) Warning: Primary index not found due to metadata persistence issue
[10:42:16 CST 2026/06/11] [WARN] (mysql_user_data.go:github.com/zhukovaskychina/xmysql-server/server/innodb/manager.(*StorageManager).QueryMySQLUser:836) Falling back to hardcoded user lookup for: root@localhost
[10:42:16 CST 2026/06/11] [WARN] (mysql_user_data.go:github.com/zhukovaskychina/xmysql-server/server/innodb/manager.(*StorageManager).QueryMySQLUser:835) Warning: Primary index not found due to metadata persistence issue
[10:42:16 CST 2026/06/11] [WARN] (mysql_user_data.go:github.com/zhukovaskychina/xmysql-server/server/innodb/manager.(*StorageManager).QueryMySQLUser:836) Falling back to hardcoded user lookup for: root@localhost
[10:42:16 CST 2026/06/11] [INFO] (session.go:github.com/zhukovaskychina/xmysql-server/server/net.(*session).handleTCPPackage:715) [session.handleTCPPackage] 收到数据，长度: 90, 内容: [86 0 0 1 141 162 10 0 0 0 0 0 33 0 0 0 0 0 0 0 0 0 0 0 0 0 0 0 0 0 0 0 0 0 0 0 114 111 111 116 0 20 173 143 101 128 195 53 198 112 234 121 44 10 34 117 186 206 99 150 5 187 109 121 115 113 108 0 109 121 115 113 108 95 110 97 116 105 118 101 95 112 97 115 115 119 111 114 100 0]

[10:42:17 CST 2026/06/11] [INFO] (session.go:github.com/zhukovaskychina/xmysql-server/server/net.(*session).handleTCPPackage:715) [session.handleTCPPackage] 收到数据，长度: 90, 内容: [86 0 0 1 141 162 10 0 0 0 0 0 33 0 0 0 0 0 0 0 0 0 0 0 0 0 0 0 0 0 0 0 0 0 0 0 114 111 111 116 0 20 249 188 155 66 132 234 206 5 210 230 243 102 5 58 110 99 54 44 111 197 109 121 115 113 108 0 109 121 115 113 108 95 110 97 116 105 118 101 95 112 97 115 115 119 111 114 100 0]

[10:42:19 CST 2026/06/11] [INFO] (session.go:github.com/zhukovaskychina/xmysql-server/server/net.(*session).handleTCPPackage:715) [session.handleTCPPackage] 收到数据，长度: 1, 内容: [10]

[10:42:19 CST 2026/06/11] [INFO] (session.go:github.com/zhukovaskychina/xmysql-server/server/net.(*session).handleTCPPackage:715) [session.handleTCPPackage] 收到数据，长度: 90, 内容: [86 0 0 1 141 162 10 0 0 0 0 0 33 0 0 0 0 0 0 0 0 0 0 0 0 0 0 0 0 0 0 0 0 0 0 0 114 111 111 116 0 20 232 238 232 155 70 186 234 191 134 131 199 48 52 149 236 203 24 84 156 147 109 121 115 113 108 0 109 121 115 113 108 95 110 97 116 105 118 101 95 112 97 115 115 119 111 114 100 0]

[10:42:20 CST 2026/06/11] [INFO] (session.go:github.com/zhukovaskychina/xmysql-server/server/net.(*session).handleTCPPackage:715) [session.handleTCPPackage] 收到数据，长度: 1, 内容: [10]

[10:42:21 CST 2026/06/11] [INFO] (session.go:github.com/zhukovaskychina/xmysql-server/server/net.(*session).handleTCPPackage:715) [session.handleTCPPackage] 收到数据，长度: 1, 内容: [10]

[10:42:22 CST 2026/06/11] [INFO] (session.go:github.com/zhukovaskychina/xmysql-server/server/net.(*session).handleTCPPackage:715) [session.handleTCPPackage] 收到数据，长度: 1, 内容: [10]

[10:42:23 CST 2026/06/11] [INFO] (session.go:github.com/zhukovaskychina/xmysql-server/server/net.(*session).handleTCPPackage:715) [session.handleTCPPackage] 收到数据，长度: 1, 内容: [10]

[10:42:24 CST 2026/06/11] [INFO] (session.go:github.com/zhukovaskychina/xmysql-server/server/net.(*session).handleTCPPackage:715) [session.handleTCPPackage] 收到数据，长度: 1, 内容: [10]

[10:42:25 CST 2026/06/11] [INFO] (session.go:github.com/zhukovaskychina/xmysql-server/server/net.(*session).handleTCPPackage:715) [session.handleTCPPackage] 收到数据，长度: 1, 内容: [10]

[10:42:26 CST 2026/06/11] [INFO] (session.go:github.com/zhukovaskychina/xmysql-server/server/net.(*session).handleTCPPackage:715) [session.handleTCPPackage] 收到数据，长度: 1, 内容: [10]

[10:42:27 CST 2026/06/11] [INFO] (session.go:github.com/zhukovaskychina/xmysql-server/server/net.(*session).handleTCPPackage:715) [session.handleTCPPackage] 收到数据，长度: 1, 内容: [10]

[10:42:29 CST 2026/06/11] [INFO] (session.go:github.com/zhukovaskychina/xmysql-server/server/net.(*session).handleTCPPackage:715) [session.handleTCPPackage] 收到数据，长度: 1, 内容: [10]

[10:42:30 CST 2026/06/11] [INFO] (session.go:github.com/zhukovaskychina/xmysql-server/server/net.(*session).handleTCPPackage:715) [session.handleTCPPackage] 收到数据，长度: 1, 内容: [10]

[10:42:31 CST 2026/06/11] [INFO] (session.go:github.com/zhukovaskychina/xmysql-server/server/net.(*session).handleTCPPackage:715) [session.handleTCPPackage] 收到数据，长度: 1, 内容: [10]

[10:42:32 CST 2026/06/11] [INFO] (session.go:github.com/zhukovaskychina/xmysql-server/server/net.(*session).handleTCPPackage:715) [session.handleTCPPackage] 收到数据，长度: 1, 内容: [10]

[10:42:33 CST 2026/06/11] [INFO] (session.go:github.com/zhukovaskychina/xmysql-server/server/net.(*session).handleTCPPackage:715) [session.handleTCPPackage] 收到数据，长度: 1, 内容: [10]

[10:42:34 CST 2026/06/11] [INFO] (session.go:github.com/zhukovaskychina/xmysql-server/server/net.(*session).handleTCPPackage:715) [session.handleTCPPackage] 收到数据，长度: 1, 内容: [10]

[10:42:35 CST 2026/06/11] [INFO] (session.go:github.com/zhukovaskychina/xmysql-server/server/net.(*session).handleTCPPackage:715) [session.handleTCPPackage] 收到数据，长度: 1, 内容: [10]

[10:42:36 CST 2026/06/11] [INFO] (session.go:github.com/zhukovaskychina/xmysql-server/server/net.(*session).handleTCPPackage:715) [session.handleTCPPackage] 收到数据，长度: 1, 内容: [10]

[10:42:37 CST 2026/06/11] [INFO] (session.go:github.com/zhukovaskychina/xmysql-server/server/net.(*session).handleTCPPackage:715) [session.handleTCPPackage] 收到数据，长度: 1, 内容: [10]

[10:42:38 CST 2026/06/11] [INFO] (session.go:github.com/zhukovaskychina/xmysql-server/server/net.(*session).handleTCPPackage:715) [session.handleTCPPackage] 收到数据，长度: 1, 内容: [10]

[10:42:39 CST 2026/06/11] [INFO] (session.go:github.com/zhukovaskychina/xmysql-server/server/net.(*session).handleTCPPackage:715) [session.handleTCPPackage] 收到数据，长度: 1, 内容: [10]

[10:42:40 CST 2026/06/11] [INFO] (session.go:github.com/zhukovaskychina/xmysql-server/server/net.(*session).handleTCPPackage:715) [session.handleTCPPackage] 收到数据，长度: 1, 内容: [10]

[10:42:41 CST 2026/06/11] [INFO] (session.go:github.com/zhukovaskychina/xmysql-server/server/net.(*session).handleTCPPackage:715) [session.handleTCPPackage] 收到数据，长度: 1, 内容: [10]

[10:42:42 CST 2026/06/11] [INFO] (session.go:github.com/zhukovaskychina/xmysql-server/server/net.(*session).handleTCPPackage:715) [session.handleTCPPackage] 收到数据，长度: 1, 内容: [10]

[10:42:43 CST 2026/06/11] [INFO] (session.go:github.com/zhukovaskychina/xmysql-server/server/net.(*session).handleTCPPackage:715) [session.handleTCPPackage] 收到数据，长度: 1, 内容: [10]

[10:42:44 CST 2026/06/11] [INFO] (session.go:github.com/zhukovaskychina/xmysql-server/server/net.(*session).handleTCPPackage:715) [session.handleTCPPackage] 收到数据，长度: 1, 内容: [10]

[10:42:45 CST 2026/06/11] [INFO] (session.go:github.com/zhukovaskychina/xmysql-server/server/net.(*session).handleTCPPackage:715) [session.handleTCPPackage] 收到数据，长度: 1, 内容: [10]

[10:42:46 CST 2026/06/11] [INFO] (session.go:github.com/zhukovaskychina/xmysql-server/server/net.(*session).handleTCPPackage:715) [session.handleTCPPackage] 收到数据，长度: 1, 内容: [10]

[10:42:47 CST 2026/06/11] [INFO] (session.go:github.com/zhukovaskychina/xmysql-server/server/net.(*session).handleTCPPackage:715) [session.handleTCPPackage] 收到数据，长度: 1, 内容: [10]

[10:42:49 CST 2026/06/11] [INFO] (session.go:github.com/zhukovaskychina/xmysql-server/server/net.(*session).handleTCPPackage:715) [session.handleTCPPackage] 收到数据，长度: 1, 内容: [10]

[10:42:52 CST 2026/06/11] [INFO] (session.go:github.com/zhukovaskychina/xmysql-server/server/net.(*session).handleTCPPackage:715) [session.handleTCPPackage] 收到数据，长度: 1, 内容: [10]

[10:43:06 CST 2026/06/11] [INFO] (main.go:main.main:61) Logger initialized successfully with level: info

[10:43:06 CST 2026/06/11] [INFO] (main.go:main.main:63) XMySQL Server starting...
[10:43:06 CST 2026/06/11] [WARN] (mysql_user_data.go:github.com/zhukovaskychina/xmysql-server/server/innodb/manager.(*StorageManager).InitializeMySQLUserData:781) Warning: Enhanced B+tree verification warning: consistency check failed: page 64 record count mismatch
[10:43:06 CST 2026/06/11] [INFO] (enginx.go:github.com/zhukovaskychina/xmysql-server/server/innodb/engine.(*XMySQLEngine).initRecoveryLayer:239) No checkpoint found, starting recovery from LSN 0
[10:43:06 CST 2026/06/11] [WARN] (mysql_user_data.go:github.com/zhukovaskychina/xmysql-server/server/innodb/manager.(*StorageManager).InitializeMySQLUserData:781) Warning: Enhanced B+tree verification warning: consistency check failed: page 64 record count mismatch
[10:43:06 CST 2026/06/11] [INFO] (enginx.go:github.com/zhukovaskychina/xmysql-server/server/innodb/engine.(*XMySQLEngine).initRecoveryLayer:239) No checkpoint found, starting recovery from LSN 0
[10:43:06 CST 2026/06/11] [INFO] (main.go:main.main:67) Starting MySQL server...
[10:43:06 CST 2026/06/11] [INFO] (enginx.go:github.com/zhukovaskychina/xmysql-server/server/innodb/engine.(*XMySQLEngine).Start:76) 🚀 Starting XMySQL Engine...
[10:43:06 CST 2026/06/11] [INFO] (enginx.go:github.com/zhukovaskychina/xmysql-server/server/innodb/engine.(*XMySQLEngine).Start:80) 🏥 Performing crash recovery...
[10:43:06 CST 2026/06/11] [INFO] (enginx.go:github.com/zhukovaskychina/xmysql-server/server/innodb/engine.(*XMySQLEngine).Start:84) ✅ Crash recovery completed successfully
[10:43:06 CST 2026/06/11] [INFO] (enginx.go:github.com/zhukovaskychina/xmysql-server/server/innodb/engine.(*XMySQLEngine).Start:91) 💾 Starting Checkpoint Manager...
[10:43:06 CST 2026/06/11] [INFO] (storage_integrated_checkpoint.go:github.com/zhukovaskychina/xmysql-server/server/innodb/engine.(*CheckpointManager).Start:103) 🚀 启动检查点管理器
[10:43:06 CST 2026/06/11] [INFO] (storage_integrated_checkpoint.go:github.com/zhukovaskychina/xmysql-server/server/innodb/engine.(*CheckpointManager).Start:117) 📄 没有找到有效的检查点，将从头开始
[10:43:06 CST 2026/06/11] [INFO] (storage_integrated_checkpoint.go:github.com/zhukovaskychina/xmysql-server/server/innodb/engine.(*CheckpointManager).Start:122)  检查点管理器启动成功
[10:43:06 CST 2026/06/11] [INFO] (enginx.go:github.com/zhukovaskychina/xmysql-server/server/innodb/engine.(*XMySQLEngine).Start:97) ✅ XMySQL Engine started successfully
[10:43:07 CST 2026/06/11] [INFO] (session.go:github.com/zhukovaskychina/xmysql-server/server/net.(*session).handleTCPPackage:715) [session.handleTCPPackage] 收到数据，长度: 1, 内容: [10]

[10:43:07 CST 2026/06/11] [INFO] (session.go:github.com/zhukovaskychina/xmysql-server/server/net.(*session).handleTCPPackage:715) [session.handleTCPPackage] 收到数据，长度: 90, 内容: [86 0 0 1 141 162 10 0 0 0 0 0 33 0 0 0 0 0 0 0 0 0 0 0 0 0 0 0 0 0 0 0 0 0 0 0 114 111 111 116 0 20 69 196 206 183 190 9 44 167 118 139 132 228 244 209 202 124 84 133 19 13 109 121 115 113 108 0 109 121 115 113 108 95 110 97 116 105 118 101 95 112 97 115 115 119 111 114 100 0]

[10:43:07 CST 2026/06/11] [WARN] (mysql_user_data.go:github.com/zhukovaskychina/xmysql-server/server/innodb/manager.(*StorageManager).QueryMySQLUser:835) Warning: Primary index not found due to metadata persistence issue
[10:43:07 CST 2026/06/11] [WARN] (mysql_user_data.go:github.com/zhukovaskychina/xmysql-server/server/innodb/manager.(*StorageManager).QueryMySQLUser:836) Falling back to hardcoded user lookup for: root@localhost
[10:43:07 CST 2026/06/11] [WARN] (mysql_user_data.go:github.com/zhukovaskychina/xmysql-server/server/innodb/manager.(*StorageManager).QueryMySQLUser:835) Warning: Primary index not found due to metadata persistence issue
[10:43:07 CST 2026/06/11] [WARN] (mysql_user_data.go:github.com/zhukovaskychina/xmysql-server/server/innodb/manager.(*StorageManager).QueryMySQLUser:836) Falling back to hardcoded user lookup for: root@localhost
[10:43:07 CST 2026/06/11] [INFO] (session.go:github.com/zhukovaskychina/xmysql-server/server/net.(*session).handleTCPPackage:715) [session.handleTCPPackage] 收到数据，长度: 90, 内容: [86 0 0 1 141 162 10 0 0 0 0 0 33 0 0 0 0 0 0 0 0 0 0 0 0 0 0 0 0 0 0 0 0 0 0 0 114 111 111 116 0 20 174 77 2 123 211 111 211 254 215 133 71 188 48 225 223 112 255 233 183 40 109 121 115 113 108 0 109 121 115 113 108 95 110 97 116 105 118 101 95 112 97 115 115 119 111 114 100 0]

[10:43:07 CST 2026/06/11] [INFO] (session.go:github.com/zhukovaskychina/xmysql-server/server/net.(*session).handleTCPPackage:715) [session.handleTCPPackage] 收到数据，长度: 1, 内容: [10]

[10:43:09 CST 2026/06/11] [INFO] (session.go:github.com/zhukovaskychina/xmysql-server/server/net.(*session).handleTCPPackage:715) [session.handleTCPPackage] 收到数据，长度: 1, 内容: [10]

[10:43:10 CST 2026/06/11] [INFO] (session.go:github.com/zhukovaskychina/xmysql-server/server/net.(*session).handleTCPPackage:715) [session.handleTCPPackage] 收到数据，长度: 1, 内容: [10]

[10:43:11 CST 2026/06/11] [INFO] (session.go:github.com/zhukovaskychina/xmysql-server/server/net.(*session).handleTCPPackage:715) [session.handleTCPPackage] 收到数据，长度: 1, 内容: [10]

[10:43:12 CST 2026/06/11] [INFO] (session.go:github.com/zhukovaskychina/xmysql-server/server/net.(*session).handleTCPPackage:715) [session.handleTCPPackage] 收到数据，长度: 1, 内容: [10]

[10:43:13 CST 2026/06/11] [INFO] (session.go:github.com/zhukovaskychina/xmysql-server/server/net.(*session).handleTCPPackage:715) [session.handleTCPPackage] 收到数据，长度: 1, 内容: [10]

[10:43:14 CST 2026/06/11] [INFO] (session.go:github.com/zhukovaskychina/xmysql-server/server/net.(*session).handleTCPPackage:715) [session.handleTCPPackage] 收到数据，长度: 1, 内容: [10]

[10:43:15 CST 2026/06/11] [INFO] (session.go:github.com/zhukovaskychina/xmysql-server/server/net.(*session).handleTCPPackage:715) [session.handleTCPPackage] 收到数据，长度: 1, 内容: [10]

[10:43:17 CST 2026/06/11] [INFO] (session.go:github.com/zhukovaskychina/xmysql-server/server/net.(*session).handleTCPPackage:715) [session.handleTCPPackage] 收到数据，长度: 1, 内容: [10]

[10:43:18 CST 2026/06/11] [INFO] (session.go:github.com/zhukovaskychina/xmysql-server/server/net.(*session).handleTCPPackage:715) [session.handleTCPPackage] 收到数据，长度: 1, 内容: [10]

[10:43:19 CST 2026/06/11] [INFO] (session.go:github.com/zhukovaskychina/xmysql-server/server/net.(*session).handleTCPPackage:715) [session.handleTCPPackage] 收到数据，长度: 1, 内容: [10]

[10:43:20 CST 2026/06/11] [INFO] (session.go:github.com/zhukovaskychina/xmysql-server/server/net.(*session).handleTCPPackage:715) [session.handleTCPPackage] 收到数据，长度: 1, 内容: [10]

[10:43:21 CST 2026/06/11] [INFO] (session.go:github.com/zhukovaskychina/xmysql-server/server/net.(*session).handleTCPPackage:715) [session.handleTCPPackage] 收到数据，长度: 1, 内容: [10]

[10:43:22 CST 2026/06/11] [INFO] (session.go:github.com/zhukovaskychina/xmysql-server/server/net.(*session).handleTCPPackage:715) [session.handleTCPPackage] 收到数据，长度: 1, 内容: [10]

[10:43:23 CST 2026/06/11] [INFO] (session.go:github.com/zhukovaskychina/xmysql-server/server/net.(*session).handleTCPPackage:715) [session.handleTCPPackage] 收到数据，长度: 1, 内容: [10]

[10:43:24 CST 2026/06/11] [INFO] (session.go:github.com/zhukovaskychina/xmysql-server/server/net.(*session).handleTCPPackage:715) [session.handleTCPPackage] 收到数据，长度: 1, 内容: [10]

[10:43:25 CST 2026/06/11] [INFO] (session.go:github.com/zhukovaskychina/xmysql-server/server/net.(*session).handleTCPPackage:715) [session.handleTCPPackage] 收到数据，长度: 1, 内容: [10]

[10:43:27 CST 2026/06/11] [INFO] (session.go:github.com/zhukovaskychina/xmysql-server/server/net.(*session).handleTCPPackage:715) [session.handleTCPPackage] 收到数据，长度: 1, 内容: [10]

[10:43:28 CST 2026/06/11] [INFO] (session.go:github.com/zhukovaskychina/xmysql-server/server/net.(*session).handleTCPPackage:715) [session.handleTCPPackage] 收到数据，长度: 1, 内容: [10]

[10:43:29 CST 2026/06/11] [INFO] (session.go:github.com/zhukovaskychina/xmysql-server/server/net.(*session).handleTCPPackage:715) [session.handleTCPPackage] 收到数据，长度: 1, 内容: [10]

[10:43:30 CST 2026/06/11] [INFO] (session.go:github.com/zhukovaskychina/xmysql-server/server/net.(*session).handleTCPPackage:715) [session.handleTCPPackage] 收到数据，长度: 1, 内容: [10]

[10:43:31 CST 2026/06/11] [INFO] (session.go:github.com/zhukovaskychina/xmysql-server/server/net.(*session).handleTCPPackage:715) [session.handleTCPPackage] 收到数据，长度: 1, 内容: [10]

[10:43:32 CST 2026/06/11] [INFO] (session.go:github.com/zhukovaskychina/xmysql-server/server/net.(*session).handleTCPPackage:715) [session.handleTCPPackage] 收到数据，长度: 1, 内容: [10]

[10:43:33 CST 2026/06/11] [INFO] (session.go:github.com/zhukovaskychina/xmysql-server/server/net.(*session).handleTCPPackage:715) [session.handleTCPPackage] 收到数据，长度: 1, 内容: [10]

[10:43:34 CST 2026/06/11] [INFO] (session.go:github.com/zhukovaskychina/xmysql-server/server/net.(*session).handleTCPPackage:715) [session.handleTCPPackage] 收到数据，长度: 1, 内容: [10]

[10:43:35 CST 2026/06/11] [INFO] (session.go:github.com/zhukovaskychina/xmysql-server/server/net.(*session).handleTCPPackage:715) [session.handleTCPPackage] 收到数据，长度: 1, 内容: [10]

[10:43:36 CST 2026/06/11] [INFO] (session.go:github.com/zhukovaskychina/xmysql-server/server/net.(*session).handleTCPPackage:715) [session.handleTCPPackage] 收到数据，长度: 1, 内容: [10]

[10:43:37 CST 2026/06/11] [INFO] (session.go:github.com/zhukovaskychina/xmysql-server/server/net.(*session).handleTCPPackage:715) [session.handleTCPPackage] 收到数据，长度: 1, 内容: [10]

[10:43:38 CST 2026/06/11] [INFO] (session.go:github.com/zhukovaskychina/xmysql-server/server/net.(*session).handleTCPPackage:715) [session.handleTCPPackage] 收到数据，长度: 1, 内容: [10]

[10:43:39 CST 2026/06/11] [INFO] (session.go:github.com/zhukovaskychina/xmysql-server/server/net.(*session).handleTCPPackage:715) [session.handleTCPPackage] 收到数据，长度: 1, 内容: [10]

