=== [undo] 2026-04-25T19:32:09+08:00 ===
pattern: ^(TestTXN002_|TestUndoRollbackWithCLR|TestPartialRollback|TestSavepoint_|TestUndoLogManager|TestCrashRecoveryUndoPhase)$
command: go test -count=1 -timeout=300s ./server/innodb/manager/ -run '^(TestTXN002_|TestUndoRollbackWithCLR|TestPartialRollback|TestSavepoint_|TestUndoLogManager|TestCrashRecoveryUndoPhase)$' -v

=== RUN   TestCrashRecoveryUndoPhase
--- PASS: TestCrashRecoveryUndoPhase (0.05s)
=== RUN   TestUndoRollbackWithCLR
=== RUN   TestUndoRollbackWithCLR/测试INSERT回滚（生成DELETE）
    undo_rollback_fix_test.go:107: ✓ INSERT回滚测试通过
=== RUN   TestUndoRollbackWithCLR/测试CLR幂等性_-_同一事务内重复日志
    undo_rollback_fix_test.go:148: ✓ CLR幂等性测试通过
=== RUN   TestUndoRollbackWithCLR/测试DELETE回滚（重新插入）
    undo_rollback_fix_test.go:179: ✓ DELETE回滚测试通过
--- PASS: TestUndoRollbackWithCLR (0.08s)
    --- PASS: TestUndoRollbackWithCLR/测试INSERT回滚（生成DELETE） (0.02s)
    --- PASS: TestUndoRollbackWithCLR/测试CLR幂等性_-_同一事务内重复日志 (0.04s)
    --- PASS: TestUndoRollbackWithCLR/测试DELETE回滚（重新插入） (0.02s)
=== RUN   TestPartialRollback
=== RUN   TestPartialRollback/测试回滚到保存点
    undo_rollback_fix_test.go:287: ✓ 部分回滚测试通过
--- PASS: TestPartialRollback (0.10s)
    --- PASS: TestPartialRollback/测试回滚到保存点 (0.10s)
=== RUN   TestUndoLogManager
    log_recovery_example_test.go:199: Undo Log Stats: ActiveTxns=1, TotalLogs=1
--- PASS: TestUndoLogManager (0.02s)
PASS
ok  	github.com/zhukovaskychina/xmysql-server/server/innodb/manager	1.010s
